Archive member included to satisfy reference by file (symbol)

c:/users/franco/appdata/local/arduino15/packages/arduino/tools/arm-none-eabi-gcc/7-2017q4/bin/../lib/gcc/arm-none-eabi/7.2.1/thumb/v6-m\libgcc.a(_udivsi3.o)
                              build/NeoPixels.o (__aeabi_uidiv)
c:/users/franco/appdata/local/arduino15/packages/arduino/tools/arm-none-eabi-gcc/7-2017q4/bin/../lib/gcc/arm-none-eabi/7.2.1/thumb/v6-m\libgcc.a(_divsi3.o)
                              build/NeoPixels.o (__aeabi_idiv)
c:/users/franco/appdata/local/arduino15/packages/arduino/tools/arm-none-eabi-gcc/7-2017q4/bin/../lib/gcc/arm-none-eabi/7.2.1/thumb/v6-m\libgcc.a(_dvmd_tls.o)
                              c:/users/franco/appdata/local/arduino15/packages/arduino/tools/arm-none-eabi-gcc/7-2017q4/bin/../lib/gcc/arm-none-eabi/7.2.1/thumb/v6-m\libgcc.a(_udivsi3.o) (__aeabi_idiv0)
c:/users/franco/appdata/local/arduino15/packages/arduino/tools/arm-none-eabi-gcc/7-2017q4/bin/../lib/gcc/arm-none-eabi/7.2.1/../../../../arm-none-eabi/lib/thumb/v6-m\libc_nano.a(lib_a-exit.o)
                              c:/users/franco/appdata/local/arduino15/packages/arduino/tools/arm-none-eabi-gcc/7-2017q4/bin/../lib/gcc/arm-none-eabi/7.2.1/../../../../arm-none-eabi/lib/thumb/v6-m/crt0.o (exit)
c:/users/franco/appdata/local/arduino15/packages/arduino/tools/arm-none-eabi-gcc/7-2017q4/bin/../lib/gcc/arm-none-eabi/7.2.1/../../../../arm-none-eabi/lib/thumb/v6-m\libc_nano.a(lib_a-impure.o)
                              c:/users/franco/appdata/local/arduino15/packages/arduino/tools/arm-none-eabi-gcc/7-2017q4/bin/../lib/gcc/arm-none-eabi/7.2.1/../../../../arm-none-eabi/lib/thumb/v6-m\libc_nano.a(lib_a-exit.o) (_global_impure_ptr)
c:/users/franco/appdata/local/arduino15/packages/arduino/tools/arm-none-eabi-gcc/7-2017q4/bin/../lib/gcc/arm-none-eabi/7.2.1/../../../../arm-none-eabi/lib/thumb/v6-m\libc_nano.a(lib_a-init.o)
                              c:/users/franco/appdata/local/arduino15/packages/arduino/tools/arm-none-eabi-gcc/7-2017q4/bin/../lib/gcc/arm-none-eabi/7.2.1/../../../../arm-none-eabi/lib/thumb/v6-m/crt0.o (__libc_init_array)
c:/users/franco/appdata/local/arduino15/packages/arduino/tools/arm-none-eabi-gcc/7-2017q4/bin/../lib/gcc/arm-none-eabi/7.2.1/../../../../arm-none-eabi/lib/thumb/v6-m\libc_nano.a(lib_a-malloc.o)
                              build/NeoPixels.o (malloc)
c:/users/franco/appdata/local/arduino15/packages/arduino/tools/arm-none-eabi-gcc/7-2017q4/bin/../lib/gcc/arm-none-eabi/7.2.1/../../../../arm-none-eabi/lib/thumb/v6-m\libc_nano.a(lib_a-memcpy-stub.o)
                              build/board_driver_usb.o (memcpy)
c:/users/franco/appdata/local/arduino15/packages/arduino/tools/arm-none-eabi-gcc/7-2017q4/bin/../lib/gcc/arm-none-eabi/7.2.1/../../../../arm-none-eabi/lib/thumb/v6-m\libc_nano.a(lib_a-memset.o)
                              c:/users/franco/appdata/local/arduino15/packages/arduino/tools/arm-none-eabi-gcc/7-2017q4/bin/../lib/gcc/arm-none-eabi/7.2.1/../../../../arm-none-eabi/lib/thumb/v6-m/crt0.o (memset)
c:/users/franco/appdata/local/arduino15/packages/arduino/tools/arm-none-eabi-gcc/7-2017q4/bin/../lib/gcc/arm-none-eabi/7.2.1/../../../../arm-none-eabi/lib/thumb/v6-m\libc_nano.a(lib_a-nano-freer.o)
                              c:/users/franco/appdata/local/arduino15/packages/arduino/tools/arm-none-eabi-gcc/7-2017q4/bin/../lib/gcc/arm-none-eabi/7.2.1/../../../../arm-none-eabi/lib/thumb/v6-m\libc_nano.a(lib_a-malloc.o) (_free_r)
c:/users/franco/appdata/local/arduino15/packages/arduino/tools/arm-none-eabi-gcc/7-2017q4/bin/../lib/gcc/arm-none-eabi/7.2.1/../../../../arm-none-eabi/lib/thumb/v6-m\libc_nano.a(lib_a-nano-mallocr.o)
                              c:/users/franco/appdata/local/arduino15/packages/arduino/tools/arm-none-eabi-gcc/7-2017q4/bin/../lib/gcc/arm-none-eabi/7.2.1/../../../../arm-none-eabi/lib/thumb/v6-m\libc_nano.a(lib_a-malloc.o) (_malloc_r)
c:/users/franco/appdata/local/arduino15/packages/arduino/tools/arm-none-eabi-gcc/7-2017q4/bin/../lib/gcc/arm-none-eabi/7.2.1/../../../../arm-none-eabi/lib/thumb/v6-m\libc_nano.a(lib_a-random.o)
                              build/NeoPixels.o (random)
c:/users/franco/appdata/local/arduino15/packages/arduino/tools/arm-none-eabi-gcc/7-2017q4/bin/../lib/gcc/arm-none-eabi/7.2.1/../../../../arm-none-eabi/lib/thumb/v6-m\libc_nano.a(lib_a-sbrkr.o)
                              c:/users/franco/appdata/local/arduino15/packages/arduino/tools/arm-none-eabi-gcc/7-2017q4/bin/../lib/gcc/arm-none-eabi/7.2.1/../../../../arm-none-eabi/lib/thumb/v6-m\libc_nano.a(lib_a-nano-mallocr.o) (_sbrk_r)
c:/users/franco/appdata/local/arduino15/packages/arduino/tools/arm-none-eabi-gcc/7-2017q4/bin/../lib/gcc/arm-none-eabi/7.2.1/../../../../arm-none-eabi/lib/thumb/v6-m\libc_nano.a(lib_a-strlen.o)
                              build/sam_ba_usb.o (strlen)
[...]
Memory Configuration

Name             Origin             Length             Attributes
FLASH            0x00000000         0x00004000         xr
RAM              0x20000000         0x00007ffc         xrw
*default*        0x00000000         0xffffffff

Linker script and memory map

LOAD c:/users/franco/appdata/local/arduino15/packages/arduino/tools/arm-none-eabi-gcc/7-2017q4/bin/../lib/gcc/arm-none-eabi/7.2.1/thumb/v6-m/crti.o
LOAD c:/users/franco/appdata/local/arduino15/packages/arduino/tools/arm-none-eabi-gcc/7-2017q4/bin/../lib/gcc/arm-none-eabi/7.2.1/thumb/v6-m/crtbegin.o
LOAD c:/users/franco/appdata/local/arduino15/packages/arduino/tools/arm-none-eabi-gcc/7-2017q4/bin/../lib/gcc/arm-none-eabi/7.2.1/../../../../arm-none-eabi/lib/thumb/v6-m/crt0.o
START GROUP
LOAD build/board_driver_led.o
LOAD build/extEEPROM.o
LOAD build/NeoPixels.o
LOAD build/system_samd21.o
LOAD build/board_driver_i2c.o
LOAD build/board_driver_pmic.o
LOAD build/board_driver_jtag.o
LOAD build/board_driver_serial.o
LOAD build/board_driver_usb.o
LOAD build/board_init.o
LOAD build/board_startup.o
LOAD build/main.o
LOAD build/sam_ba_usb.o
LOAD build/sam_ba_cdc.o
LOAD build/sam_ba_monitor.o
LOAD build/sam_ba_serial.o
LOAD c:/users/franco/appdata/local/arduino15/packages/arduino/tools/arm-none-eabi-gcc/7-2017q4/bin/../lib/gcc/arm-none-eabi/7.2.1/../../../../arm-none-eabi/lib/thumb/v6-m\libm.a
END GROUP
START GROUP
LOAD c:/users/franco/appdata/local/arduino15/packages/arduino/tools/arm-none-eabi-gcc/7-2017q4/bin/../lib/gcc/arm-none-eabi/7.2.1/thumb/v6-m\libgcc.a
LOAD c:/users/franco/appdata/local/arduino15/packages/arduino/tools/arm-none-eabi-gcc/7-2017q4/bin/../lib/gcc/arm-none-eabi/7.2.1/../../../../arm-none-eabi/lib/thumb/v6-m\libc_nano.a
END GROUP
START GROUP
LOAD c:/users/franco/appdata/local/arduino15/packages/arduino/tools/arm-none-eabi-gcc/7-2017q4/bin/../lib/gcc/arm-none-eabi/7.2.1/thumb/v6-m\libgcc.a
LOAD c:/users/franco/appdata/local/arduino15/packages/arduino/tools/arm-none-eabi-gcc/7-2017q4/bin/../lib/gcc/arm-none-eabi/7.2.1/../../../../arm-none-eabi/lib/thumb/v6-m\libc_nano.a
LOAD c:/users/franco/appdata/local/arduino15/packages/arduino/tools/arm-none-eabi-gcc/7-2017q4/bin/../lib/gcc/arm-none-eabi/7.2.1/../../../../arm-none-eabi/lib/thumb/v6-m\libnosys.a
END GROUP
START GROUP
LOAD c:/users/franco/appdata/local/arduino15/packages/arduino/tools/arm-none-eabi-gcc/7-2017q4/bin/../lib/gcc/arm-none-eabi/7.2.1/thumb/v6-m\libgcc.a
LOAD c:/users/franco/appdata/local/arduino15/packages/arduino/tools/arm-none-eabi-gcc/7-2017q4/bin/../lib/gcc/arm-none-eabi/7.2.1/../../../../arm-none-eabi/lib/thumb/v6-m\libc_nano.a
LOAD c:/users/franco/appdata/local/arduino15/packages/arduino/tools/arm-none-eabi-gcc/7-2017q4/bin/../lib/gcc/arm-none-eabi/7.2.1/../../../../arm-none-eabi/lib/thumb/v6-m\libnosys.a
END GROUP
LOAD c:/users/franco/appdata/local/arduino15/packages/arduino/tools/arm-none-eabi-gcc/7-2017q4/bin/../lib/gcc/arm-none-eabi/7.2.1/thumb/v6-m/crtend.o
LOAD c:/users/franco/appdata/local/arduino15/packages/arduino/tools/arm-none-eabi-gcc/7-2017q4/bin/../lib/gcc/arm-none-eabi/7.2.1/thumb/v6-m/crtn.o
                0x00000000                . = ORIGIN (FLASH)

.vectors        0x00000000       0x40
 *(.isr_vector)
 .isr_vector    0x00000000       0x40 build/board_startup.o
                0x00000000                exception_table

.text           0x00000040     0x2b58
 *(.text*)
 .text          0x00000040       0x48 c:/users/franco/appdata/local/arduino15/packages/arduino/tools/arm-none-eabi-gcc/7-2017q4/bin/../lib/gcc/arm-none-eabi/7.2.1/thumb/v6-m/crtbegin.o
 .text.LED_pulse
                0x00000088       0xe0 build/board_driver_led.o
                0x00000088                LED_pulse
 .text.extEEPROMWriteChunk
                0x00000168       0x40 build/extEEPROM.o
                0x00000168                extEEPROMWriteChunk
 .text.extEEPROMReadChunk
                0x000001a8       0x4a build/extEEPROM.o
                0x000001a8                extEEPROMReadChunk
 *fill*         0x000001f2        0x2 
 .text.pixelsBegin
                0x000001f4       0xa8 build/NeoPixels.o
                0x000001f4                pixelsBegin
 .text.pixelsShow
                0x0000029c       0xf0 build/NeoPixels.o
                0x0000029c                pixelsShow
 .text.setPixelColor
                0x0000038c       0x6c build/NeoPixels.o
                0x0000038c                setPixelColor
 .text.setBrightness
                0x000003f8       0x8c build/NeoPixels.o
                0x000003f8                setBrightness
 .text.i2c_init
                0x00000484       0xc4 build/board_driver_i2c.o
                0x00000484                i2c_init
 .text.i2c_end  0x00000548       0x18 build/board_driver_i2c.o
                0x00000548                i2c_end
 .text.i2c_requestFrom
                0x00000560      0x144 build/board_driver_i2c.o
                0x00000560                i2c_requestFrom
 .text.i2c_beginTransmission
                0x000006a4       0x14 build/board_driver_i2c.o
                0x000006a4                i2c_beginTransmission
 .text.i2c_endTransmission
                0x000006b8      0x13c build/board_driver_i2c.o
                0x000006b8                i2c_endTransmission
 .text.i2c_write
                0x000007f4       0x18 build/board_driver_i2c.o
                0x000007f4                i2c_write
 .text.i2c_read
                0x0000080c        0xc build/board_driver_i2c.o
                0x0000080c                i2c_read
 .text.readRegister
                0x00000818       0x34 build/board_driver_pmic.o
                0x00000818                readRegister
 .text.writeRegister
                0x0000084c       0x22 build/board_driver_pmic.o
                0x0000084c                writeRegister
 .text.disableWatchdog
                0x0000086e       0x20 build/board_driver_pmic.o
                0x0000086e                disableWatchdog
 *fill*         0x0000088e        0x2 
 .text.setInputVoltageLimit
                0x00000890      0x1a0 build/board_driver_pmic.o
                0x00000890                setInputVoltageLimit
 .text.setInputCurrentLimit
                0x00000a30       0xc0 build/board_driver_pmic.o
                0x00000a30                setInputCurrentLimit
 .text.setChargeCurrent
                0x00000af0       0x4e build/board_driver_pmic.o
                0x00000af0                setChargeCurrent
 *fill*         0x00000b3e        0x2 
 .text.setChargeVoltage
                0x00000b40       0x44 build/board_driver_pmic.o
                0x00000b40                setChargeVoltage
 .text.disableCharge
                0x00000b84       0x16 build/board_driver_pmic.o
                0x00000b84                disableCharge
 *fill*         0x00000b9a        0x2 
 .text.apply_pmic_newdefaults
                0x00000b9c       0x50 build/board_driver_pmic.o
                0x00000b9c                apply_pmic_newdefaults
 .text.configure_pmic
                0x00000bec       0x14 build/board_driver_pmic.o
                0x00000bec                configure_pmic
 .text.uart_basic_init
                0x00000c00       0x58 build/board_driver_serial.o
                0x00000c00                uart_basic_init
 .text.uart_write_byte
                0x00000c58        0xc build/board_driver_serial.o
                0x00000c58                uart_write_byte
 .text.uart_read_byte
                0x00000c64       0x28 build/board_driver_serial.o
                0x00000c64                uart_read_byte
 .text.USB_IsConfigured
                0x00000c8c       0x90 build/board_driver_usb.o
                0x00000c8c                USB_IsConfigured
 .text.USB_Open
                0x00000d1c       0x1c build/board_driver_usb.o
                0x00000d1c                USB_Open
 .text.USB_Init
                0x00000d38      0x10c build/board_driver_usb.o
                0x00000d38                USB_Init
 .text.USB_Write
                0x00000e44       0xa4 build/board_driver_usb.o
                0x00000e44                USB_Write
 .text.USB_Read
                0x00000ee8       0x88 build/board_driver_usb.o
                0x00000ee8                USB_Read
 .text.USB_SendStall
                0x00000f70       0x20 build/board_driver_usb.o
                0x00000f70                USB_SendStall
 .text.USB_SendZlp
                0x00000f90       0x30 build/board_driver_usb.o
                0x00000f90                USB_SendZlp
 .text.USB_SetAddress
                0x00000fc0        0xc build/board_driver_usb.o
                0x00000fc0                USB_SetAddress
 .text.USB_Configure
                0x00000fcc       0x68 build/board_driver_usb.o
                0x00000fcc                USB_Configure
 .text.gclk_sync
                0x00001034       0x10 build/board_init.o
 .text.dfll_sync
                0x00001044       0x10 build/board_init.o
 .text.board_init
                0x00001054       0xe0 build/board_init.o
                0x00001054                board_init
 .text.NMI_Handler
                0x00001134        0x4 build/board_startup.o
                0x00001134                NMI_Handler
 .text.HardFault_Handler
                0x00001138        0x4 build/board_startup.o
                0x00001138                HardFault_Handler
 .text.SVC_Handler
                0x0000113c        0x4 build/board_startup.o
                0x0000113c                SVC_Handler
 .text.PendSV_Handler
                0x00001140        0x4 build/board_startup.o
                0x00001140                PendSV_Handler
 .text.Reset_Handler
                0x00001144       0x74 build/board_startup.o
                0x00001144                Reset_Handler
 .text.main     0x000011b8      0x188 build/main.o
                0x000011b8                main
 .text.SysTick_Handler
                0x00001340        0xc build/main.o
                0x00001340                SysTick_Handler
 .text.usb_init
                0x0000134c       0x20 build/sam_ba_usb.o
                0x0000134c                usb_init
 .text.USB_SendString
                0x0000136c       0x5c build/sam_ba_usb.o
                0x0000136c                USB_SendString
 .text.sam_ba_usb_CDC_Enumerate
                0x000013c8      0x474 build/sam_ba_usb.o
                0x000013c8                sam_ba_usb_CDC_Enumerate
 .text.cdc_putc
                0x0000183c       0x20 build/sam_ba_cdc.o
                0x0000183c                cdc_putc
 .text.cdc_getc
                0x0000185c       0x20 build/sam_ba_cdc.o
                0x0000185c                cdc_getc
 .text.cdc_is_rx_ready
                0x0000187c       0x24 build/sam_ba_cdc.o
                0x0000187c                cdc_is_rx_ready
 .text.cdc_write_buf
                0x000018a0       0x1c build/sam_ba_cdc.o
                0x000018a0                cdc_write_buf
 .text.cdc_read_buf
                0x000018bc       0x2c build/sam_ba_cdc.o
                0x000018bc                cdc_read_buf
 .text.cdc_read_buf_xmd
                0x000018e8       0x38 build/sam_ba_cdc.o
                0x000018e8                cdc_read_buf_xmd
 .text.sam_ba_putdata
                0x00001920       0x24 build/sam_ba_monitor.o
 .text.sam_ba_monitor_init
                0x00001944       0x30 build/sam_ba_monitor.o
                0x00001944                sam_ba_monitor_init
 .text.sam_ba_putdata_term
                0x00001974       0x94 build/sam_ba_monitor.o
                0x00001974                sam_ba_putdata_term
 .text.call_applet
                0x00001a08       0x20 build/sam_ba_monitor.o
                0x00001a08                call_applet
 .text.sam_ba_monitor_sys_tick
                0x00001a28       0x50 build/sam_ba_monitor.o
                0x00001a28                sam_ba_monitor_sys_tick
 .text.sam_ba_monitor_run
                0x00001a78      0x5d0 build/sam_ba_monitor.o
                0x00001a78                sam_ba_monitor_run
 .text.serial_open
                0x00002048       0xac build/sam_ba_serial.o
                0x00002048                serial_open
 .text.serial_putc
                0x000020f4       0x14 build/sam_ba_serial.o
                0x000020f4                serial_putc
 .text.serial_is_rx_ready
                0x00002108       0x10 build/sam_ba_serial.o
                0x00002108                serial_is_rx_ready
 .text.serial_getc
                0x00002118       0x18 build/sam_ba_serial.o
                0x00002118                serial_getc
 .text.serial_sharp_received
                0x00002130       0x1c build/sam_ba_serial.o
                0x00002130                serial_sharp_received
 .text.serial_putdata
                0x0000214c       0x1a build/sam_ba_serial.o
                0x0000214c                serial_putdata
 .text.serial_getdata
                0x00002166        0xe build/sam_ba_serial.o
                0x00002166                serial_getdata
 .text.serial_add_crc
                0x00002174       0x18 build/sam_ba_serial.o
                0x00002174                serial_add_crc
 .text.serial_putdata_xmd
                0x0000218c      0x150 build/sam_ba_serial.o
                0x0000218c                serial_putdata_xmd
 .text.getbytes
                0x000022dc       0x88 build/sam_ba_serial.o
 .text.serial_getdata_xmd
                0x00002364      0x110 build/sam_ba_serial.o
                0x00002364                serial_getdata_xmd
 .text          0x00002474      0x114 c:/users/franco/appdata/local/arduino15/packages/arduino/tools/arm-none-eabi-gcc/7-2017q4/bin/../lib/gcc/arm-none-eabi/7.2.1/thumb/v6-m\libgcc.a(_udivsi3.o)
                0x00002474                __aeabi_uidiv
                0x00002474                __udivsi3
                0x00002580                __aeabi_uidivmod
 .text          0x00002588      0x1d4 c:/users/franco/appdata/local/arduino15/packages/arduino/tools/arm-none-eabi-gcc/7-2017q4/bin/../lib/gcc/arm-none-eabi/7.2.1/thumb/v6-m\libgcc.a(_divsi3.o)
                0x00002588                __divsi3
                0x00002588                __aeabi_idiv
                0x00002754                __aeabi_idivmod
 .text          0x0000275c        0x4 c:/users/franco/appdata/local/arduino15/packages/arduino/tools/arm-none-eabi-gcc/7-2017q4/bin/../lib/gcc/arm-none-eabi/7.2.1/thumb/v6-m\libgcc.a(_dvmd_tls.o)
                0x0000275c                __aeabi_idiv0
                0x0000275c                __aeabi_ldiv0
 .text.malloc   0x00002760       0x14 c:/users/franco/appdata/local/arduino15/packages/arduino/tools/arm-none-eabi-gcc/7-2017q4/bin/../lib/gcc/arm-none-eabi/7.2.1/../../../../arm-none-eabi/lib/thumb/v6-m\libc_nano.a(lib_a-malloc.o)
                0x00002760                malloc
 .text.memcpy   0x00002774       0x12 c:/users/franco/appdata/local/arduino15/packages/arduino/tools/arm-none-eabi-gcc/7-2017q4/bin/../lib/gcc/arm-none-eabi/7.2.1/../../../../arm-none-eabi/lib/thumb/v6-m\libc_nano.a(lib_a-memcpy-stub.o)
                0x00002774                memcpy
 .text.memset   0x00002786       0x10 c:/users/franco/appdata/local/arduino15/packages/arduino/tools/arm-none-eabi-gcc/7-2017q4/bin/../lib/gcc/arm-none-eabi/7.2.1/../../../../arm-none-eabi/lib/thumb/v6-m\libc_nano.a(lib_a-memset.o)
                0x00002786                memset
 *fill*         0x00002796        0x2 
 .text._malloc_r
                0x00002798       0xbc c:/users/franco/appdata/local/arduino15/packages/arduino/tools/arm-none-eabi-gcc/7-2017q4/bin/../lib/gcc/arm-none-eabi/7.2.1/../../../../arm-none-eabi/lib/thumb/v6-m\libc_nano.a(lib_a-nano-mallocr.o)
                0x00002798                _malloc_r
 .text._sbrk_r  0x00002854       0x24 c:/users/franco/appdata/local/arduino15/packages/arduino/tools/arm-none-eabi-gcc/7-2017q4/bin/../lib/gcc/arm-none-eabi/7.2.1/../../../../arm-none-eabi/lib/thumb/v6-m\libc_nano.a(lib_a-sbrkr.o)
                0x00002854                _sbrk_r
 .text          0x00002878        0xe c:/users/franco/appdata/local/arduino15/packages/arduino/tools/arm-none-eabi-gcc/7-2017q4/bin/../lib/gcc/arm-none-eabi/7.2.1/../../../../arm-none-eabi/lib/thumb/v6-m\libc_nano.a(lib_a-strlen.o)
                0x00002878                strlen
 .text.__malloc_lock
                0x00002886        0x2 c:/users/franco/appdata/local/arduino15/packages/arduino/tools/arm-none-eabi-gcc/7-2017q4/bin/../lib/gcc/arm-none-eabi/7.2.1/../../../../arm-none-eabi/lib/thumb/v6-m\libc_nano.a(lib_a-mlock.o)
                0x00002886                __malloc_lock
 .text.__malloc_unlock
                0x00002888        0x2 c:/users/franco/appdata/local/arduino15/packages/arduino/tools/arm-none-eabi-gcc/7-2017q4/bin/../lib/gcc/arm-none-eabi/7.2.1/../../../../arm-none-eabi/lib/thumb/v6-m\libc_nano.a(lib_a-mlock.o)
                0x00002888                __malloc_unlock
 *fill*         0x0000288a        0x2 
 .text._sbrk    0x0000288c       0x1c c:/users/franco/appdata/local/arduino15/packages/arduino/tools/arm-none-eabi-gcc/7-2017q4/bin/../lib/gcc/arm-none-eabi/7.2.1/../../../../arm-none-eabi/lib/thumb/v6-m\libnosys.a(sbrk.o)
                0x0000288c                _sbrk
 *(.init)
 .init          0x000028a8        0x4 c:/users/franco/appdata/local/arduino15/packages/arduino/tools/arm-none-eabi-gcc/7-2017q4/bin/../lib/gcc/arm-none-eabi/7.2.1/thumb/v6-m/crti.o
                0x000028a8                _init
 .init          0x000028ac        0x8 c:/users/franco/appdata/local/arduino15/packages/arduino/tools/arm-none-eabi-gcc/7-2017q4/bin/../lib/gcc/arm-none-eabi/7.2.1/thumb/v6-m/crtn.o
 *(.fini)
 .fini          0x000028b4        0x4 c:/users/franco/appdata/local/arduino15/packages/arduino/tools/arm-none-eabi-gcc/7-2017q4/bin/../lib/gcc/arm-none-eabi/7.2.1/thumb/v6-m/crti.o
                0x000028b4                _fini
 .fini          0x000028b8        0x8 c:/users/franco/appdata/local/arduino15/packages/arduino/tools/arm-none-eabi-gcc/7-2017q4/bin/../lib/gcc/arm-none-eabi/7.2.1/thumb/v6-m/crtn.o
 *crtbegin.o(.ctors)
 *crtbegin?.o(.ctors)
 *(EXCLUDE_FILE(*crtend.o *crtend?.o) .ctors)
 *(SORT_BY_NAME(.ctors.*))
 *(.ctors)
 *crtbegin.o(.dtors)
 *crtbegin?.o(.dtors)
 *(EXCLUDE_FILE(*crtend.o *crtend?.o) .dtors)
 *(SORT_BY_NAME(.dtors.*))
 *(.dtors)
 *(.rodata*)
 .rodata        0x000028c0        0x4 build/sam_ba_usb.o
 .rodata.devDescriptor
                0x000028c4       0x12 build/sam_ba_usb.o
 *fill*         0x000028d6        0x2 
 .rodata.sam_ba_usb_CDC_Enumerate.str1.4
                0x000028d8       0x18 build/sam_ba_usb.o
 .rodata        0x000028f0       0x20 build/sam_ba_monitor.o
 .rodata.RomBOOT_ExtendedCapabilities
                0x00002910        0xe build/sam_ba_monitor.o
                0x00002910                RomBOOT_ExtendedCapabilities
 *fill*         0x0000291e        0x2 
 .rodata.RomBOOT_Version
                0x00002920        0x4 build/sam_ba_monitor.o
                0x00002920                RomBOOT_Version
 .rodata.sam_ba_monitor_run.str1.4
                0x00002924       0x38 build/sam_ba_monitor.o
                                 0x36 (size before relaxing)
 .rodata.uart_if
                0x0000295c       0x1c build/sam_ba_monitor.o
                0x0000295c                uart_if
 .rodata.usbcdc_if
                0x00002978       0x1c build/sam_ba_monitor.o
                0x00002978                usbcdc_if
 .rodata.crc16Table
                0x00002994      0x200 build/sam_ba_serial.o
 *(.eh_frame*)
 .eh_frame      0x00002b94        0x0 c:/users/franco/appdata/local/arduino15/packages/arduino/tools/arm-none-eabi-gcc/7-2017q4/bin/../lib/gcc/arm-none-eabi/7.2.1/thumb/v6-m/crtbegin.o
 .eh_frame      0x00002b94        0x4 c:/users/franco/appdata/local/arduino15/packages/arduino/tools/arm-none-eabi-gcc/7-2017q4/bin/../lib/gcc/arm-none-eabi/7.2.1/thumb/v6-m/crtend.o

.glue_7         0x00002b98        0x0
 .glue_7        0x00002b98        0x0 linker stubs

.glue_7t        0x00002b98        0x0
 .glue_7t       0x00002b98        0x0 linker stubs

.vfp11_veneer   0x00002b98        0x0
 .vfp11_veneer  0x00002b98        0x0 linker stubs

.v4_bx          0x00002b98        0x0
 .v4_bx         0x00002b98        0x0 linker stubs

.iplt           0x00002b98        0x0
 .iplt          0x00002b98        0x0 c:/users/franco/appdata/local/arduino15/packages/arduino/tools/arm-none-eabi-gcc/7-2017q4/bin/../lib/gcc/arm-none-eabi/7.2.1/thumb/v6-m/crtbegin.o

.rel.dyn        0x00002b98        0x0
 .rel.iplt      0x00002b98        0x0 c:/users/franco/appdata/local/arduino15/packages/arduino/tools/arm-none-eabi-gcc/7-2017q4/bin/../lib/gcc/arm-none-eabi/7.2.1/thumb/v6-m/crtbegin.o

.ARM.extab
 *(.ARM.extab* .gnu.linkonce.armextab.*)
                0x00002b98                __exidx_start = .

.ARM.exidx
 *(.ARM.exidx* .gnu.linkonce.armexidx.*)
                0x00002b98                __exidx_end = .
                0x00002b98                __etext = .
                0x00004000                PROVIDE (__sketch_vectors_ptr, (ORIGIN (FLASH) + LENGTH (FLASH)))

.data           0x20000000       0xbc load address 0x00002b98
                0x20000000                __data_start__ = .
 *(vtable)
 *(.data*)
 .data.ledDirection
                0x20000000        0x1 build/board_driver_led.o
                0x20000000                ledDirection
 .data.ledTargetValue
                0x20000001        0x1 build/board_driver_led.o
                0x20000001                ledTargetValue
 *fill*         0x20000002        0x2 
 .data.cfgDescriptor
                0x20000004       0x43 build/sam_ba_usb.o
 *fill*         0x20000047        0x1 
 .data.line_coding
                0x20000048        0x8 build/sam_ba_cdc.o
                0x20000048                line_coding
 .data._impure_ptr
                0x20000050        0x4 c:/users/franco/appdata/local/arduino15/packages/arduino/tools/arm-none-eabi-gcc/7-2017q4/bin/../lib/gcc/arm-none-eabi/7.2.1/../../../../arm-none-eabi/lib/thumb/v6-m\libc_nano.a(lib_a-impure.o)
                0x20000050                _impure_ptr
 .data.impure_data
                0x20000054       0x60 c:/users/franco/appdata/local/arduino15/packages/arduino/tools/arm-none-eabi-gcc/7-2017q4/bin/../lib/gcc/arm-none-eabi/7.2.1/../../../../arm-none-eabi/lib/thumb/v6-m\libc_nano.a(lib_a-impure.o)
                0x200000b4                . = ALIGN (0x4)
                0x200000b4                PROVIDE (__preinit_array_start, .)
 *(.preinit_array)
                0x200000b4                PROVIDE (__preinit_array_end, .)
                0x200000b4                . = ALIGN (0x4)
                0x200000b4                PROVIDE (__init_array_start, .)
 *(SORT_BY_NAME(.init_array.*))
 *(.init_array)
 .init_array    0x200000b4        0x4 c:/users/franco/appdata/local/arduino15/packages/arduino/tools/arm-none-eabi-gcc/7-2017q4/bin/../lib/gcc/arm-none-eabi/7.2.1/thumb/v6-m/crtbegin.o
                0x200000b8                PROVIDE (__init_array_end, .)
                0x200000b8                . = ALIGN (0x4)
                [!provide]                PROVIDE (__fini_array_start, .)
 *(SORT_BY_NAME(.fini_array.*))
 *(.fini_array)
 .fini_array    0x200000b8        0x4 c:/users/franco/appdata/local/arduino15/packages/arduino/tools/arm-none-eabi-gcc/7-2017q4/bin/../lib/gcc/arm-none-eabi/7.2.1/thumb/v6-m/crtbegin.o
                [!provide]                PROVIDE (__fini_array_end, .)
 *(.jcr*)
                0x200000bc                . = ALIGN (0x4)
                0x200000bc                __data_end__ = .

.igot.plt       0x200000bc        0x0 load address 0x00002c54
 .igot.plt      0x200000bc        0x0 c:/users/franco/appdata/local/arduino15/packages/arduino/tools/arm-none-eabi-gcc/7-2017q4/bin/../lib/gcc/arm-none-eabi/7.2.1/thumb/v6-m/crtbegin.o

.bss            0x200000bc      0x4a0 load address 0x00002c54
                0x200000bc                . = ALIGN (0x4)
                0x200000bc                __bss_start__ = .
 *(.bss*)
 .bss           0x200000bc       0x1c c:/users/franco/appdata/local/arduino15/packages/arduino/tools/arm-none-eabi-gcc/7-2017q4/bin/../lib/gcc/arm-none-eabi/7.2.1/thumb/v6-m/crtbegin.o
 .bss.ledKeepValue
                0x200000d8        0x1 build/board_driver_led.o
                0x200000d8                ledKeepValue
 .bss.ledState  0x200000d9        0x1 build/board_driver_led.o
                0x200000d9                ledState
 *fill*         0x200000da        0x2 
 .bss.rxBuffer  0x200000dc       0x10 build/board_driver_i2c.o
 .bss.rxBufferLen
                0x200000ec        0x1 build/board_driver_i2c.o
 .bss.txAddress
                0x200000ed        0x1 build/board_driver_i2c.o
 *fill*         0x200000ee        0x2 
 .bss.txBuffer  0x200000f0       0x10 build/board_driver_i2c.o
 .bss.txBufferLen
                0x20000100        0x1 build/board_driver_i2c.o
 .bss.uart_drv_error_flag
                0x20000101        0x1 build/board_driver_serial.o
                0x20000101                uart_drv_error_flag
 .bss.read_job  0x20000102        0x1 build/board_driver_usb.o
 .bss.jump_to_app
                0x20000103        0x1 build/main.o
 .bss.main_b_cdc_enable
                0x20000104        0x1 build/main.o
 .bss.bRequest.10464
                0x20000105        0x1 build/sam_ba_usb.o
 .bss.bmRequestType.10463
                0x20000106        0x1 build/sam_ba_usb.o
 .bss.dir.10465
                0x20000107        0x1 build/sam_ba_usb.o
 .bss.wIndex.10467
                0x20000108        0x2 build/sam_ba_usb.o
 .bss.wLength.10468
                0x2000010a        0x2 build/sam_ba_usb.o
 .bss.wStatus.10469
                0x2000010c        0x2 build/sam_ba_usb.o
 .bss.wValue.10466
                0x2000010e        0x2 build/sam_ba_usb.o
 .bss.b_sam_ba_interface_usart
                0x20000110        0x1 build/sam_ba_monitor.o
                0x20000110                b_sam_ba_interface_usart
 .bss.b_terminal_mode
                0x20000111        0x1 build/sam_ba_monitor.o
                0x20000111                b_terminal_mode
 .bss.rxLEDPulse
                0x20000112        0x2 build/sam_ba_monitor.o
                0x20000112                rxLEDPulse
 .bss.src_buff_addr.11924
                0x20000114        0x4 build/sam_ba_monitor.o
 .bss.txLEDPulse
                0x20000118        0x2 build/sam_ba_monitor.o
                0x20000118                txLEDPulse
 *fill*         0x2000011a        0x2 
 .bss.__malloc_free_list
                0x2000011c        0x4 c:/users/franco/appdata/local/arduino15/packages/arduino/tools/arm-none-eabi-gcc/7-2017q4/bin/../lib/gcc/arm-none-eabi/7.2.1/../../../../arm-none-eabi/lib/thumb/v6-m\libc_nano.a(lib_a-nano-mallocr.o)
                0x2000011c                __malloc_free_list
 .bss.__malloc_sbrk_start
                0x20000120        0x4 c:/users/franco/appdata/local/arduino15/packages/arduino/tools/arm-none-eabi-gcc/7-2017q4/bin/../lib/gcc/arm-none-eabi/7.2.1/../../../../arm-none-eabi/lib/thumb/v6-m\libc_nano.a(lib_a-nano-mallocr.o)
                0x20000120                __malloc_sbrk_start
 .bss.heap_end.4102
                0x20000124        0x4 c:/users/franco/appdata/local/arduino15/packages/arduino/tools/arm-none-eabi-gcc/7-2017q4/bin/../lib/gcc/arm-none-eabi/7.2.1/../../../../arm-none-eabi/lib/thumb/v6-m\libnosys.a(sbrk.o)
 *(COMMON)
 COMMON         0x20000128       0x5e build/NeoPixels.o
                0x20000128                pixels
                0x2000013c                endTime
                0x20000140                numBytes
                0x2000014a                nStrips
                0x2000014c                gOffset
                0x20000154                begun
                0x2000015c                brightness
                0x20000164                bOffset
                0x2000016c                pin
                0x20000174                rOffset
                0x2000017c                numLEDs
 *fill*         0x20000186        0x2 
 COMMON         0x20000188      0x180 build/board_driver_usb.o
                0x20000188                udd_ep_out_cache_buffer
                0x20000208                udd_ep_in_cache_buffer
                0x20000288                usb_endpoint_table
 COMMON         0x20000308        0x4 build/main.o
                0x20000308                pulSketch_Start_Address
 COMMON         0x2000030c        0xc build/sam_ba_usb.o
                0x2000030c                sam_ba_cdc
 COMMON         0x20000318      0x134 build/sam_ba_monitor.o
                0x20000318                j
                0x2000031c                length
                0x20000320                ptr
                0x20000324                command
                0x20000328                MAX_FLASH
                0x2000032c                PAGES
                0x20000330                i
                0x20000334                PAGE_SIZE
                0x20000338                data
                0x20000438                ptr_data
                0x2000043c                ptr_monitor_if
                0x20000440                sp
                0x20000444                current_number
                0x20000448                u32tmp
 COMMON         0x2000044c      0x10c build/sam_ba_serial.o
                0x2000044c                b_sharp_received
                0x2000044d                idx_rx_write
                0x2000044e                size_of_data
                0x20000450                idx_tx_read
                0x20000454                buffer_tx_usart
                0x200004d4                error_timeout
                0x200004d5                mode_of_transfer
                0x200004d6                idx_rx_read
                0x200004d7                idx_tx_write
                0x200004d8                buffer_rx_usart
 COMMON         0x20000558        0x4 c:/users/franco/appdata/local/arduino15/packages/arduino/tools/arm-none-eabi-gcc/7-2017q4/bin/../lib/gcc/arm-none-eabi/7.2.1/../../../../arm-none-eabi/lib/thumb/v6-m\libc_nano.a(lib_a-reent.o)
                0x20000558                errno
                0x2000055c                . = ALIGN (0x4)
                0x2000055c                __bss_end__ = .

.heap           0x2000055c        0x0
                0x2000055c                __end__ = .
                0x2000055c                PROVIDE (end, .)
 *(.heap*)
                0x2000055c                __HeapLimit = .

.stack_dummy    0x2000055c        0x0
 *(.stack*)
                0x20007ffc                __StackTop = (ORIGIN (RAM) + LENGTH (RAM))
                0x20007ffc                __StackLimit = (__StackTop - SIZEOF (.stack_dummy))
                0x20007ffc                PROVIDE (__stack, __StackTop)
                0x20007ffb                __ram_end__ = ((ORIGIN (RAM) + LENGTH (RAM)) - 0x1)
                0x00000001                ASSERT ((__StackLimit >= __HeapLimit), region RAM overflowed with stack)
OUTPUT(build/samd21_sam_ba.elf elf32-littlearm)

.ARM.attributes
                0x00000000       0x28
 .ARM.attributes
                0x00000000       0x1e c:/users/franco/appdata/local/arduino15/packages/arduino/tools/arm-none-eabi-gcc/7-2017q4/bin/../lib/gcc/arm-none-eabi/7.2.1/thumb/v6-m/crti.o
 .ARM.attributes
                0x0000001e       0x2c c:/users/franco/appdata/local/arduino15/packages/arduino/tools/arm-none-eabi-gcc/7-2017q4/bin/../lib/gcc/arm-none-eabi/7.2.1/thumb/v6-m/crtbegin.o
 .ARM.attributes
                0x0000004a       0x32 build/board_driver_led.o
 .ARM.attributes
                0x0000007c       0x32 build/extEEPROM.o
 .ARM.attributes
                0x000000ae       0x32 build/NeoPixels.o
 .ARM.attributes
                0x000000e0       0x32 build/board_driver_i2c.o
 .ARM.attributes
                0x00000112       0x32 build/board_driver_pmic.o
 .ARM.attributes
                0x00000144       0x32 build/board_driver_serial.o
 .ARM.attributes
                0x00000176       0x32 build/board_driver_usb.o
 .ARM.attributes
                0x000001a8       0x32 build/board_init.o
 .ARM.attributes
                0x000001da       0x32 build/board_startup.o
 .ARM.attributes
                0x0000020c       0x32 build/main.o
 .ARM.attributes
                0x0000023e       0x32 build/sam_ba_usb.o
 .ARM.attributes
                0x00000270       0x32 build/sam_ba_cdc.o
 .ARM.attributes
                0x000002a2       0x32 build/sam_ba_monitor.o
 .ARM.attributes
                0x000002d4       0x32 build/sam_ba_serial.o
 .ARM.attributes
                0x00000306       0x1e c:/users/franco/appdata/local/arduino15/packages/arduino/tools/arm-none-eabi-gcc/7-2017q4/bin/../lib/gcc/arm-none-eabi/7.2.1/thumb/v6-m\libgcc.a(_udivsi3.o)
 .ARM.attributes
                0x00000324       0x1e c:/users/franco/appdata/local/arduino15/packages/arduino/tools/arm-none-eabi-gcc/7-2017q4/bin/../lib/gcc/arm-none-eabi/7.2.1/thumb/v6-m\libgcc.a(_divsi3.o)
 .ARM.attributes
                0x00000342       0x1e c:/users/franco/appdata/local/arduino15/packages/arduino/tools/arm-none-eabi-gcc/7-2017q4/bin/../lib/gcc/arm-none-eabi/7.2.1/thumb/v6-m\libgcc.a(_dvmd_tls.o)
 .ARM.attributes
                0x00000360       0x2c c:/users/franco/appdata/local/arduino15/packages/arduino/tools/arm-none-eabi-gcc/7-2017q4/bin/../lib/gcc/arm-none-eabi/7.2.1/../../../../arm-none-eabi/lib/thumb/v6-m\libc_nano.a(lib_a-impure.o)
 .ARM.attributes
                0x0000038c       0x2c c:/users/franco/appdata/local/arduino15/packages/arduino/tools/arm-none-eabi-gcc/7-2017q4/bin/../lib/gcc/arm-none-eabi/7.2.1/../../../../arm-none-eabi/lib/thumb/v6-m\libc_nano.a(lib_a-malloc.o)
 .ARM.attributes
                0x000003b8       0x2c c:/users/franco/appdata/local/arduino15/packages/arduino/tools/arm-none-eabi-gcc/7-2017q4/bin/../lib/gcc/arm-none-eabi/7.2.1/../../../../arm-none-eabi/lib/thumb/v6-m\libc_nano.a(lib_a-memcpy-stub.o)
 .ARM.attributes
                0x000003e4       0x2c c:/users/franco/appdata/local/arduino15/packages/arduino/tools/arm-none-eabi-gcc/7-2017q4/bin/../lib/gcc/arm-none-eabi/7.2.1/../../../../arm-none-eabi/lib/thumb/v6-m\libc_nano.a(lib_a-memset.o)
 .ARM.attributes
                0x00000410       0x2c c:/users/franco/appdata/local/arduino15/packages/arduino/tools/arm-none-eabi-gcc/7-2017q4/bin/../lib/gcc/arm-none-eabi/7.2.1/../../../../arm-none-eabi/lib/thumb/v6-m\libc_nano.a(lib_a-nano-mallocr.o)
 .ARM.attributes
                0x0000043c       0x2c c:/users/franco/appdata/local/arduino15/packages/arduino/tools/arm-none-eabi-gcc/7-2017q4/bin/../lib/gcc/arm-none-eabi/7.2.1/../../../../arm-none-eabi/lib/thumb/v6-m\libc_nano.a(lib_a-sbrkr.o)
 .ARM.attributes
                0x00000468       0x1c c:/users/franco/appdata/local/arduino15/packages/arduino/tools/arm-none-eabi-gcc/7-2017q4/bin/../lib/gcc/arm-none-eabi/7.2.1/../../../../arm-none-eabi/lib/thumb/v6-m\libc_nano.a(lib_a-strlen.o)
 .ARM.attributes
                0x00000484       0x2c c:/users/franco/appdata/local/arduino15/packages/arduino/tools/arm-none-eabi-gcc/7-2017q4/bin/../lib/gcc/arm-none-eabi/7.2.1/../../../../arm-none-eabi/lib/thumb/v6-m\libc_nano.a(lib_a-mlock.o)
 .ARM.attributes
                0x000004b0       0x2c c:/users/franco/appdata/local/arduino15/packages/arduino/tools/arm-none-eabi-gcc/7-2017q4/bin/../lib/gcc/arm-none-eabi/7.2.1/../../../../arm-none-eabi/lib/thumb/v6-m\libc_nano.a(lib_a-reent.o)
 .ARM.attributes
                0x000004dc       0x2c c:/users/franco/appdata/local/arduino15/packages/arduino/tools/arm-none-eabi-gcc/7-2017q4/bin/../lib/gcc/arm-none-eabi/7.2.1/../../../../arm-none-eabi/lib/thumb/v6-m\libnosys.a(sbrk.o)
 .ARM.attributes
                0x00000508       0x2c c:/users/franco/appdata/local/arduino15/packages/arduino/tools/arm-none-eabi-gcc/7-2017q4/bin/../lib/gcc/arm-none-eabi/7.2.1/thumb/v6-m/crtend.o
 .ARM.attributes
                0x00000534       0x1e c:/users/franco/appdata/local/arduino15/packages/arduino/tools/arm-none-eabi-gcc/7-2017q4/bin/../lib/gcc/arm-none-eabi/7.2.1/thumb/v6-m/crtn.o

.comment        0x00000000       0x7e
 .comment       0x00000000       0x7e build/board_driver_led.o
                                 0x7f (size before relaxing)
 .comment       0x0000007e       0x7f build/extEEPROM.o
 .comment       0x0000007e       0x7f build/NeoPixels.o
 .comment       0x0000007e       0x7f build/board_driver_i2c.o
 .comment       0x0000007e       0x7f build/board_driver_pmic.o
 .comment       0x0000007e       0x7f build/board_driver_serial.o
 .comment       0x0000007e       0x7f build/board_driver_usb.o
 .comment       0x0000007e       0x7f build/board_init.o
 .comment       0x0000007e       0x7f build/board_startup.o
 .comment       0x0000007e       0x7f build/main.o
 .comment       0x0000007e       0x7f build/sam_ba_usb.o
 .comment       0x0000007e       0x7f build/sam_ba_cdc.o
 .comment       0x0000007e       0x7f build/sam_ba_monitor.o
 .comment       0x0000007e       0x7f build/sam_ba_serial.o

.debug_info     0x00000000    0x1e6e9
 .debug_info    0x00000000      0x289 build/board_driver_led.o
 .debug_info    0x00000289      0xcd8 build/extEEPROM.o
 .debug_info    0x00000f61     0x1b11 build/NeoPixels.o
 .debug_info    0x00002a72     0x3253 build/board_driver_i2c.o
 .debug_info    0x00005cc5      0x762 build/board_driver_pmic.o
 .debug_info    0x00006427     0x25ef build/board_driver_serial.o
 .debug_info    0x00008a16     0x3c11 build/board_driver_usb.o
 .debug_info    0x0000c627     0x1a9c build/board_init.o
 .debug_info    0x0000e0c3      0x246 build/board_startup.o
 .debug_info    0x0000e309     0x3895 build/main.o
 .debug_info    0x00011b9e     0x2dd6 build/sam_ba_usb.o
 .debug_info    0x00014974     0x22c0 build/sam_ba_cdc.o
 .debug_info    0x00016c34     0x3e63 build/sam_ba_monitor.o
 .debug_info    0x0001aa97     0x3c52 build/sam_ba_serial.o

.debug_abbrev   0x00000000     0x2830
 .debug_abbrev  0x00000000       0xe1 build/board_driver_led.o
 .debug_abbrev  0x000000e1      0x283 build/extEEPROM.o
 .debug_abbrev  0x00000364      0x4ae build/NeoPixels.o
 .debug_abbrev  0x00000812      0x35e build/board_driver_i2c.o
 .debug_abbrev  0x00000b70       0xfd build/board_driver_pmic.o
 .debug_abbrev  0x00000c6d      0x29a build/board_driver_serial.o
 .debug_abbrev  0x00000f07      0x35a build/board_driver_usb.o
 .debug_abbrev  0x00001261      0x22c build/board_init.o
 .debug_abbrev  0x0000148d       0xfb build/board_startup.o
 .debug_abbrev  0x00001588      0x39c build/main.o
 .debug_abbrev  0x00001924      0x322 build/sam_ba_usb.o
 .debug_abbrev  0x00001c46      0x23f build/sam_ba_cdc.o
 .debug_abbrev  0x00001e85      0x51d build/sam_ba_monitor.o
 .debug_abbrev  0x000023a2      0x48e build/sam_ba_serial.o

.debug_aranges  0x00000000      0x438
 .debug_aranges
                0x00000000       0x20 build/board_driver_led.o
 .debug_aranges
                0x00000020       0x38 build/extEEPROM.o
 .debug_aranges
                0x00000058       0xa0 build/NeoPixels.o
 .debug_aranges
                0x000000f8       0x50 build/board_driver_i2c.o
 .debug_aranges
                0x00000148       0x68 build/board_driver_pmic.o
 .debug_aranges
                0x000001b0       0x48 build/board_driver_serial.o
 .debug_aranges
                0x000001f8       0x68 build/board_driver_usb.o
 .debug_aranges
                0x00000260       0x30 build/board_init.o
 .debug_aranges
                0x00000290       0x40 build/board_startup.o
 .debug_aranges
                0x000002d0       0x28 build/main.o
 .debug_aranges
                0x000002f8       0x30 build/sam_ba_usb.o
 .debug_aranges
                0x00000328       0x48 build/sam_ba_cdc.o
 .debug_aranges
                0x00000370       0x48 build/sam_ba_monitor.o
 .debug_aranges
                0x000003b8       0x80 build/sam_ba_serial.o

.debug_ranges   0x00000000      0x680
 .debug_ranges  0x00000000       0x40 build/board_driver_led.o
 .debug_ranges  0x00000040       0x28 build/extEEPROM.o
 .debug_ranges  0x00000068      0x220 build/NeoPixels.o
 .debug_ranges  0x00000288       0xd8 build/board_driver_i2c.o
 .debug_ranges  0x00000360       0x58 build/board_driver_pmic.o
 .debug_ranges  0x000003b8       0x38 build/board_driver_serial.o
 .debug_ranges  0x000003f0       0x58 build/board_driver_usb.o
 .debug_ranges  0x00000448       0x20 build/board_init.o
 .debug_ranges  0x00000468       0x30 build/board_startup.o
 .debug_ranges  0x00000498       0x30 build/main.o
 .debug_ranges  0x000004c8       0x20 build/sam_ba_usb.o
 .debug_ranges  0x000004e8       0x38 build/sam_ba_cdc.o
 .debug_ranges  0x00000520       0xb8 build/sam_ba_monitor.o
 .debug_ranges  0x000005d8       0xa8 build/sam_ba_serial.o

.debug_macro    0x00000000    0x14775
 .debug_macro   0x00000000      0x34d build/board_driver_led.o
 .debug_macro   0x0000034d      0xa4e build/board_driver_led.o
 .debug_macro   0x00000d9b      0x38e build/board_driver_led.o
 .debug_macro   0x00001129       0x22 build/board_driver_led.o
 .debug_macro   0x0000114b       0x87 build/board_driver_led.o
 .debug_macro   0x000011d2       0x51 build/board_driver_led.o
 .debug_macro   0x00001223       0xef build/board_driver_led.o
 .debug_macro   0x00001312       0x6a build/board_driver_led.o
 .debug_macro   0x0000137c      0x1df build/board_driver_led.o
 .debug_macro   0x0000155b       0x3a build/board_driver_led.o
 .debug_macro   0x00001595       0x3a build/board_driver_led.o
 .debug_macro   0x000015cf       0x26 build/board_driver_led.o
 .debug_macro   0x000015f5      0x329 build/board_driver_led.o
 .debug_macro   0x0000191e      0x682 build/board_driver_led.o
 .debug_macro   0x00001fa0      0x8bf build/board_driver_led.o
 .debug_macro   0x0000285f      0x235 build/board_driver_led.o
 .debug_macro   0x00002a94      0xd6a build/board_driver_led.o
 .debug_macro   0x000037fe      0x4ce build/board_driver_led.o
 .debug_macro   0x00003ccc      0x9f8 build/board_driver_led.o
 .debug_macro   0x000046c4      0x82b build/board_driver_led.o
 .debug_macro   0x00004eef      0x45f build/board_driver_led.o
 .debug_macro   0x0000534e       0x5e build/board_driver_led.o
 .debug_macro   0x000053ac      0x906 build/board_driver_led.o
 .debug_macro   0x00005cb2      0x225 build/board_driver_led.o
 .debug_macro   0x00005ed7      0x797 build/board_driver_led.o
 .debug_macro   0x0000666e       0x5e build/board_driver_led.o
 .debug_macro   0x000066cc      0x634 build/board_driver_led.o
 .debug_macro   0x00006d00      0x3b6 build/board_driver_led.o
 .debug_macro   0x000070b6      0xc55 build/board_driver_led.o
 .debug_macro   0x00007d0b     0x1092 build/board_driver_led.o
 .debug_macro   0x00008d9d      0xc4a build/board_driver_led.o
 .debug_macro   0x000099e7      0x6bf build/board_driver_led.o
 .debug_macro   0x0000a0a6     0x1b4b build/board_driver_led.o
 .debug_macro   0x0000bbf1     0x144a build/board_driver_led.o
 .debug_macro   0x0000d03b      0x34e build/board_driver_led.o
 .debug_macro   0x0000d389       0x7c build/board_driver_led.o
 .debug_macro   0x0000d405       0xa0 build/board_driver_led.o
 .debug_macro   0x0000d4a5       0x4c build/board_driver_led.o
 .debug_macro   0x0000d4f1       0xca build/board_driver_led.o
 .debug_macro   0x0000d5bb       0x94 build/board_driver_led.o
 .debug_macro   0x0000d64f       0x58 build/board_driver_led.o
 .debug_macro   0x0000d6a7      0x364 build/board_driver_led.o
 .debug_macro   0x0000da0b       0x82 build/board_driver_led.o
 .debug_macro   0x0000da8d      0x197 build/board_driver_led.o
 .debug_macro   0x0000dc24       0xb8 build/board_driver_led.o
 .debug_macro   0x0000dcdc       0xa0 build/board_driver_led.o
 .debug_macro   0x0000dd7c       0xb2 build/board_driver_led.o
 .debug_macro   0x0000de2e       0x1c build/board_driver_led.o
 .debug_macro   0x0000de4a       0x1c build/board_driver_led.o
 .debug_macro   0x0000de66       0x1c build/board_driver_led.o
 .debug_macro   0x0000de82       0x7c build/board_driver_led.o
 .debug_macro   0x0000defe      0x161 build/board_driver_led.o
 .debug_macro   0x0000e05f       0xdc build/board_driver_led.o
 .debug_macro   0x0000e13b      0x12f build/board_driver_led.o
 .debug_macro   0x0000e26a      0x12f build/board_driver_led.o
 .debug_macro   0x0000e399      0x12f build/board_driver_led.o
 .debug_macro   0x0000e4c8      0x12f build/board_driver_led.o
 .debug_macro   0x0000e5f7      0x12f build/board_driver_led.o
 .debug_macro   0x0000e726      0x12f build/board_driver_led.o
 .debug_macro   0x0000e855      0x11e build/board_driver_led.o
 .debug_macro   0x0000e973       0xe2 build/board_driver_led.o
 .debug_macro   0x0000ea55       0xe2 build/board_driver_led.o
 .debug_macro   0x0000eb37       0xe2 build/board_driver_led.o
 .debug_macro   0x0000ec19      0x12c build/board_driver_led.o
 .debug_macro   0x0000ed45      0x100 build/board_driver_led.o
 .debug_macro   0x0000ee45       0xf4 build/board_driver_led.o
 .debug_macro   0x0000ef39      0x40f build/board_driver_led.o
 .debug_macro   0x0000f348       0x40 build/board_driver_led.o
 .debug_macro   0x0000f388      0x361 build/board_driver_led.o
 .debug_macro   0x0000f6e9       0x6d build/board_driver_led.o
 .debug_macro   0x0000f756       0xd0 build/board_driver_led.o
 .debug_macro   0x0000f826       0x10 build/board_driver_led.o
 .debug_macro   0x0000f836       0x16 build/board_driver_led.o
 .debug_macro   0x0000f84c      0x4ee build/extEEPROM.o
 .debug_macro   0x0000fd3a       0x52 build/extEEPROM.o
 .debug_macro   0x0000fd8c       0x17 build/extEEPROM.o
 .debug_macro   0x0000fda3       0x8d build/extEEPROM.o
 .debug_macro   0x0000fe30       0x35 build/extEEPROM.o
 .debug_macro   0x0000fe65       0x9c build/extEEPROM.o
 .debug_macro   0x0000ff01       0x16 build/extEEPROM.o
 .debug_macro   0x0000ff17       0x57 build/extEEPROM.o
 .debug_macro   0x0000ff6e       0x97 build/extEEPROM.o
 .debug_macro   0x00010005      0x353 build/extEEPROM.o
 .debug_macro   0x00010358       0xf6 build/extEEPROM.o
 .debug_macro   0x0001044e       0x10 build/extEEPROM.o
 .debug_macro   0x0001045e       0x58 build/extEEPROM.o
 .debug_macro   0x000104b6       0x1f build/extEEPROM.o
 .debug_macro   0x000104d5       0x43 build/extEEPROM.o
 .debug_macro   0x00010518       0x20 build/extEEPROM.o
 .debug_macro   0x00010538      0x18e build/extEEPROM.o
 .debug_macro   0x000106c6       0x10 build/extEEPROM.o
 .debug_macro   0x000106d6       0x1c build/extEEPROM.o
 .debug_macro   0x000106f2       0x52 build/extEEPROM.o
 .debug_macro   0x00010744       0x40 build/extEEPROM.o
 .debug_macro   0x00010784       0x10 build/extEEPROM.o
 .debug_macro   0x00010794       0x40 build/extEEPROM.o
 .debug_macro   0x000107d4       0xd7 build/extEEPROM.o
 .debug_macro   0x000108ab       0x1c build/extEEPROM.o
 .debug_macro   0x000108c7       0x3d build/extEEPROM.o
 .debug_macro   0x00010904       0x16 build/extEEPROM.o
 .debug_macro   0x0001091a      0x16f build/extEEPROM.o
 .debug_macro   0x00010a89       0x16 build/extEEPROM.o
 .debug_macro   0x00010a9f       0x35 build/extEEPROM.o
 .debug_macro   0x00010ad4       0x16 build/extEEPROM.o
 .debug_macro   0x00010aea       0x29 build/extEEPROM.o
 .debug_macro   0x00010b13       0x22 build/extEEPROM.o
 .debug_macro   0x00010b35       0x5e build/extEEPROM.o
 .debug_macro   0x00010b93       0x28 build/extEEPROM.o
 .debug_macro   0x00010bbb      0x4c1 build/NeoPixels.o
 .debug_macro   0x0001107c      0x16d build/NeoPixels.o
 .debug_macro   0x000111e9       0x10 build/NeoPixels.o
 .debug_macro   0x000111f9       0x1c build/NeoPixels.o
 .debug_macro   0x00011215       0x16 build/NeoPixels.o
 .debug_macro   0x0001122b      0x35c build/board_driver_i2c.o
 .debug_macro   0x00011587      0x372 build/board_driver_pmic.o
 .debug_macro   0x000118f9       0x4c build/board_driver_pmic.o
 .debug_macro   0x00011945      0x4ac build/board_driver_serial.o
 .debug_macro   0x00011df1      0x490 build/board_driver_usb.o
 .debug_macro   0x00012281       0x40 build/board_driver_usb.o
 .debug_macro   0x000122c1       0xee build/board_driver_usb.o
 .debug_macro   0x000123af       0x16 build/board_driver_usb.o
 .debug_macro   0x000123c5      0x365 build/board_init.o
 .debug_macro   0x0001272a      0x2fe build/board_startup.o
 .debug_macro   0x00012a28      0x5d2 build/main.o
 .debug_macro   0x00012ffa       0x16 build/main.o
 .debug_macro   0x00013010       0x22 build/main.o
 .debug_macro   0x00013032       0x4c build/main.o
 .debug_macro   0x0001307e       0xf4 build/main.o
 .debug_macro   0x00013172       0x1c build/main.o
 .debug_macro   0x0001318e      0x43c build/sam_ba_usb.o
 .debug_macro   0x000135ca       0x39 build/sam_ba_usb.o
 .debug_macro   0x00013603      0x3a9 build/sam_ba_usb.o
 .debug_macro   0x000139ac      0x32f build/sam_ba_cdc.o
 .debug_macro   0x00013cdb      0x58d build/sam_ba_monitor.o
 .debug_macro   0x00014268       0x46 build/sam_ba_monitor.o
 .debug_macro   0x000142ae      0x4c7 build/sam_ba_serial.o

.debug_line     0x00000000     0x8bbb
 .debug_line    0x00000000      0x85c build/board_driver_led.o
 .debug_line    0x0000085c      0xa20 build/extEEPROM.o
 .debug_line    0x0000127c      0xc2a build/NeoPixels.o
 .debug_line    0x00001ea6      0x9be build/board_driver_i2c.o
 .debug_line    0x00002864      0xa29 build/board_driver_pmic.o
 .debug_line    0x0000328d      0xa30 build/board_driver_serial.o
 .debug_line    0x00003cbd      0xa76 build/board_driver_usb.o
 .debug_line    0x00004733      0x8a0 build/board_init.o
 .debug_line    0x00004fd3      0x7cd build/board_startup.o
 .debug_line    0x000057a0      0xaeb build/main.o
 .debug_line    0x0000628b      0x95b build/sam_ba_usb.o
 .debug_line    0x00006be6      0x80d build/sam_ba_cdc.o
 .debug_line    0x000073f3      0xc7b build/sam_ba_monitor.o
 .debug_line    0x0000806e      0xb4d build/sam_ba_serial.o

.debug_str      0x00000000    0x750d5
 .debug_str     0x00000000    0x635a9 build/board_driver_led.o
                              0x63c99 (size before relaxing)
 .debug_str     0x000635a9     0x46ef build/extEEPROM.o
                              0x683cf (size before relaxing)
 .debug_str     0x00067c98      0x45f build/NeoPixels.o
                              0x67f8a (size before relaxing)
 .debug_str     0x000680f7      0xbb8 build/board_driver_i2c.o
                              0x64c5c (size before relaxing)
 .debug_str     0x00068caf      0x26e build/board_driver_pmic.o
                              0x64132 (size before relaxing)
 .debug_str     0x00068f1d      0x153 build/board_driver_serial.o
                              0x68730 (size before relaxing)
 .debug_str     0x00069070     0x10ac build/board_driver_usb.o
                              0x68340 (size before relaxing)
 .debug_str     0x0006a11c      0x801 build/board_init.o
                              0x645b8 (size before relaxing)
 .debug_str     0x0006a91d      0x178 build/board_startup.o
                              0x638b1 (size before relaxing)
 .debug_str     0x0006aa95      0x5ab build/main.o
                              0x69c3c (size before relaxing)
 .debug_str     0x0006b040     0x9c08 build/sam_ba_usb.o
                              0x70e6a (size before relaxing)
 .debug_str     0x00074c48       0x7d build/sam_ba_cdc.o
                              0x64681 (size before relaxing)
 .debug_str     0x00074cc5      0x23f build/sam_ba_monitor.o
                              0x698d4 (size before relaxing)
 .debug_str     0x00074f04      0x1d1 build/sam_ba_serial.o
                              0x68ded (size before relaxing)

.debug_frame    0x00000000      0xbe8
 .debug_frame   0x00000000       0x28 build/board_driver_led.o
 .debug_frame   0x00000028       0x88 build/extEEPROM.o
 .debug_frame   0x000000b0      0x210 build/NeoPixels.o
 .debug_frame   0x000002c0       0xac build/board_driver_i2c.o
 .debug_frame   0x0000036c      0x108 build/board_driver_pmic.o
 .debug_frame   0x00000474       0x8c build/board_driver_serial.o
 .debug_frame   0x00000500      0x100 build/board_driver_usb.o
 .debug_frame   0x00000600       0x4c build/board_init.o
 .debug_frame   0x0000064c       0x68 build/board_startup.o
 .debug_frame   0x000006b4       0x4c build/main.o
 .debug_frame   0x00000700       0x68 build/sam_ba_usb.o
 .debug_frame   0x00000768       0xb4 build/sam_ba_cdc.o
 .debug_frame   0x0000081c       0xb4 build/sam_ba_monitor.o
 .debug_frame   0x000008d0      0x160 build/sam_ba_serial.o
 .debug_frame   0x00000a30       0x20 c:/users/franco/appdata/local/arduino15/packages/arduino/tools/arm-none-eabi-gcc/7-2017q4/bin/../lib/gcc/arm-none-eabi/7.2.1/thumb/v6-m\libgcc.a(_udivsi3.o)
 .debug_frame   0x00000a50       0x20 c:/users/franco/appdata/local/arduino15/packages/arduino/tools/arm-none-eabi-gcc/7-2017q4/bin/../lib/gcc/arm-none-eabi/7.2.1/thumb/v6-m\libgcc.a(_divsi3.o)
 .debug_frame   0x00000a70       0x40 c:/users/franco/appdata/local/arduino15/packages/arduino/tools/arm-none-eabi-gcc/7-2017q4/bin/../lib/gcc/arm-none-eabi/7.2.1/../../../../arm-none-eabi/lib/thumb/v6-m\libc_nano.a(lib_a-malloc.o)
 .debug_frame   0x00000ab0       0x28 c:/users/franco/appdata/local/arduino15/packages/arduino/tools/arm-none-eabi-gcc/7-2017q4/bin/../lib/gcc/arm-none-eabi/7.2.1/../../../../arm-none-eabi/lib/thumb/v6-m\libc_nano.a(lib_a-memcpy-stub.o)
 .debug_frame   0x00000ad8       0x20 c:/users/franco/appdata/local/arduino15/packages/arduino/tools/arm-none-eabi-gcc/7-2017q4/bin/../lib/gcc/arm-none-eabi/7.2.1/../../../../arm-none-eabi/lib/thumb/v6-m\libc_nano.a(lib_a-memset.o)
 .debug_frame   0x00000af8       0x2c c:/users/franco/appdata/local/arduino15/packages/arduino/tools/arm-none-eabi-gcc/7-2017q4/bin/../lib/gcc/arm-none-eabi/7.2.1/../../../../arm-none-eabi/lib/thumb/v6-m\libc_nano.a(lib_a-nano-mallocr.o)
 .debug_frame   0x00000b24       0x2c c:/users/franco/appdata/local/arduino15/packages/arduino/tools/arm-none-eabi-gcc/7-2017q4/bin/../lib/gcc/arm-none-eabi/7.2.1/../../../../arm-none-eabi/lib/thumb/v6-m\libc_nano.a(lib_a-sbrkr.o)
 .debug_frame   0x00000b50       0x30 c:/users/franco/appdata/local/arduino15/packages/arduino/tools/arm-none-eabi-gcc/7-2017q4/bin/../lib/gcc/arm-none-eabi/7.2.1/../../../../arm-none-eabi/lib/thumb/v6-m\libc_nano.a(lib_a-mlock.o)
 .debug_frame   0x00000b80       0x48 c:/users/franco/appdata/local/arduino15/packages/arduino/tools/arm-none-eabi-gcc/7-2017q4/bin/../lib/gcc/arm-none-eabi/7.2.1/../../../../arm-none-eabi/lib/thumb/v6-m\libc_nano.a(lib_a-reent.o)
 .debug_frame   0x00000bc8       0x20 c:/users/franco/appdata/local/arduino15/packages/arduino/tools/arm-none-eabi-gcc/7-2017q4/bin/../lib/gcc/arm-none-eabi/7.2.1/../../../../arm-none-eabi/lib/thumb/v6-m\libnosys.a(sbrk.o)

.debug_loc      0x00000000     0x3597
 .debug_loc     0x00000000      0x502 build/extEEPROM.o
 .debug_loc     0x00000502      0xf92 build/NeoPixels.o
 .debug_loc     0x00001494      0x699 build/board_driver_i2c.o
 .debug_loc     0x00001b2d      0x4f5 build/board_driver_pmic.o
 .debug_loc     0x00002022      0x126 build/board_driver_serial.o
 .debug_loc     0x00002148      0x362 build/board_driver_usb.o
 .debug_loc     0x000024aa       0x3f build/board_init.o
 .debug_loc     0x000024e9       0x20 build/board_startup.o
 .debug_loc     0x00002509       0x7f build/main.o
 .debug_loc     0x00002588      0x151 build/sam_ba_usb.o
 .debug_loc     0x000026d9      0x1ae build/sam_ba_cdc.o
 .debug_loc     0x00002887      0x587 build/sam_ba_monitor.o
 .debug_loc     0x00002e0e      0x789 build/sam_ba_serial.o

Cross Reference Table

Symbol                                            File
HardFault_Handler                                 build/board_startup.o
LED_pulse                                         build/board_driver_led.o
                                                  build/main.o
MAX_FLASH                                         build/sam_ba_monitor.o
NMI_Handler                                       build/board_startup.o
PAGES                                             build/sam_ba_monitor.o
PAGE_SIZE                                         build/sam_ba_monitor.o
PendSV_Handler                                    build/board_startup.o
Reset_Handler                                     build/board_startup.o
RomBOOT_ExtendedCapabilities                      build/sam_ba_monitor.o
RomBOOT_Version                                   build/sam_ba_monitor.o
SVC_Handler                                       build/board_startup.o
SysTick_Handler                                   build/main.o
                                                  build/board_startup.o
SystemCoreClock                                   build/system_samd21.o
SystemCoreClockUpdate                             build/system_samd21.o
SystemInit                                        build/system_samd21.o
USB_Configure                                     build/board_driver_usb.o
                                                  build/sam_ba_usb.o
USB_Init                                          build/board_driver_usb.o
                                                  build/sam_ba_usb.o
USB_IsConfigured                                  build/board_driver_usb.o
                                                  build/sam_ba_cdc.o
USB_Open                                          build/board_driver_usb.o
                                                  build/sam_ba_usb.o
USB_Read                                          build/board_driver_usb.o
                                                  build/sam_ba_cdc.o
USB_Read_blocking                                 build/board_driver_usb.o
USB_SendStall                                     build/board_driver_usb.o
                                                  build/sam_ba_usb.o
USB_SendString                                    build/sam_ba_usb.o
USB_SendZlp                                       build/board_driver_usb.o
                                                  build/sam_ba_usb.o
USB_SetAddress                                    build/board_driver_usb.o
                                                  build/sam_ba_usb.o
USB_Write                                         build/board_driver_usb.o
                                                  build/sam_ba_cdc.o
                                                  build/sam_ba_usb.o
Wheel                                             build/NeoPixels.o
__StackTop                                        build/board_startup.o
__aeabi_idiv                                      c:/users/franco/appdata/local/arduino15/packages/arduino/tools/arm-none-eabi-gcc/7-2017q4/bin/../lib/gcc/arm-none-eabi/7.2.1/thumb/v6-m\libgcc.a(_divsi3.o)
                                                  build/NeoPixels.o
__aeabi_idiv0                                     c:/users/franco/appdata/local/arduino15/packages/arduino/tools/arm-none-eabi-gcc/7-2017q4/bin/../lib/gcc/arm-none-eabi/7.2.1/thumb/v6-m\libgcc.a(_dvmd_tls.o)
                                                  c:/users/franco/appdata/local/arduino15/packages/arduino/tools/arm-none-eabi-gcc/7-2017q4/bin/../lib/gcc/arm-none-eabi/7.2.1/thumb/v6-m\libgcc.a(_divsi3.o)
                                                  c:/users/franco/appdata/local/arduino15/packages/arduino/tools/arm-none-eabi-gcc/7-2017q4/bin/../lib/gcc/arm-none-eabi/7.2.1/thumb/v6-m\libgcc.a(_udivsi3.o)
__aeabi_idivmod                                   c:/users/franco/appdata/local/arduino15/packages/arduino/tools/arm-none-eabi-gcc/7-2017q4/bin/../lib/gcc/arm-none-eabi/7.2.1/thumb/v6-m\libgcc.a(_divsi3.o)
__aeabi_ldiv0                                     c:/users/franco/appdata/local/arduino15/packages/arduino/tools/arm-none-eabi-gcc/7-2017q4/bin/../lib/gcc/arm-none-eabi/7.2.1/thumb/v6-m\libgcc.a(_dvmd_tls.o)
__aeabi_lmul                                      c:/users/franco/appdata/local/arduino15/packages/arduino/tools/arm-none-eabi-gcc/7-2017q4/bin/../lib/gcc/arm-none-eabi/7.2.1/thumb/v6-m\libgcc.a(_muldi3.o)
                                                  c:/users/franco/appdata/local/arduino15/packages/arduino/tools/arm-none-eabi-gcc/7-2017q4/bin/../lib/gcc/arm-none-eabi/7.2.1/../../../../arm-none-eabi/lib/thumb/v6-m\libc_nano.a(lib_a-random.o)
__aeabi_uidiv                                     c:/users/franco/appdata/local/arduino15/packages/arduino/tools/arm-none-eabi-gcc/7-2017q4/bin/../lib/gcc/arm-none-eabi/7.2.1/thumb/v6-m\libgcc.a(_udivsi3.o)
                                                  build/board_driver_i2c.o
                                                  build/NeoPixels.o
__aeabi_uidivmod                                  c:/users/franco/appdata/local/arduino15/packages/arduino/tools/arm-none-eabi-gcc/7-2017q4/bin/../lib/gcc/arm-none-eabi/7.2.1/thumb/v6-m\libgcc.a(_udivsi3.o)
__bss_end__                                       build/board_startup.o
                                                  c:/users/franco/appdata/local/arduino15/packages/arduino/tools/arm-none-eabi-gcc/7-2017q4/bin/../lib/gcc/arm-none-eabi/7.2.1/../../../../arm-none-eabi/lib/thumb/v6-m/crt0.o
__bss_start__                                     build/board_startup.o
                                                  c:/users/franco/appdata/local/arduino15/packages/arduino/tools/arm-none-eabi-gcc/7-2017q4/bin/../lib/gcc/arm-none-eabi/7.2.1/../../../../arm-none-eabi/lib/thumb/v6-m/crt0.o
__call_exitprocs                                  c:/users/franco/appdata/local/arduino15/packages/arduino/tools/arm-none-eabi-gcc/7-2017q4/bin/../lib/gcc/arm-none-eabi/7.2.1/../../../../arm-none-eabi/lib/thumb/v6-m\libc_nano.a(lib_a-exit.o)
__data_end__                                      build/board_startup.o
__data_start__                                    build/board_startup.o
__deregister_frame_info                           c:/users/franco/appdata/local/arduino15/packages/arduino/tools/arm-none-eabi-gcc/7-2017q4/bin/../lib/gcc/arm-none-eabi/7.2.1/thumb/v6-m/crtbegin.o
__divsi3                                          c:/users/franco/appdata/local/arduino15/packages/arduino/tools/arm-none-eabi-gcc/7-2017q4/bin/../lib/gcc/arm-none-eabi/7.2.1/thumb/v6-m\libgcc.a(_divsi3.o)
__dso_handle                                      c:/users/franco/appdata/local/arduino15/packages/arduino/tools/arm-none-eabi-gcc/7-2017q4/bin/../lib/gcc/arm-none-eabi/7.2.1/thumb/v6-m/crtbegin.o
__etext                                           build/board_startup.o
__init_array_end                                  c:/users/franco/appdata/local/arduino15/packages/arduino/tools/arm-none-eabi-gcc/7-2017q4/bin/../lib/gcc/arm-none-eabi/7.2.1/../../../../arm-none-eabi/lib/thumb/v6-m\libc_nano.a(lib_a-init.o)
__init_array_start                                c:/users/franco/appdata/local/arduino15/packages/arduino/tools/arm-none-eabi-gcc/7-2017q4/bin/../lib/gcc/arm-none-eabi/7.2.1/../../../../arm-none-eabi/lib/thumb/v6-m\libc_nano.a(lib_a-init.o)
__libc_fini_array                                 c:/users/franco/appdata/local/arduino15/packages/arduino/tools/arm-none-eabi-gcc/7-2017q4/bin/../lib/gcc/arm-none-eabi/7.2.1/../../../../arm-none-eabi/lib/thumb/v6-m/crt0.o
__libc_init_array                                 c:/users/franco/appdata/local/arduino15/packages/arduino/tools/arm-none-eabi-gcc/7-2017q4/bin/../lib/gcc/arm-none-eabi/7.2.1/../../../../arm-none-eabi/lib/thumb/v6-m\libc_nano.a(lib_a-init.o)
                                                  c:/users/franco/appdata/local/arduino15/packages/arduino/tools/arm-none-eabi-gcc/7-2017q4/bin/../lib/gcc/arm-none-eabi/7.2.1/../../../../arm-none-eabi/lib/thumb/v6-m/crt0.o
__malloc_free_list                                c:/users/franco/appdata/local/arduino15/packages/arduino/tools/arm-none-eabi-gcc/7-2017q4/bin/../lib/gcc/arm-none-eabi/7.2.1/../../../../arm-none-eabi/lib/thumb/v6-m\libc_nano.a(lib_a-nano-mallocr.o)
                                                  c:/users/franco/appdata/local/arduino15/packages/arduino/tools/arm-none-eabi-gcc/7-2017q4/bin/../lib/gcc/arm-none-eabi/7.2.1/../../../../arm-none-eabi/lib/thumb/v6-m\libc_nano.a(lib_a-nano-freer.o)
__malloc_lock                                     c:/users/franco/appdata/local/arduino15/packages/arduino/tools/arm-none-eabi-gcc/7-2017q4/bin/../lib/gcc/arm-none-eabi/7.2.1/../../../../arm-none-eabi/lib/thumb/v6-m\libc_nano.a(lib_a-mlock.o)
                                                  c:/users/franco/appdata/local/arduino15/packages/arduino/tools/arm-none-eabi-gcc/7-2017q4/bin/../lib/gcc/arm-none-eabi/7.2.1/../../../../arm-none-eabi/lib/thumb/v6-m\libc_nano.a(lib_a-nano-mallocr.o)
                                                  c:/users/franco/appdata/local/arduino15/packages/arduino/tools/arm-none-eabi-gcc/7-2017q4/bin/../lib/gcc/arm-none-eabi/7.2.1/../../../../arm-none-eabi/lib/thumb/v6-m\libc_nano.a(lib_a-nano-freer.o)
__malloc_sbrk_start                               c:/users/franco/appdata/local/arduino15/packages/arduino/tools/arm-none-eabi-gcc/7-2017q4/bin/../lib/gcc/arm-none-eabi/7.2.1/../../../../arm-none-eabi/lib/thumb/v6-m\libc_nano.a(lib_a-nano-mallocr.o)
__malloc_unlock                                   c:/users/franco/appdata/local/arduino15/packages/arduino/tools/arm-none-eabi-gcc/7-2017q4/bin/../lib/gcc/arm-none-eabi/7.2.1/../../../../arm-none-eabi/lib/thumb/v6-m\libc_nano.a(lib_a-mlock.o)
                                                  c:/users/franco/appdata/local/arduino15/packages/arduino/tools/arm-none-eabi-gcc/7-2017q4/bin/../lib/gcc/arm-none-eabi/7.2.1/../../../../arm-none-eabi/lib/thumb/v6-m\libc_nano.a(lib_a-nano-mallocr.o)
                                                  c:/users/franco/appdata/local/arduino15/packages/arduino/tools/arm-none-eabi-gcc/7-2017q4/bin/../lib/gcc/arm-none-eabi/7.2.1/../../../../arm-none-eabi/lib/thumb/v6-m\libc_nano.a(lib_a-nano-freer.o)
__muldi3                                          c:/users/franco/appdata/local/arduino15/packages/arduino/tools/arm-none-eabi-gcc/7-2017q4/bin/../lib/gcc/arm-none-eabi/7.2.1/thumb/v6-m\libgcc.a(_muldi3.o)
__preinit_array_end                               c:/users/franco/appdata/local/arduino15/packages/arduino/tools/arm-none-eabi-gcc/7-2017q4/bin/../lib/gcc/arm-none-eabi/7.2.1/../../../../arm-none-eabi/lib/thumb/v6-m\libc_nano.a(lib_a-init.o)
__preinit_array_start                             c:/users/franco/appdata/local/arduino15/packages/arduino/tools/arm-none-eabi-gcc/7-2017q4/bin/../lib/gcc/arm-none-eabi/7.2.1/../../../../arm-none-eabi/lib/thumb/v6-m\libc_nano.a(lib_a-init.o)
__register_frame_info                             c:/users/franco/appdata/local/arduino15/packages/arduino/tools/arm-none-eabi-gcc/7-2017q4/bin/../lib/gcc/arm-none-eabi/7.2.1/thumb/v6-m/crtbegin.o
__sf_fake_stderr                                  c:/users/franco/appdata/local/arduino15/packages/arduino/tools/arm-none-eabi-gcc/7-2017q4/bin/../lib/gcc/arm-none-eabi/7.2.1/../../../../arm-none-eabi/lib/thumb/v6-m\libc_nano.a(lib_a-impure.o)
__sf_fake_stdin                                   c:/users/franco/appdata/local/arduino15/packages/arduino/tools/arm-none-eabi-gcc/7-2017q4/bin/../lib/gcc/arm-none-eabi/7.2.1/../../../../arm-none-eabi/lib/thumb/v6-m\libc_nano.a(lib_a-impure.o)
__sf_fake_stdout                                  c:/users/franco/appdata/local/arduino15/packages/arduino/tools/arm-none-eabi-gcc/7-2017q4/bin/../lib/gcc/arm-none-eabi/7.2.1/../../../../arm-none-eabi/lib/thumb/v6-m\libc_nano.a(lib_a-impure.o)
__sketch_vectors_ptr                              build/main.o
__stack                                           c:/users/franco/appdata/local/arduino15/packages/arduino/tools/arm-none-eabi-gcc/7-2017q4/bin/../lib/gcc/arm-none-eabi/7.2.1/../../../../arm-none-eabi/lib/thumb/v6-m/crt0.o
__udivsi3                                         c:/users/franco/appdata/local/arduino15/packages/arduino/tools/arm-none-eabi-gcc/7-2017q4/bin/../lib/gcc/arm-none-eabi/7.2.1/thumb/v6-m\libgcc.a(_udivsi3.o)
_exit                                             c:/users/franco/appdata/local/arduino15/packages/arduino/tools/arm-none-eabi-gcc/7-2017q4/bin/../lib/gcc/arm-none-eabi/7.2.1/../../../../arm-none-eabi/lib/thumb/v6-m\libnosys.a(_exit.o)
                                                  c:/users/franco/appdata/local/arduino15/packages/arduino/tools/arm-none-eabi-gcc/7-2017q4/bin/../lib/gcc/arm-none-eabi/7.2.1/../../../../arm-none-eabi/lib/thumb/v6-m\libc_nano.a(lib_a-exit.o)
_fini                                             c:/users/franco/appdata/local/arduino15/packages/arduino/tools/arm-none-eabi-gcc/7-2017q4/bin/../lib/gcc/arm-none-eabi/7.2.1/thumb/v6-m/crti.o
_free_r                                           c:/users/franco/appdata/local/arduino15/packages/arduino/tools/arm-none-eabi-gcc/7-2017q4/bin/../lib/gcc/arm-none-eabi/7.2.1/../../../../arm-none-eabi/lib/thumb/v6-m\libc_nano.a(lib_a-nano-freer.o)
                                                  c:/users/franco/appdata/local/arduino15/packages/arduino/tools/arm-none-eabi-gcc/7-2017q4/bin/../lib/gcc/arm-none-eabi/7.2.1/../../../../arm-none-eabi/lib/thumb/v6-m\libc_nano.a(lib_a-reent.o)
                                                  c:/users/franco/appdata/local/arduino15/packages/arduino/tools/arm-none-eabi-gcc/7-2017q4/bin/../lib/gcc/arm-none-eabi/7.2.1/../../../../arm-none-eabi/lib/thumb/v6-m\libc_nano.a(lib_a-malloc.o)
_global_impure_ptr                                c:/users/franco/appdata/local/arduino15/packages/arduino/tools/arm-none-eabi-gcc/7-2017q4/bin/../lib/gcc/arm-none-eabi/7.2.1/../../../../arm-none-eabi/lib/thumb/v6-m\libc_nano.a(lib_a-impure.o)
                                                  c:/users/franco/appdata/local/arduino15/packages/arduino/tools/arm-none-eabi-gcc/7-2017q4/bin/../lib/gcc/arm-none-eabi/7.2.1/../../../../arm-none-eabi/lib/thumb/v6-m\libc_nano.a(lib_a-exit.o)
_impure_ptr                                       c:/users/franco/appdata/local/arduino15/packages/arduino/tools/arm-none-eabi-gcc/7-2017q4/bin/../lib/gcc/arm-none-eabi/7.2.1/../../../../arm-none-eabi/lib/thumb/v6-m\libc_nano.a(lib_a-impure.o)
                                                  c:/users/franco/appdata/local/arduino15/packages/arduino/tools/arm-none-eabi-gcc/7-2017q4/bin/../lib/gcc/arm-none-eabi/7.2.1/../../../../arm-none-eabi/lib/thumb/v6-m\libc_nano.a(lib_a-reent.o)
                                                  c:/users/franco/appdata/local/arduino15/packages/arduino/tools/arm-none-eabi-gcc/7-2017q4/bin/../lib/gcc/arm-none-eabi/7.2.1/../../../../arm-none-eabi/lib/thumb/v6-m\libc_nano.a(lib_a-random.o)
                                                  c:/users/franco/appdata/local/arduino15/packages/arduino/tools/arm-none-eabi-gcc/7-2017q4/bin/../lib/gcc/arm-none-eabi/7.2.1/../../../../arm-none-eabi/lib/thumb/v6-m\libc_nano.a(lib_a-malloc.o)
_init                                             c:/users/franco/appdata/local/arduino15/packages/arduino/tools/arm-none-eabi-gcc/7-2017q4/bin/../lib/gcc/arm-none-eabi/7.2.1/thumb/v6-m/crti.o
                                                  c:/users/franco/appdata/local/arduino15/packages/arduino/tools/arm-none-eabi-gcc/7-2017q4/bin/../lib/gcc/arm-none-eabi/7.2.1/../../../../arm-none-eabi/lib/thumb/v6-m\libc_nano.a(lib_a-init.o)
_mainCRTStartup                                   c:/users/franco/appdata/local/arduino15/packages/arduino/tools/arm-none-eabi-gcc/7-2017q4/bin/../lib/gcc/arm-none-eabi/7.2.1/../../../../arm-none-eabi/lib/thumb/v6-m/crt0.o
_malloc_r                                         c:/users/franco/appdata/local/arduino15/packages/arduino/tools/arm-none-eabi-gcc/7-2017q4/bin/../lib/gcc/arm-none-eabi/7.2.1/../../../../arm-none-eabi/lib/thumb/v6-m\libc_nano.a(lib_a-nano-mallocr.o)
                                                  c:/users/franco/appdata/local/arduino15/packages/arduino/tools/arm-none-eabi-gcc/7-2017q4/bin/../lib/gcc/arm-none-eabi/7.2.1/../../../../arm-none-eabi/lib/thumb/v6-m\libc_nano.a(lib_a-malloc.o)
_reclaim_reent                                    c:/users/franco/appdata/local/arduino15/packages/arduino/tools/arm-none-eabi-gcc/7-2017q4/bin/../lib/gcc/arm-none-eabi/7.2.1/../../../../arm-none-eabi/lib/thumb/v6-m\libc_nano.a(lib_a-reent.o)
_sbrk                                             c:/users/franco/appdata/local/arduino15/packages/arduino/tools/arm-none-eabi-gcc/7-2017q4/bin/../lib/gcc/arm-none-eabi/7.2.1/../../../../arm-none-eabi/lib/thumb/v6-m\libnosys.a(sbrk.o)
                                                  c:/users/franco/appdata/local/arduino15/packages/arduino/tools/arm-none-eabi-gcc/7-2017q4/bin/../lib/gcc/arm-none-eabi/7.2.1/../../../../arm-none-eabi/lib/thumb/v6-m\libc_nano.a(lib_a-sbrkr.o)
_sbrk_r                                           c:/users/franco/appdata/local/arduino15/packages/arduino/tools/arm-none-eabi-gcc/7-2017q4/bin/../lib/gcc/arm-none-eabi/7.2.1/../../../../arm-none-eabi/lib/thumb/v6-m\libc_nano.a(lib_a-sbrkr.o)
                                                  c:/users/franco/appdata/local/arduino15/packages/arduino/tools/arm-none-eabi-gcc/7-2017q4/bin/../lib/gcc/arm-none-eabi/7.2.1/../../../../arm-none-eabi/lib/thumb/v6-m\libc_nano.a(lib_a-nano-mallocr.o)
_start                                            c:/users/franco/appdata/local/arduino15/packages/arduino/tools/arm-none-eabi-gcc/7-2017q4/bin/../lib/gcc/arm-none-eabi/7.2.1/../../../../arm-none-eabi/lib/thumb/v6-m/crt0.o
apply_pmic_newdefaults                            build/board_driver_pmic.o
atexit                                            c:/users/franco/appdata/local/arduino15/packages/arduino/tools/arm-none-eabi-gcc/7-2017q4/bin/../lib/gcc/arm-none-eabi/7.2.1/../../../../arm-none-eabi/lib/thumb/v6-m/crt0.o
bOffset                                           build/NeoPixels.o
b_sam_ba_interface_usart                          build/sam_ba_monitor.o
b_sharp_received                                  build/sam_ba_serial.o
b_terminal_mode                                   build/sam_ba_monitor.o
begun                                             build/NeoPixels.o
board_init                                        build/board_init.o
                                                  build/main.o
brightness                                        build/NeoPixels.o
buffer_rx_usart                                   build/sam_ba_serial.o
buffer_tx_usart                                   build/sam_ba_serial.o
call_applet                                       build/sam_ba_monitor.o
cdc_getc                                          build/sam_ba_cdc.o
                                                  build/sam_ba_monitor.o
cdc_is_rx_ready                                   build/sam_ba_cdc.o
                                                  build/sam_ba_monitor.o
cdc_putc                                          build/sam_ba_cdc.o
                                                  build/sam_ba_monitor.o
cdc_read_buf                                      build/sam_ba_cdc.o
                                                  build/sam_ba_monitor.o
cdc_read_buf_xmd                                  build/sam_ba_cdc.o
                                                  build/sam_ba_monitor.o
cdc_write_buf                                     build/sam_ba_cdc.o
                                                  build/sam_ba_monitor.o
cleanup_glue                                      c:/users/franco/appdata/local/arduino15/packages/arduino/tools/arm-none-eabi-gcc/7-2017q4/bin/../lib/gcc/arm-none-eabi/7.2.1/../../../../arm-none-eabi/lib/thumb/v6-m\libc_nano.a(lib_a-reent.o)
command                                           build/sam_ba_monitor.o
configure_pmic                                    build/board_driver_pmic.o
                                                  build/main.o
current_number                                    build/sam_ba_monitor.o
data                                              build/sam_ba_monitor.o
delay                                             build/NeoPixels.o
disableCharge                                     build/board_driver_pmic.o
disableWatchdog                                   build/board_driver_pmic.o
end                                               c:/users/franco/appdata/local/arduino15/packages/arduino/tools/arm-none-eabi-gcc/7-2017q4/bin/../lib/gcc/arm-none-eabi/7.2.1/../../../../arm-none-eabi/lib/thumb/v6-m\libnosys.a(sbrk.o)
endTime                                           build/NeoPixels.o
errno                                             c:/users/franco/appdata/local/arduino15/packages/arduino/tools/arm-none-eabi-gcc/7-2017q4/bin/../lib/gcc/arm-none-eabi/7.2.1/../../../../arm-none-eabi/lib/thumb/v6-m\libc_nano.a(lib_a-reent.o)
                                                  c:/users/franco/appdata/local/arduino15/packages/arduino/tools/arm-none-eabi-gcc/7-2017q4/bin/../lib/gcc/arm-none-eabi/7.2.1/../../../../arm-none-eabi/lib/thumb/v6-m\libc_nano.a(lib_a-sbrkr.o)
error_timeout                                     build/sam_ba_serial.o
exception_table                                   build/board_startup.o
exit                                              c:/users/franco/appdata/local/arduino15/packages/arduino/tools/arm-none-eabi-gcc/7-2017q4/bin/../lib/gcc/arm-none-eabi/7.2.1/../../../../arm-none-eabi/lib/thumb/v6-m\libc_nano.a(lib_a-exit.o)
                                                  c:/users/franco/appdata/local/arduino15/packages/arduino/tools/arm-none-eabi-gcc/7-2017q4/bin/../lib/gcc/arm-none-eabi/7.2.1/../../../../arm-none-eabi/lib/thumb/v6-m/crt0.o
extEEPROMReadChunk                                build/extEEPROM.o
                                                  build/main.o
extEEPROMWriteChunk                               build/extEEPROM.o
                                                  build/main.o
extEEPROMread                                     build/extEEPROM.o
extEEPROMwrite                                    build/extEEPROM.o
fadeAllTo                                         build/NeoPixels.o
fadeToBlack                                       build/NeoPixels.o
free                                              c:/users/franco/appdata/local/arduino15/packages/arduino/tools/arm-none-eabi-gcc/7-2017q4/bin/../lib/gcc/arm-none-eabi/7.2.1/../../../../arm-none-eabi/lib/thumb/v6-m\libc_nano.a(lib_a-malloc.o)
gOffset                                           build/NeoPixels.o
g_interrupt_enabled                               build/board_init.o
getColor32                                        build/NeoPixels.o
getPixelColor                                     build/NeoPixels.o
hardware_init_hook                                c:/users/franco/appdata/local/arduino15/packages/arduino/tools/arm-none-eabi-gcc/7-2017q4/bin/../lib/gcc/arm-none-eabi/7.2.1/../../../../arm-none-eabi/lib/thumb/v6-m/crt0.o
i                                                 build/sam_ba_monitor.o
i2c_beginTransmission                             build/board_driver_i2c.o
                                                  build/board_driver_pmic.o
                                                  build/extEEPROM.o
i2c_end                                           build/board_driver_i2c.o
                                                  build/board_driver_pmic.o
i2c_endTransmission                               build/board_driver_i2c.o
                                                  build/board_driver_pmic.o
                                                  build/extEEPROM.o
i2c_init                                          build/board_driver_i2c.o
                                                  build/main.o
                                                  build/board_driver_pmic.o
i2c_read                                          build/board_driver_i2c.o
                                                  build/board_driver_pmic.o
                                                  build/extEEPROM.o
i2c_requestFrom                                   build/board_driver_i2c.o
                                                  build/board_driver_pmic.o
                                                  build/extEEPROM.o
i2c_write                                         build/board_driver_i2c.o
                                                  build/board_driver_pmic.o
                                                  build/extEEPROM.o
idx_rx_read                                       build/sam_ba_serial.o
idx_rx_write                                      build/sam_ba_serial.o
idx_tx_read                                       build/sam_ba_serial.o
idx_tx_write                                      build/sam_ba_serial.o
j                                                 build/sam_ba_monitor.o
ledDirection                                      build/board_driver_led.o
ledKeepValue                                      build/board_driver_led.o
ledState                                          build/board_driver_led.o
ledTargetValue                                    build/board_driver_led.o
length                                            build/sam_ba_monitor.o
line_coding                                       build/sam_ba_cdc.o
                                                  build/sam_ba_usb.o
main                                              build/main.o
                                                  build/board_startup.o
                                                  c:/users/franco/appdata/local/arduino15/packages/arduino/tools/arm-none-eabi-gcc/7-2017q4/bin/../lib/gcc/arm-none-eabi/7.2.1/../../../../arm-none-eabi/lib/thumb/v6-m/crt0.o
malloc                                            c:/users/franco/appdata/local/arduino15/packages/arduino/tools/arm-none-eabi-gcc/7-2017q4/bin/../lib/gcc/arm-none-eabi/7.2.1/../../../../arm-none-eabi/lib/thumb/v6-m\libc_nano.a(lib_a-malloc.o)
                                                  c:/users/franco/appdata/local/arduino15/packages/arduino/tools/arm-none-eabi-gcc/7-2017q4/bin/../lib/gcc/arm-none-eabi/7.2.1/../../../../arm-none-eabi/lib/thumb/v6-m\libc_nano.a(lib_a-random.o)
                                                  build/NeoPixels.o
memcpy                                            c:/users/franco/appdata/local/arduino15/packages/arduino/tools/arm-none-eabi-gcc/7-2017q4/bin/../lib/gcc/arm-none-eabi/7.2.1/../../../../arm-none-eabi/lib/thumb/v6-m\libc_nano.a(lib_a-memcpy-stub.o)
                                                  build/sam_ba_monitor.o
                                                  build/board_driver_usb.o
memset                                            c:/users/franco/appdata/local/arduino15/packages/arduino/tools/arm-none-eabi-gcc/7-2017q4/bin/../lib/gcc/arm-none-eabi/7.2.1/../../../../arm-none-eabi/lib/thumb/v6-m\libc_nano.a(lib_a-memset.o)
                                                  build/board_driver_usb.o
                                                  build/NeoPixels.o
                                                  c:/users/franco/appdata/local/arduino15/packages/arduino/tools/arm-none-eabi-gcc/7-2017q4/bin/../lib/gcc/arm-none-eabi/7.2.1/../../../../arm-none-eabi/lib/thumb/v6-m/crt0.o
meteorRain                                        build/NeoPixels.o
mode_of_transfer                                  build/sam_ba_serial.o
nStrips                                           build/NeoPixels.o
numBytes                                          build/NeoPixels.o
numLEDs                                           build/NeoPixels.o
numPixels                                         build/NeoPixels.o
pin                                               build/NeoPixels.o
pixels                                            build/NeoPixels.o
pixelsBegin                                       build/NeoPixels.o
                                                  build/main.o
pixelsShow                                        build/NeoPixels.o
                                                  build/main.o
                                                  build/board_driver_led.o
ptr                                               build/sam_ba_monitor.o
ptr_data                                          build/sam_ba_monitor.o
ptr_monitor_if                                    build/sam_ba_monitor.o
pulSketch_Start_Address                           build/main.o
rOffset                                           build/NeoPixels.o
rainbow                                           build/NeoPixels.o
rainbowAll                                        build/NeoPixels.o
random                                            c:/users/franco/appdata/local/arduino15/packages/arduino/tools/arm-none-eabi-gcc/7-2017q4/bin/../lib/gcc/arm-none-eabi/7.2.1/../../../../arm-none-eabi/lib/thumb/v6-m\libc_nano.a(lib_a-random.o)
                                                  build/NeoPixels.o
readRegister                                      build/board_driver_pmic.o
rxLEDPulse                                        build/sam_ba_monitor.o
sam_ba_cdc                                        build/sam_ba_usb.o
                                                  build/sam_ba_cdc.o
sam_ba_monitor_init                               build/sam_ba_monitor.o
                                                  build/main.o
sam_ba_monitor_run                                build/sam_ba_monitor.o
                                                  build/main.o
sam_ba_monitor_sys_tick                           build/sam_ba_monitor.o
                                                  build/main.o
sam_ba_putdata_term                               build/sam_ba_monitor.o
sam_ba_usb_CDC_Enumerate                          build/sam_ba_usb.o
                                                  build/board_driver_usb.o
serial_add_crc                                    build/sam_ba_serial.o
                                                  build/sam_ba_monitor.o
serial_close                                      build/sam_ba_serial.o
serial_getc                                       build/sam_ba_serial.o
                                                  build/sam_ba_monitor.o
serial_getdata                                    build/sam_ba_serial.o
                                                  build/sam_ba_monitor.o
serial_getdata_xmd                                build/sam_ba_serial.o
                                                  build/sam_ba_monitor.o
serial_is_rx_ready                                build/sam_ba_serial.o
                                                  build/sam_ba_monitor.o
serial_open                                       build/sam_ba_serial.o
                                                  build/main.o
serial_putc                                       build/sam_ba_serial.o
                                                  build/sam_ba_monitor.o
serial_putdata                                    build/sam_ba_serial.o
                                                  build/sam_ba_monitor.o
serial_putdata_xmd                                build/sam_ba_serial.o
                                                  build/sam_ba_monitor.o
serial_readc                                      build/sam_ba_serial.o
serial_sharp_received                             build/sam_ba_serial.o
                                                  build/main.o
setAll                                            build/NeoPixels.o
setBrightness                                     build/NeoPixels.o
                                                  build/main.o
setChargeCurrent                                  build/board_driver_pmic.o
setChargeVoltage                                  build/board_driver_pmic.o
setInputCurrentLimit                              build/board_driver_pmic.o
setInputVoltageLimit                              build/board_driver_pmic.o
setPin                                            build/NeoPixels.o
setPixelColor                                     build/NeoPixels.o
                                                  build/main.o
                                                  build/board_driver_led.o
setPixelColorC                                    build/NeoPixels.o
size_of_data                                      build/sam_ba_serial.o
software_init_hook                                c:/users/franco/appdata/local/arduino15/packages/arduino/tools/arm-none-eabi-gcc/7-2017q4/bin/../lib/gcc/arm-none-eabi/7.2.1/../../../../arm-none-eabi/lib/thumb/v6-m/crt0.o
sp                                                build/sam_ba_monitor.o
srandom                                           c:/users/franco/appdata/local/arduino15/packages/arduino/tools/arm-none-eabi-gcc/7-2017q4/bin/../lib/gcc/arm-none-eabi/7.2.1/../../../../arm-none-eabi/lib/thumb/v6-m\libc_nano.a(lib_a-random.o)
strlen                                            c:/users/franco/appdata/local/arduino15/packages/arduino/tools/arm-none-eabi-gcc/7-2017q4/bin/../lib/gcc/arm-none-eabi/7.2.1/../../../../arm-none-eabi/lib/thumb/v6-m\libc_nano.a(lib_a-strlen.o)
                                                  build/sam_ba_usb.o
txLEDPulse                                        build/sam_ba_monitor.o
u32tmp                                            build/sam_ba_monitor.o
uart_basic_init                                   build/board_driver_serial.o
                                                  build/sam_ba_serial.o
uart_disable                                      build/board_driver_serial.o
                                                  build/sam_ba_serial.o
uart_drv_error_flag                               build/board_driver_serial.o
uart_if                                           build/sam_ba_monitor.o
uart_read_buffer_polled                           build/board_driver_serial.o
uart_read_byte                                    build/board_driver_serial.o
                                                  build/sam_ba_serial.o
uart_write_buffer_polled                          build/board_driver_serial.o
uart_write_byte                                   build/board_driver_serial.o
                                                  build/sam_ba_serial.o
udd_ep_in_cache_buffer                            build/board_driver_usb.o
udd_ep_out_cache_buffer                           build/board_driver_usb.o
                                                  build/sam_ba_usb.o
usb_endpoint_table                                build/board_driver_usb.o
usb_init                                          build/sam_ba_usb.o
                                                  build/main.o
usbcdc_if                                         build/sam_ba_monitor.o
writeRegister                                     build/board_driver_pmic.o
