Archive member included to satisfy reference by file (symbol)

c:/program files (x86)/atmel/studio/7.0/toolchain/arm/arm-gnu-toolchain/bin/../lib/gcc/arm-none-eabi/6.3.1/thumb/v6-m\libgcc.a(_thumb1_case_uqi.o)
                              src/hid.o (__gnu_thumb1_case_uqi)
c:/program files (x86)/atmel/studio/7.0/toolchain/arm/arm-gnu-toolchain/bin/../lib/gcc/arm-none-eabi/6.3.1/../../../../arm-none-eabi/lib/thumb/v6-m\libc_nano.a(lib_a-memcpy-stub.o)
                              src/cdc_enumerate.o (memcpy)
c:/program files (x86)/atmel/studio/7.0/toolchain/arm/arm-gnu-toolchain/bin/../lib/gcc/arm-none-eabi/6.3.1/../../../../arm-none-eabi/lib/thumb/v6-m\libc_nano.a(lib_a-memset.o)
                              src/cdc_enumerate.o (memset)
c:/program files (x86)/atmel/studio/7.0/toolchain/arm/arm-gnu-toolchain/bin/../lib/gcc/arm-none-eabi/6.3.1/../../../../arm-none-eabi/lib/thumb/v6-m\libc_nano.a(lib_a-strlen.o)
                              src/cdc_enumerate.o (strlen)

Allocating common symbols
Common symbol       size              file

b_sharp_received    0x1               src/usart_sam_ba.o
timerHigh           0x4               src/utils.o
j                   0x1               src/sam_ba_monitor.o
idx_rx_write        0x1               src/usart_sam_ba.o
size_of_data        0x2               src/usart_sam_ba.o
ctrlOutCache        0x44              src/cdc_enumerate.o
length              0x4               src/sam_ba_monitor.o
ptr                 0x4               src/sam_ba_monitor.o
command             0x1               src/sam_ba_monitor.o
idx_tx_read         0x1               src/usart_sam_ba.o
resetHorizon        0x4               src/utils.o
i                   0x4               src/sam_ba_monitor.o
buffer_tx_usart     0x80              src/usart_sam_ba.o
error_timeout       0x1               src/usart_sam_ba.o
usb_endpoint_table  0x100             src/cdc_enumerate.o
data                0x41              src/sam_ba_monitor.o
mode_of_transfer    0x1               src/usart_sam_ba.o
ptr_data            0x4               src/sam_ba_monitor.o
idx_rx_read         0x1               src/usart_sam_ba.o
sp                  0x4               src/sam_ba_monitor.o
current_number      0x4               src/sam_ba_monitor.o
idx_tx_write        0x1               src/usart_sam_ba.o
endpointCache       0x220             src/cdc_enumerate.o
u32tmp              0x4               src/sam_ba_monitor.o
buffer_rx_usart     0x80              src/usart_sam_ba.o

Discarded input sections

 .text          0x00000000        0x0 src/main.o
 .data          0x00000000        0x0 src/main.o
 .bss           0x00000000        0x0 src/main.o
 .bss.cpu_irq_critical_section_counter
                0x00000000        0x4 src/main.o
 .bss.cpu_irq_prev_interrupt_state
                0x00000000        0x1 src/main.o
 .text          0x00000000        0x0 src/cdc_enumerate.o
 .data          0x00000000        0x0 src/cdc_enumerate.o
 .bss           0x00000000        0x0 src/cdc_enumerate.o
 .text.reset_ep
                0x00000000       0x24 src/cdc_enumerate.o
 .text.stall_ep
                0x00000000       0x2c src/cdc_enumerate.o
 .text.cdc_is_rx_ready
                0x00000000       0x20 src/cdc_enumerate.o
 .bss.cpu_irq_critical_section_counter
                0x00000000        0x4 src/cdc_enumerate.o
 .bss.cpu_irq_prev_interrupt_state
                0x00000000        0x1 src/cdc_enumerate.o
 .text          0x00000000        0x0 src/fat.o
 .data          0x00000000        0x0 src/fat.o
 .bss           0x00000000        0x0 src/fat.o
 .bss.cpu_irq_critical_section_counter
                0x00000000        0x4 src/fat.o
 .bss.cpu_irq_prev_interrupt_state
                0x00000000        0x1 src/fat.o
 .text          0x00000000        0x0 src/flash.o
 .data          0x00000000        0x0 src/flash.o
 .bss           0x00000000        0x0 src/flash.o
 .text.flash_write
                0x00000000       0x88 src/flash.o
 .bss.cpu_irq_critical_section_counter
                0x00000000        0x4 src/flash.o
 .bss.cpu_irq_prev_interrupt_state
                0x00000000        0x1 src/flash.o
 .text          0x00000000        0x0 src/hid.o
 .data          0x00000000        0x0 src/hid.o
 .bss           0x00000000        0x0 src/hid.o
 .bss.cpu_irq_critical_section_counter
                0x00000000        0x4 src/hid.o
 .bss.cpu_irq_prev_interrupt_state
                0x00000000        0x1 src/hid.o
 .text          0x00000000        0x0 src/init.o
 .data          0x00000000        0x0 src/init.o
 .bss           0x00000000        0x0 src/init.o
 .bss.cpu_irq_critical_section_counter
                0x00000000        0x4 src/init.o
 .bss.cpu_irq_prev_interrupt_state
                0x00000000        0x1 src/init.o
 .text          0x00000000        0x0 src/msc.o
 .data          0x00000000        0x0 src/msc.o
 .bss           0x00000000        0x0 src/msc.o
 .text.msc_reset
                0x00000000       0x1c src/msc.o
 .text.udd_ep_set_halt
                0x00000000       0x10 src/msc.o
 .bss.cpu_irq_critical_section_counter
                0x00000000        0x4 src/msc.o
 .bss.cpu_irq_prev_interrupt_state
                0x00000000        0x1 src/msc.o
 .bss.mscReset  0x00000000        0x1 src/msc.o
 .text          0x00000000        0x0 src/sam_ba_monitor.o
 .data          0x00000000        0x0 src/sam_ba_monitor.o
 .bss           0x00000000        0x0 src/sam_ba_monitor.o
 .text.sam_ba_monitor_init
                0x00000000        0x2 src/sam_ba_monitor.o
 .text.sam_ba_putdata_term
                0x00000000        0x8 src/sam_ba_monitor.o
 .bss.cpu_irq_critical_section_counter
                0x00000000        0x4 src/sam_ba_monitor.o
 .bss.cpu_irq_prev_interrupt_state
                0x00000000        0x1 src/sam_ba_monitor.o
 .text          0x00000000        0x0 src/startup_samd21.o
 .data          0x00000000        0x0 src/startup_samd21.o
 .bss           0x00000000        0x0 src/startup_samd21.o
 .bss.cpu_irq_critical_section_counter
                0x00000000        0x4 src/startup_samd21.o
 .bss.cpu_irq_prev_interrupt_state
                0x00000000        0x1 src/startup_samd21.o
 .text          0x00000000        0x0 src/uart_driver.o
 .data          0x00000000        0x0 src/uart_driver.o
 .bss           0x00000000        0x0 src/uart_driver.o
 .text.uart_get_sercom_index
                0x00000000       0x30 src/uart_driver.o
 .text.uart_basic_init
                0x00000000       0x58 src/uart_driver.o
 .text.uart_disable
                0x00000000       0x10 src/uart_driver.o
 .text.uart_write_byte
                0x00000000        0xc src/uart_driver.o
 .text.uart_read_byte
                0x00000000       0x28 src/uart_driver.o
 .text.uart_write_buffer_polled
                0x00000000       0x20 src/uart_driver.o
 .text.uart_read_buffer_polled
                0x00000000       0x3c src/uart_driver.o
 .rodata        0x00000000       0x18 src/uart_driver.o
 .bss.uart_drv_error_flag
                0x00000000        0x1 src/uart_driver.o
 .comment       0x00000000       0x5a src/uart_driver.o
 .ARM.attributes
                0x00000000       0x32 src/uart_driver.o
 .text          0x00000000        0x0 src/usart_sam_ba.o
 .data          0x00000000        0x0 src/usart_sam_ba.o
 .bss           0x00000000        0x0 src/usart_sam_ba.o
 .text.usart_open
                0x00000000       0xbc src/usart_sam_ba.o
 .text.usart_close
                0x00000000       0x10 src/usart_sam_ba.o
 .text.usart_putc
                0x00000000       0x14 src/usart_sam_ba.o
 .text.usart_is_rx_ready
                0x00000000       0x10 src/usart_sam_ba.o
 .text.usart_getc
                0x00000000       0x18 src/usart_sam_ba.o
 .text.usart_sharp_received
                0x00000000       0x1a src/usart_sam_ba.o
 .text.usart_readc
                0x00000000       0x20 src/usart_sam_ba.o
 .text.usart_putdata
                0x00000000       0x1a src/usart_sam_ba.o
 .text.usart_getdata
                0x00000000        0xe src/usart_sam_ba.o
 .text.getbytes
                0x00000000       0x68 src/usart_sam_ba.o
 .text.getPacket
                0x00000000       0x70 src/usart_sam_ba.o
 .text.usart_putdata_xmd
                0x00000000      0x110 src/usart_sam_ba.o
 .text.usart_getdata_xmd
                0x00000000       0xa4 src/usart_sam_ba.o
 .bss.cpu_irq_critical_section_counter
                0x00000000        0x4 src/usart_sam_ba.o
 .bss.cpu_irq_prev_interrupt_state
                0x00000000        0x1 src/usart_sam_ba.o
 COMMON         0x00000000      0x109 src/usart_sam_ba.o
 .text          0x00000000        0x0 src/utils.o
 .data          0x00000000        0x0 src/utils.o
 .bss           0x00000000        0x0 src/utils.o
 .text.panic    0x00000000        0x2 src/utils.o
 .bss.cpu_irq_critical_section_counter
                0x00000000        0x4 src/utils.o
 .bss.cpu_irq_prev_interrupt_state
                0x00000000        0x1 src/utils.o
 .data          0x00000000        0x0 c:/program files (x86)/atmel/studio/7.0/toolchain/arm/arm-gnu-toolchain/bin/../lib/gcc/arm-none-eabi/6.3.1/thumb/v6-m\libgcc.a(_thumb1_case_uqi.o)
 .bss           0x00000000        0x0 c:/program files (x86)/atmel/studio/7.0/toolchain/arm/arm-gnu-toolchain/bin/../lib/gcc/arm-none-eabi/6.3.1/thumb/v6-m\libgcc.a(_thumb1_case_uqi.o)
 .text          0x00000000        0x0 c:/program files (x86)/atmel/studio/7.0/toolchain/arm/arm-gnu-toolchain/bin/../lib/gcc/arm-none-eabi/6.3.1/../../../../arm-none-eabi/lib/thumb/v6-m\libc_nano.a(lib_a-memcpy-stub.o)
 .data          0x00000000        0x0 c:/program files (x86)/atmel/studio/7.0/toolchain/arm/arm-gnu-toolchain/bin/../lib/gcc/arm-none-eabi/6.3.1/../../../../arm-none-eabi/lib/thumb/v6-m\libc_nano.a(lib_a-memcpy-stub.o)
 .bss           0x00000000        0x0 c:/program files (x86)/atmel/studio/7.0/toolchain/arm/arm-gnu-toolchain/bin/../lib/gcc/arm-none-eabi/6.3.1/../../../../arm-none-eabi/lib/thumb/v6-m\libc_nano.a(lib_a-memcpy-stub.o)
 .text          0x00000000        0x0 c:/program files (x86)/atmel/studio/7.0/toolchain/arm/arm-gnu-toolchain/bin/../lib/gcc/arm-none-eabi/6.3.1/../../../../arm-none-eabi/lib/thumb/v6-m\libc_nano.a(lib_a-memset.o)
 .data          0x00000000        0x0 c:/program files (x86)/atmel/studio/7.0/toolchain/arm/arm-gnu-toolchain/bin/../lib/gcc/arm-none-eabi/6.3.1/../../../../arm-none-eabi/lib/thumb/v6-m\libc_nano.a(lib_a-memset.o)
 .bss           0x00000000        0x0 c:/program files (x86)/atmel/studio/7.0/toolchain/arm/arm-gnu-toolchain/bin/../lib/gcc/arm-none-eabi/6.3.1/../../../../arm-none-eabi/lib/thumb/v6-m\libc_nano.a(lib_a-memset.o)
 .data          0x00000000        0x0 c:/program files (x86)/atmel/studio/7.0/toolchain/arm/arm-gnu-toolchain/bin/../lib/gcc/arm-none-eabi/6.3.1/../../../../arm-none-eabi/lib/thumb/v6-m\libc_nano.a(lib_a-strlen.o)
 .bss           0x00000000        0x0 c:/program files (x86)/atmel/studio/7.0/toolchain/arm/arm-gnu-toolchain/bin/../lib/gcc/arm-none-eabi/6.3.1/../../../../arm-none-eabi/lib/thumb/v6-m\libc_nano.a(lib_a-strlen.o)

Memory Configuration

Name             Origin             Length             Attributes
rom              0x00000000         0x00002000         xr
ram              0x20000000         0x00008000         xrw
*default*        0x00000000         0xffffffff

Linker script and memory map

LOAD src/main.o
LOAD src/cdc_enumerate.o
LOAD src/fat.o
LOAD src/flash.o
LOAD src/hid.o
LOAD src/init.o
LOAD src/msc.o
LOAD src/sam_ba_monitor.o
LOAD src/startup_samd21.o
LOAD src/uart_driver.o
LOAD src/usart_sam_ba.o
LOAD src/utils.o
START GROUP
END GROUP
START GROUP
LOAD c:/program files (x86)/atmel/studio/7.0/toolchain/arm/arm-gnu-toolchain/bin/../lib/gcc/arm-none-eabi/6.3.1/thumb/v6-m\libgcc.a
LOAD c:/program files (x86)/atmel/studio/7.0/toolchain/arm/arm-gnu-toolchain/bin/../lib/gcc/arm-none-eabi/6.3.1/../../../../arm-none-eabi/lib/thumb/v6-m\libc_nano.a
END GROUP
START GROUP
LOAD c:/program files (x86)/atmel/studio/7.0/toolchain/arm/arm-gnu-toolchain/bin/../lib/gcc/arm-none-eabi/6.3.1/thumb/v6-m\libgcc.a
LOAD c:/program files (x86)/atmel/studio/7.0/toolchain/arm/arm-gnu-toolchain/bin/../lib/gcc/arm-none-eabi/6.3.1/../../../../arm-none-eabi/lib/thumb/v6-m\libc_nano.a
LOAD c:/program files (x86)/atmel/studio/7.0/toolchain/arm/arm-gnu-toolchain/bin/../lib/gcc/arm-none-eabi/6.3.1/../../../../arm-none-eabi/lib/thumb/v6-m\libnosys.a
END GROUP
START GROUP
LOAD c:/program files (x86)/atmel/studio/7.0/toolchain/arm/arm-gnu-toolchain/bin/../lib/gcc/arm-none-eabi/6.3.1/thumb/v6-m\libgcc.a
LOAD c:/program files (x86)/atmel/studio/7.0/toolchain/arm/arm-gnu-toolchain/bin/../lib/gcc/arm-none-eabi/6.3.1/../../../../arm-none-eabi/lib/thumb/v6-m\libc_nano.a
LOAD c:/program files (x86)/atmel/studio/7.0/toolchain/arm/arm-gnu-toolchain/bin/../lib/gcc/arm-none-eabi/6.3.1/../../../../arm-none-eabi/lib/thumb/v6-m\libnosys.a
END GROUP
                0x00002000                STACK_SIZE = DEFINED (STACK_SIZE)?STACK_SIZE:DEFINED (__stack_size__)?__stack_size__:0x2000

.text           0x00000000     0x1d20
                0x00000000                . = ALIGN (0x4)
                0x00000000                _sfixed = .
 *(.vectors .vectors.*)
 .vectors       0x00000000       0xb4 src/startup_samd21.o
                0x00000000                exception_table
 *(.text .text.* .gnu.linkonce.t.*)
 .text.startup.main
                0x000000b4      0x124 src/main.o
                0x000000b4                main
 .text.AT91F_InitUSB
                0x000001d8      0x10c src/cdc_enumerate.o
                0x000001d8                AT91F_InitUSB
 .text.USB_ReadCore
                0x000002e4       0xe0 src/cdc_enumerate.o
                0x000002e4                USB_ReadCore
 .text.USB_Read
                0x000003c4        0xa src/cdc_enumerate.o
                0x000003c4                USB_Read
 .text.USB_ReadBlocking
                0x000003ce       0x22 src/cdc_enumerate.o
                0x000003ce                USB_ReadBlocking
 .text.USB_WriteCore
                0x000003f0       0x94 src/cdc_enumerate.o
                0x000003f0                USB_WriteCore
 .text.USB_Write
                0x00000484        0xa src/cdc_enumerate.o
                0x00000484                USB_Write
 *fill*         0x0000048e        0x2 
 .text.sendCtrl
                0x00000490       0x1c src/cdc_enumerate.o
 .text.AT91F_USB_SendZlp
                0x000004ac       0x10 src/cdc_enumerate.o
                0x000004ac                AT91F_USB_SendZlp
 .text.USB_Ok   0x000004bc      0x4d4 src/cdc_enumerate.o
                0x000004bc                USB_Ok
 .text.usb_init
                0x00000990       0x20 src/cdc_enumerate.o
                0x00000990                usb_init
 .text.cdc_write_buf
                0x000009b0        0xe src/cdc_enumerate.o
                0x000009b0                cdc_write_buf
 .text.cdc_write_buf_xmd
                0x000009be        0xe src/cdc_enumerate.o
                0x000009be                cdc_write_buf_xmd
 .text.cdc_read_buf
                0x000009cc       0x1e src/cdc_enumerate.o
                0x000009cc                cdc_read_buf
 .text.cdc_read_buf_xmd
                0x000009ea       0x22 src/cdc_enumerate.o
                0x000009ea                cdc_read_buf_xmd
 .text.padded_memcpy
                0x00000a0c       0x20 src/fat.o
                0x00000a0c                padded_memcpy
 .text.read_block
                0x00000a2c      0x138 src/fat.o
                0x00000a2c                read_block
 .text.write_block
                0x00000b64       0xd8 src/fat.o
                0x00000b64                write_block
 .text.flash_erase_row
                0x00000c3c       0x28 src/flash.o
                0x00000c3c                flash_erase_row
 .text.copy_words
                0x00000c64       0x14 src/flash.o
                0x00000c64                copy_words
 .text.flash_write_words
                0x00000c78       0x54 src/flash.o
                0x00000c78                flash_write_words
 .text.flash_write_row
                0x00000ccc       0x2e src/flash.o
                0x00000ccc                flash_write_row
 .text.recv_hf2
                0x00000cfa       0x56 src/hid.o
                0x00000cfa                recv_hf2
 .text.send_hf2
                0x00000d50       0x46 src/hid.o
                0x00000d50                send_hf2
 .text.send_hf2_response
                0x00000d96       0x14 src/hid.o
                0x00000d96                send_hf2_response
 *fill*         0x00000daa        0x2 
 .text.process_core
                0x00000dac       0xf4 src/hid.o
                0x00000dac                process_core
 .text.process_hid
                0x00000ea0       0x28 src/hid.o
                0x00000ea0                process_hid
 .text.hidHandoverLoop
                0x00000ec8       0x24 src/hid.o
                0x00000ec8                hidHandoverLoop
 .text.gclk_sync
                0x00000eec       0x10 src/init.o
 .text.dfll_sync
                0x00000efc       0x10 src/init.o
 .text.system_init
                0x00000f0c       0xcc src/init.o
                0x00000f0c                system_init
 .text.SysTick_Handler
                0x00000fd8        0x8 src/init.o
                0x00000fd8                SysTick_Handler
 .text.udi_msc_clear_sense
                0x00000fe0       0x1c src/msc.o
 .text.handover_flash
                0x00000ffc       0x34 src/msc.o
 .text.try_read_cbw
                0x00001030       0x2c src/msc.o
                0x00001030                try_read_cbw
 .text.udi_msc_csw_send
                0x0000105c       0x14 src/msc.o
                0x0000105c                udi_msc_csw_send
 .text.udi_msc_csw_process
                0x00001070       0x38 src/msc.o
 .text.udi_msc_data_send
                0x000010a8       0x6c src/msc.o
 .text.udi_msc_spc_mode_sense
                0x00001114       0x70 src/msc.o
 .text.udi_msc_sbc_trans
                0x00001184       0xc4 src/msc.o
 .text.process_msc
                0x00001248      0x14c src/msc.o
                0x00001248                process_msc
 .text.handoverPrep
                0x00001394       0x2c src/msc.o
                0x00001394                handoverPrep
 .text.handover
                0x000013c0       0xe4 src/msc.o
 .text.call_applet
                0x000014a4       0x30 src/sam_ba_monitor.o
                0x000014a4                call_applet
 .text.put_uint32
                0x000014d4       0x16 src/sam_ba_monitor.o
                0x000014d4                put_uint32
 *fill*         0x000014ea        0x2 
 .text.sam_ba_monitor_run
                0x000014ec      0x28c src/sam_ba_monitor.o
                0x000014ec                sam_ba_monitor_run
 .text.Dummy_Handler
                0x00001778       0x14 src/startup_samd21.o
                0x00001778                DMAC_Handler
                0x00001778                AC_Handler
                0x00001778                PendSV_Handler
                0x00001778                NMI_Handler
                0x00001778                SERCOM1_Handler
                0x00001778                ADC_Handler
                0x00001778                TCC1_Handler
                0x00001778                SERCOM2_Handler
                0x00001778                TCC0_Handler
                0x00001778                RTC_Handler
                0x00001778                EIC_Handler
                0x00001778                WDT_Handler
                0x00001778                TC4_Handler
                0x00001778                USB_Handler
                0x00001778                TC3_Handler
                0x00001778                Dummy_Handler
                0x00001778                PM_Handler
                0x00001778                SERCOM5_Handler
                0x00001778                SVC_Handler
                0x00001778                TCC2_Handler
                0x00001778                EVSYS_Handler
                0x00001778                SERCOM3_Handler
                0x00001778                SERCOM4_Handler
                0x00001778                I2S_Handler
                0x00001778                NVMCTRL_Handler
                0x00001778                SERCOM0_Handler
                0x00001778                DAC_Handler
                0x00001778                PTC_Handler
                0x00001778                TC5_Handler
                0x00001778                SYSCTRL_Handler
 .text.HardFault_Handler
                0x0000178c        0x2 src/startup_samd21.o
                0x0000178c                HardFault_Handler
 *fill*         0x0000178e        0x2 
 .text.Reset_Handler
                0x00001790       0xb0 src/startup_samd21.o
                0x00001790                Reset_Handler
 .text.add_crc  0x00001840       0x54 src/usart_sam_ba.o
                0x00001840                add_crc
 .text.neopixel_send_buffer_core
                0x00001894       0x36 src/utils.o
 .text.delay    0x000018ca       0x10 src/utils.o
                0x000018ca                delay
 .text.writeNum
                0x000018da       0x3c src/utils.o
                0x000018da                writeNum
 *fill*         0x00001916        0x2 
 .text.resetIntoBootloader
                0x00001918       0x28 src/utils.o
                0x00001918                resetIntoBootloader
 .text.led_tick
                0x00001940       0x80 src/utils.o
                0x00001940                led_tick
 .text.led_signal
                0x000019c0       0x2c src/utils.o
                0x000019c0                led_signal
 .text.RGBLED_set_color
                0x000019ec       0x70 src/utils.o
                0x000019ec                RGBLED_set_color
 .text.resetIntoApp
                0x00001a5c       0x30 src/utils.o
                0x00001a5c                resetIntoApp
 .text.timerTick
                0x00001a8c       0x40 src/utils.o
                0x00001a8c                timerTick
 .text.led_init
                0x00001acc       0x18 src/utils.o
                0x00001acc                led_init
 .text          0x00001ae4       0x14 c:/program files (x86)/atmel/studio/7.0/toolchain/arm/arm-gnu-toolchain/bin/../lib/gcc/arm-none-eabi/6.3.1/thumb/v6-m\libgcc.a(_thumb1_case_uqi.o)
                0x00001ae4                __gnu_thumb1_case_uqi
 .text.memcpy   0x00001af8       0x12 c:/program files (x86)/atmel/studio/7.0/toolchain/arm/arm-gnu-toolchain/bin/../lib/gcc/arm-none-eabi/6.3.1/../../../../arm-none-eabi/lib/thumb/v6-m\libc_nano.a(lib_a-memcpy-stub.o)
                0x00001af8                memcpy
 .text.memset   0x00001b0a       0x10 c:/program files (x86)/atmel/studio/7.0/toolchain/arm/arm-gnu-toolchain/bin/../lib/gcc/arm-none-eabi/6.3.1/../../../../arm-none-eabi/lib/thumb/v6-m\libc_nano.a(lib_a-memset.o)
                0x00001b0a                memset
 .text          0x00001b1a        0xe c:/program files (x86)/atmel/studio/7.0/toolchain/arm/arm-gnu-toolchain/bin/../lib/gcc/arm-none-eabi/6.3.1/../../../../arm-none-eabi/lib/thumb/v6-m\libc_nano.a(lib_a-strlen.o)
                0x00001b1a                strlen
 *(.glue_7t)
 .glue_7t       0x00001b28        0x0 linker stubs
 *(.glue_7)
 .glue_7        0x00001b28        0x0 linker stubs
 *(.rodata .rodata* .gnu.linkonce.r.*)
 .rodata.devDescriptor
                0x00001b28       0x12 src/cdc_enumerate.o
                0x00001b28                devDescriptor
 *fill*         0x00001b3a        0x2 
 .rodata.hidDescriptor
                0x00001b3c       0x21 src/cdc_enumerate.o
                0x00001b3c                hidDescriptor
 .rodata.str1.1
                0x00001b5d       0x27 src/cdc_enumerate.o
 .rodata.string_descriptors
                0x00001b84       0x10 src/cdc_enumerate.o
 .rodata.BootBlock
                0x00001b94       0x3e src/fat.o
 .rodata.indexFile
                0x00001bd2       0x69 src/fat.o
                0x00001bd2                indexFile
 *fill*         0x00001c3b        0x1 
 .rodata.info   0x00001c3c       0x48 src/fat.o
 .rodata.infoUf2File
                0x00001c84       0x55 src/fat.o
                0x00001c84                infoUf2File
 .rodata        0x00001cd9        0xc src/msc.o
 .rodata.process_msc.str1.1
                0x00001ce5        0xe src/msc.o
 .rodata.fullVersion
                0x00001ce5       0x2a src/sam_ba_monitor.o
 .rodata.sam_ba_monitor_run.str1.1
                0x00001d0f       0x10 src/sam_ba_monitor.o
 *(.ARM.extab* .gnu.linkonce.armextab.*)
                0x00001d20                . = ALIGN (0x4)
 *fill*         0x00001d1f        0x1 
 *(.init)
                0x00001d20                . = ALIGN (0x4)
                0x00001d20                __preinit_array_start = .
 *(.preinit_array)
                0x00001d20                __preinit_array_end = .
                0x00001d20                . = ALIGN (0x4)
                0x00001d20                __init_array_start = .
 *(SORT(.init_array.*))
 *(.init_array)
                0x00001d20                __init_array_end = .
                0x00001d20                . = ALIGN (0x4)
 *crtbegin.o(.ctors)
 *(EXCLUDE_FILE(*crtend.o) .ctors)
 *(SORT(.ctors.*))
 *crtend.o(.ctors)
                0x00001d20                . = ALIGN (0x4)
                0x00001d20                _efixed = .
                [!provide]                PROVIDE (__exidx_start, .)

.vfp11_veneer   0x00001d20        0x0
 .vfp11_veneer  0x00001d20        0x0 linker stubs

.v4_bx          0x00001d20        0x0
 .v4_bx         0x00001d20        0x0 linker stubs

.iplt           0x00001d20        0x0
 .iplt          0x00001d20        0x0 src/main.o

.igot.plt       0x00001d20        0x0
 .igot.plt      0x00001d20        0x0 src/main.o

.rel.dyn        0x00001d20        0x0
 .rel.iplt      0x00001d20        0x0 src/main.o

.ARM.exidx
 *(.ARM.exidx* .gnu.linkonce.armexidx.*)
                [!provide]                PROVIDE (__exidx_end, .)
                0x00001d20                . = ALIGN (0x4)
                0x00001d20                _etext = .

.relocate       0x20000000      0x1cc load address 0x00001d20
                0x20000000                . = ALIGN (0x4)
                0x20000000                _srelocate = .
 *(.ramfunc .ramfunc.*)
 *(.data .data.*)
 .data.bosDescriptor
                0x20000000       0x39 src/cdc_enumerate.o
 *fill*         0x20000039        0x3 
 .data.cfgDescriptor
                0x2000003c       0x99 src/cdc_enumerate.o
                0x2000003c                cfgDescriptor
 *fill*         0x200000d5        0x3 
 .data.hidCfgDescriptor
                0x200000d8        0x9 src/cdc_enumerate.o
                0x200000d8                hidCfgDescriptor
 *fill*         0x200000e1        0x3 
 .data.line_coding
                0x200000e4        0x8 src/cdc_enumerate.o
 .data.msOS20Descriptor
                0x200000ec       0xaa src/cdc_enumerate.o
 .data.g_interrupt_enabled
                0x20000196        0x1 src/init.o
                0x20000196                g_interrupt_enabled
 .data.udi_msc_csw
                0x20000197        0xd src/msc.o
 .data.udi_msc_inquiry_data.12344
                0x200001a4       0x24 src/msc.o
 .data.led_tick_step
                0x200001c8        0x1 src/utils.o
                0x200001c8                led_tick_step
 .data.limit    0x200001c9        0x1 src/utils.o
                0x200001cc                . = ALIGN (0x4)
 *fill*         0x200001ca        0x2 
                0x200001cc                _erelocate = .

.bss            0x200001cc      0xbe4 load address 0x00001eec
                0x200001cc                . = ALIGN (0x4)
                0x200001cc                _sbss = .
                0x200001cc                _szero = .
 *(.bss .bss.*)
 .bss.main_b_cdc_enable
                0x200001cc        0x1 src/main.o
 .bss.currentConfiguration
                0x200001cd        0x1 src/cdc_enumerate.o
 .bss.wLength   0x200001ce        0x2 src/cdc_enumerate.o
 .bss.hidbufData
                0x200001d0      0x188 src/hid.o
 .bss.webbufData
                0x20000358      0x188 src/hid.o
 .bss.block_buffer
                0x200004e0      0x200 src/msc.o
 .bss.sense.12367
                0x200006e0       0x14 src/msc.o
 .bss.udi_msc_capacity.12377
                0x200006f4        0x8 src/msc.o
 .bss.udi_msc_cbw
                0x200006fc       0x1f src/msc.o
 .bss.udi_msc_sense
                0x2000071b       0x12 src/msc.o
 *fill*         0x2000072d        0x3 
 .bss.usbWriteState
                0x20000730       0x98 src/msc.o
 .bss.b_sam_ba_interface_usart
                0x200007c8        0x1 src/sam_ba_monitor.o
                0x200007c8                b_sam_ba_interface_usart
 *fill*         0x200007c9        0x3 
 .bss.src_buff_addr.12114
                0x200007cc        0x4 src/sam_ba_monitor.o
 .bss.crcCache  0x200007d0      0x200 src/usart_sam_ba.o
 .bss.now       0x200009d0        0x4 src/utils.o
 .bss.signal_end
                0x200009d4        0x4 src/utils.o
 .bss.timerLow  0x200009d8        0x4 src/utils.o
 *(COMMON)
 COMMON         0x200009dc      0x364 src/cdc_enumerate.o
                0x200009dc                ctrlOutCache
                0x20000a20                usb_endpoint_table
                0x20000b20                endpointCache
 COMMON         0x20000d40       0x68 src/sam_ba_monitor.o
                0x20000d40                j
                0x20000d44                length
                0x20000d48                ptr
                0x20000d4c                command
                0x20000d50                i
                0x20000d54                data
                0x20000d98                ptr_data
                0x20000d9c                sp
                0x20000da0                current_number
                0x20000da4                u32tmp
 COMMON         0x20000da8        0x8 src/utils.o
                0x20000da8                timerHigh
                0x20000dac                resetHorizon
                0x20000db0                . = ALIGN (0x4)
                0x20000db0                _ebss = .
                0x20000db0                _ezero = .

.stack          0x20000db0     0x2000 load address 0x00002ad0
                0x20000db0                . = ALIGN (0x8)
                0x20000db0                _sstack = .
                0x20002db0                . = (. + STACK_SIZE)
 *fill*         0x20000db0     0x2000 
                0x20002db0                . = ALIGN (0x8)
                0x20002db0                _estack = .
                0x20002db0                . = ALIGN (0x4)
                0x20002db0                _end = .
                0x00001ff0                _binfo_start = 0x1ff0

.binfo          0x00001ff0       0x10
 *(.binfo)
 .binfo         0x00001ff0       0x10 src/msc.o
                0x00001ff0                binfo
OUTPUT(uf2-samd21.elf elf32-littlearm)

.comment        0x00000000       0x59
 .comment       0x00000000       0x59 src/main.o
                                 0x5a (size before relaxing)
 .comment       0x00000059       0x5a src/cdc_enumerate.o
 .comment       0x00000059       0x5a src/fat.o
 .comment       0x00000059       0x5a src/flash.o
 .comment       0x00000059       0x5a src/hid.o
 .comment       0x00000059       0x5a src/init.o
 .comment       0x00000059       0x5a src/msc.o
 .comment       0x00000059       0x5a src/sam_ba_monitor.o
 .comment       0x00000059       0x5a src/startup_samd21.o
 .comment       0x00000059       0x5a src/usart_sam_ba.o
 .comment       0x00000059       0x5a src/utils.o

.ARM.attributes
                0x00000000       0x30
 .ARM.attributes
                0x00000000       0x32 src/main.o
 .ARM.attributes
                0x00000032       0x32 src/cdc_enumerate.o
 .ARM.attributes
                0x00000064       0x32 src/fat.o
 .ARM.attributes
                0x00000096       0x32 src/flash.o
 .ARM.attributes
                0x000000c8       0x32 src/hid.o
 .ARM.attributes
                0x000000fa       0x32 src/init.o
 .ARM.attributes
                0x0000012c       0x32 src/msc.o
 .ARM.attributes
                0x0000015e       0x32 src/sam_ba_monitor.o
 .ARM.attributes
                0x00000190       0x32 src/startup_samd21.o
 .ARM.attributes
                0x000001c2       0x32 src/usart_sam_ba.o
 .ARM.attributes
                0x000001f4       0x32 src/utils.o
 .ARM.attributes
                0x00000226       0x1e c:/program files (x86)/atmel/studio/7.0/toolchain/arm/arm-gnu-toolchain/bin/../lib/gcc/arm-none-eabi/6.3.1/thumb/v6-m\libgcc.a(_thumb1_case_uqi.o)
 .ARM.attributes
                0x00000244       0x2c c:/program files (x86)/atmel/studio/7.0/toolchain/arm/arm-gnu-toolchain/bin/../lib/gcc/arm-none-eabi/6.3.1/../../../../arm-none-eabi/lib/thumb/v6-m\libc_nano.a(lib_a-memcpy-stub.o)
 .ARM.attributes
                0x00000270       0x2c c:/program files (x86)/atmel/studio/7.0/toolchain/arm/arm-gnu-toolchain/bin/../lib/gcc/arm-none-eabi/6.3.1/../../../../arm-none-eabi/lib/thumb/v6-m\libc_nano.a(lib_a-memset.o)
 .ARM.attributes
                0x0000029c       0x1c c:/program files (x86)/atmel/studio/7.0/toolchain/arm/arm-gnu-toolchain/bin/../lib/gcc/arm-none-eabi/6.3.1/../../../../arm-none-eabi/lib/thumb/v6-m\libc_nano.a(lib_a-strlen.o)

.debug_frame    0x00000000       0x48
 .debug_frame   0x00000000       0x28 c:/program files (x86)/atmel/studio/7.0/toolchain/arm/arm-gnu-toolchain/bin/../lib/gcc/arm-none-eabi/6.3.1/../../../../arm-none-eabi/lib/thumb/v6-m\libc_nano.a(lib_a-memcpy-stub.o)
 .debug_frame   0x00000028       0x20 c:/program files (x86)/atmel/studio/7.0/toolchain/arm/arm-gnu-toolchain/bin/../lib/gcc/arm-none-eabi/6.3.1/../../../../arm-none-eabi/lib/thumb/v6-m\libc_nano.a(lib_a-memset.o)
