Archive member included to satisfy reference by file (symbol)

c:/users/franco/appdata/local/arduino15/packages/arduino/tools/arm-none-eabi-gcc/7-2017q4/bin/../lib/gcc/arm-none-eabi/7.2.1/thumb/v6-m\libgcc.a(_udivsi3.o)
                              build/NeoPixels.o (__aeabi_uidiv)
c:/users/franco/appdata/local/arduino15/packages/arduino/tools/arm-none-eabi-gcc/7-2017q4/bin/../lib/gcc/arm-none-eabi/7.2.1/thumb/v6-m\libgcc.a(_divsi3.o)
                              build/NeoPixels.o (__aeabi_idiv)
c:/users/franco/appdata/local/arduino15/packages/arduino/tools/arm-none-eabi-gcc/7-2017q4/bin/../lib/gcc/arm-none-eabi/7.2.1/thumb/v6-m\libgcc.a(_dvmd_tls.o)
                              c:/users/franco/appdata/local/arduino15/packages/arduino/tools/arm-none-eabi-gcc/7-2017q4/bin/../lib/gcc/arm-none-eabi/7.2.1/thumb/v6-m\libgcc.a(_udivsi3.o) (__aeabi_idiv0)
c:/users/franco/appdata/local/arduino15/packages/arduino/tools/arm-none-eabi-gcc/7-2017q4/bin/../lib/gcc/arm-none-eabi/7.2.1/../../../../arm-none-eabi/lib/thumb/v6-m\libc_nano.a(lib_a-exit.o)
                              c:/users/franco/appdata/local/arduino15/packages/arduino/tools/arm-none-eabi-gcc/7-2017q4/bin/../lib/gcc/arm-none-eabi/7.2.1/../../../../arm-none-eabi/lib/thumb/v6-m/crt0.o (exit)
c:/users/franco/appdata/local/arduino15/packages/arduino/tools/arm-none-eabi-gcc/7-2017q4/bin/../lib/gcc/arm-none-eabi/7.2.1/../../../../arm-none-eabi/lib/thumb/v6-m\libc_nano.a(lib_a-impure.o)
                              c:/users/franco/appdata/local/arduino15/packages/arduino/tools/arm-none-eabi-gcc/7-2017q4/bin/../lib/gcc/arm-none-eabi/7.2.1/../../../../arm-none-eabi/lib/thumb/v6-m\libc_nano.a(lib_a-exit.o) (_global_impure_ptr)
c:/users/franco/appdata/local/arduino15/packages/arduino/tools/arm-none-eabi-gcc/7-2017q4/bin/../lib/gcc/arm-none-eabi/7.2.1/../../../../arm-none-eabi/lib/thumb/v6-m\libc_nano.a(lib_a-init.o)
                              c:/users/franco/appdata/local/arduino15/packages/arduino/tools/arm-none-eabi-gcc/7-2017q4/bin/../lib/gcc/arm-none-eabi/7.2.1/../../../../arm-none-eabi/lib/thumb/v6-m/crt0.o (__libc_init_array)
c:/users/franco/appdata/local/arduino15/packages/arduino/tools/arm-none-eabi-gcc/7-2017q4/bin/../lib/gcc/arm-none-eabi/7.2.1/../../../../arm-none-eabi/lib/thumb/v6-m\libc_nano.a(lib_a-malloc.o)
                              build/NeoPixels.o (malloc)
c:/users/franco/appdata/local/arduino15/packages/arduino/tools/arm-none-eabi-gcc/7-2017q4/bin/../lib/gcc/arm-none-eabi/7.2.1/../../../../arm-none-eabi/lib/thumb/v6-m\libc_nano.a(lib_a-memcpy-stub.o)
                              build/board_driver_usb.o (memcpy)
c:/users/franco/appdata/local/arduino15/packages/arduino/tools/arm-none-eabi-gcc/7-2017q4/bin/../lib/gcc/arm-none-eabi/7.2.1/../../../../arm-none-eabi/lib/thumb/v6-m\libc_nano.a(lib_a-memset.o)
                              c:/users/franco/appdata/local/arduino15/packages/arduino/tools/arm-none-eabi-gcc/7-2017q4/bin/../lib/gcc/arm-none-eabi/7.2.1/../../../../arm-none-eabi/lib/thumb/v6-m/crt0.o (memset)
c:/users/franco/appdata/local/arduino15/packages/arduino/tools/arm-none-eabi-gcc/7-2017q4/bin/../lib/gcc/arm-none-eabi/7.2.1/../../../../arm-none-eabi/lib/thumb/v6-m\libc_nano.a(lib_a-nano-freer.o)
                              c:/users/franco/appdata/local/arduino15/packages/arduino/tools/arm-none-eabi-gcc/7-2017q4/bin/../lib/gcc/arm-none-eabi/7.2.1/../../../../arm-none-eabi/lib/thumb/v6-m\libc_nano.a(lib_a-malloc.o) (_free_r)
c:/users/franco/appdata/local/arduino15/packages/arduino/tools/arm-none-eabi-gcc/7-2017q4/bin/../lib/gcc/arm-none-eabi/7.2.1/../../../../arm-none-eabi/lib/thumb/v6-m\libc_nano.a(lib_a-nano-mallocr.o)
                              c:/users/franco/appdata/local/arduino15/packages/arduino/tools/arm-none-eabi-gcc/7-2017q4/bin/../lib/gcc/arm-none-eabi/7.2.1/../../../../arm-none-eabi/lib/thumb/v6-m\libc_nano.a(lib_a-malloc.o) (_malloc_r)
c:/users/franco/appdata/local/arduino15/packages/arduino/tools/arm-none-eabi-gcc/7-2017q4/bin/../lib/gcc/arm-none-eabi/7.2.1/../../../../arm-none-eabi/lib/thumb/v6-m\libc_nano.a(lib_a-random.o)
                              build/NeoPixels.o (random)
c:/users/franco/appdata/local/arduino15/packages/arduino/tools/arm-none-eabi-gcc/7-2017q4/bin/../lib/gcc/arm-none-eabi/7.2.1/../../../../arm-none-eabi/lib/thumb/v6-m\libc_nano.a(lib_a-sbrkr.o)
                              c:/users/franco/appdata/local/arduino15/packages/arduino/tools/arm-none-eabi-gcc/7-2017q4/bin/../lib/gcc/arm-none-eabi/7.2.1/../../../../arm-none-eabi/lib/thumb/v6-m\libc_nano.a(lib_a-nano-mallocr.o) (_sbrk_r)
c:/users/franco/appdata/local/arduino15/packages/arduino/tools/arm-none-eabi-gcc/7-2017q4/bin/../lib/gcc/arm-none-eabi/7.2.1/../../../../arm-none-eabi/lib/thumb/v6-m\libc_nano.a(lib_a-strlen.o)
                              build/sam_ba_usb.o (strlen)
[...]
Memory Configuration

Name             Origin             Length             Attributes
FLASH            0x00000000         0x00002000         xr
RAM              0x20000000         0x00007ffc         xrw
*default*        0x00000000         0xffffffff

Linker script and memory map

LOAD c:/users/franco/appdata/local/arduino15/packages/arduino/tools/arm-none-eabi-gcc/7-2017q4/bin/../lib/gcc/arm-none-eabi/7.2.1/thumb/v6-m/crti.o
LOAD c:/users/franco/appdata/local/arduino15/packages/arduino/tools/arm-none-eabi-gcc/7-2017q4/bin/../lib/gcc/arm-none-eabi/7.2.1/thumb/v6-m/crtbegin.o
LOAD c:/users/franco/appdata/local/arduino15/packages/arduino/tools/arm-none-eabi-gcc/7-2017q4/bin/../lib/gcc/arm-none-eabi/7.2.1/../../../../arm-none-eabi/lib/thumb/v6-m/crt0.o
START GROUP
LOAD build/board_driver_led.o
LOAD build/extEEPROM.o
LOAD build/NeoPixels.o
LOAD build/board_driver_i2c.o
LOAD build/board_driver_jtag.o
LOAD build/board_driver_serial.o
LOAD build/board_driver_usb.o
LOAD build/board_init.o
LOAD build/board_startup.o
LOAD build/main.o
LOAD build/sam_ba_usb.o
LOAD build/sam_ba_cdc.o
LOAD build/sam_ba_monitor.o
LOAD build/sam_ba_serial.o
LOAD c:/users/franco/appdata/local/arduino15/packages/arduino/tools/arm-none-eabi-gcc/7-2017q4/bin/../lib/gcc/arm-none-eabi/7.2.1/../../../../arm-none-eabi/lib/thumb/v6-m\libm.a
END GROUP
START GROUP
LOAD c:/users/franco/appdata/local/arduino15/packages/arduino/tools/arm-none-eabi-gcc/7-2017q4/bin/../lib/gcc/arm-none-eabi/7.2.1/thumb/v6-m\libgcc.a
LOAD c:/users/franco/appdata/local/arduino15/packages/arduino/tools/arm-none-eabi-gcc/7-2017q4/bin/../lib/gcc/arm-none-eabi/7.2.1/../../../../arm-none-eabi/lib/thumb/v6-m\libc_nano.a
END GROUP
START GROUP
LOAD c:/users/franco/appdata/local/arduino15/packages/arduino/tools/arm-none-eabi-gcc/7-2017q4/bin/../lib/gcc/arm-none-eabi/7.2.1/thumb/v6-m\libgcc.a
LOAD c:/users/franco/appdata/local/arduino15/packages/arduino/tools/arm-none-eabi-gcc/7-2017q4/bin/../lib/gcc/arm-none-eabi/7.2.1/../../../../arm-none-eabi/lib/thumb/v6-m\libc_nano.a
LOAD c:/users/franco/appdata/local/arduino15/packages/arduino/tools/arm-none-eabi-gcc/7-2017q4/bin/../lib/gcc/arm-none-eabi/7.2.1/../../../../arm-none-eabi/lib/thumb/v6-m\libnosys.a
END GROUP
START GROUP
LOAD c:/users/franco/appdata/local/arduino15/packages/arduino/tools/arm-none-eabi-gcc/7-2017q4/bin/../lib/gcc/arm-none-eabi/7.2.1/thumb/v6-m\libgcc.a
LOAD c:/users/franco/appdata/local/arduino15/packages/arduino/tools/arm-none-eabi-gcc/7-2017q4/bin/../lib/gcc/arm-none-eabi/7.2.1/../../../../arm-none-eabi/lib/thumb/v6-m\libc_nano.a
LOAD c:/users/franco/appdata/local/arduino15/packages/arduino/tools/arm-none-eabi-gcc/7-2017q4/bin/../lib/gcc/arm-none-eabi/7.2.1/../../../../arm-none-eabi/lib/thumb/v6-m\libnosys.a
END GROUP
LOAD c:/users/franco/appdata/local/arduino15/packages/arduino/tools/arm-none-eabi-gcc/7-2017q4/bin/../lib/gcc/arm-none-eabi/7.2.1/thumb/v6-m/crtend.o
LOAD c:/users/franco/appdata/local/arduino15/packages/arduino/tools/arm-none-eabi-gcc/7-2017q4/bin/../lib/gcc/arm-none-eabi/7.2.1/thumb/v6-m/crtn.o
                0x00000000                . = ORIGIN (FLASH)

.vectors        0x00000000       0x40
 *(.isr_vector)
 .isr_vector    0x00000000       0x40 build/board_startup.o
                0x00000000                exception_table

.text           0x00000040     0x1718
 *(.text*)
 .text          0x00000040       0x48 c:/users/franco/appdata/local/arduino15/packages/arduino/tools/arm-none-eabi-gcc/7-2017q4/bin/../lib/gcc/arm-none-eabi/7.2.1/thumb/v6-m/crtbegin.o
 .text.LED_pulse
                0x00000088       0x80 build/board_driver_led.o
                0x00000088                LED_pulse
 .text.USB_IsConfigured
                0x00000108       0x90 build/board_driver_usb.o
                0x00000108                USB_IsConfigured
 .text.USB_Open
                0x00000198       0x1c build/board_driver_usb.o
                0x00000198                USB_Open
 .text.USB_Init
                0x000001b4      0x10c build/board_driver_usb.o
                0x000001b4                USB_Init
 .text.USB_Write
                0x000002c0       0xa4 build/board_driver_usb.o
                0x000002c0                USB_Write
 .text.USB_Read
                0x00000364       0x88 build/board_driver_usb.o
                0x00000364                USB_Read
 .text.USB_SendStall
                0x000003ec       0x20 build/board_driver_usb.o
                0x000003ec                USB_SendStall
 .text.USB_SendZlp
                0x0000040c       0x30 build/board_driver_usb.o
                0x0000040c                USB_SendZlp
 .text.USB_SetAddress
                0x0000043c        0xc build/board_driver_usb.o
                0x0000043c                USB_SetAddress
 .text.USB_Configure
                0x00000448       0x68 build/board_driver_usb.o
                0x00000448                USB_Configure
 .text.gclk_sync
                0x000004b0       0x10 build/board_init.o
 .text.dfll_sync
                0x000004c0       0x10 build/board_init.o
 .text.board_init
                0x000004d0       0xe0 build/board_init.o
                0x000004d0                board_init
 .text.NMI_Handler
                0x000005b0        0x4 build/board_startup.o
                0x000005b0                NMI_Handler
 .text.HardFault_Handler
                0x000005b4        0x4 build/board_startup.o
                0x000005b4                HardFault_Handler
 .text.SVC_Handler
                0x000005b8        0x4 build/board_startup.o
                0x000005b8                SVC_Handler
 .text.PendSV_Handler
                0x000005bc        0x4 build/board_startup.o
                0x000005bc                PendSV_Handler
 .text.Reset_Handler
                0x000005c0       0x74 build/board_startup.o
                0x000005c0                Reset_Handler
 .text.jump_to_application
                0x00000634       0x2c build/main.o
 .text.main     0x00000660       0xf4 build/main.o
                0x00000660                main
 .text.SysTick_Handler
                0x00000754        0xc build/main.o
                0x00000754                SysTick_Handler
 .text.usb_init
                0x00000760       0x20 build/sam_ba_usb.o
                0x00000760                usb_init
 .text.USB_SendString
                0x00000780       0x5c build/sam_ba_usb.o
                0x00000780                USB_SendString
 .text.sam_ba_usb_CDC_Enumerate
                0x000007dc      0x474 build/sam_ba_usb.o
                0x000007dc                sam_ba_usb_CDC_Enumerate
 .text.cdc_putc
                0x00000c50       0x20 build/sam_ba_cdc.o
                0x00000c50                cdc_putc
 .text.cdc_getc
                0x00000c70       0x20 build/sam_ba_cdc.o
                0x00000c70                cdc_getc
 .text.cdc_is_rx_ready
                0x00000c90       0x24 build/sam_ba_cdc.o
                0x00000c90                cdc_is_rx_ready
 .text.cdc_write_buf
                0x00000cb4       0x1c build/sam_ba_cdc.o
                0x00000cb4                cdc_write_buf
 .text.cdc_read_buf
                0x00000cd0       0x2c build/sam_ba_cdc.o
                0x00000cd0                cdc_read_buf
 .text.cdc_read_buf_xmd
                0x00000cfc       0x38 build/sam_ba_cdc.o
                0x00000cfc                cdc_read_buf_xmd
 .text.sam_ba_putdata
                0x00000d34       0x24 build/sam_ba_monitor.o
 .text.sam_ba_monitor_init
                0x00000d58       0x14 build/sam_ba_monitor.o
                0x00000d58                sam_ba_monitor_init
 .text.sam_ba_putdata_term
                0x00000d6c       0x94 build/sam_ba_monitor.o
                0x00000d6c                sam_ba_putdata_term
 .text.call_applet
                0x00000e00       0x20 build/sam_ba_monitor.o
                0x00000e00                call_applet
 .text.sam_ba_monitor_sys_tick
                0x00000e20       0x50 build/sam_ba_monitor.o
                0x00000e20                sam_ba_monitor_sys_tick
 .text.sam_ba_monitor_run
                0x00000e70      0x5cc build/sam_ba_monitor.o
                0x00000e70                sam_ba_monitor_run
 .text.serial_add_crc
                0x0000143c       0x18 build/sam_ba_serial.o
                0x0000143c                serial_add_crc
 .text.memcpy   0x00001454       0x12 c:/users/franco/appdata/local/arduino15/packages/arduino/tools/arm-none-eabi-gcc/7-2017q4/bin/../lib/gcc/arm-none-eabi/7.2.1/../../../../arm-none-eabi/lib/thumb/v6-m\libc_nano.a(lib_a-memcpy-stub.o)
                0x00001454                memcpy
 .text.memset   0x00001466       0x10 c:/users/franco/appdata/local/arduino15/packages/arduino/tools/arm-none-eabi-gcc/7-2017q4/bin/../lib/gcc/arm-none-eabi/7.2.1/../../../../arm-none-eabi/lib/thumb/v6-m\libc_nano.a(lib_a-memset.o)
                0x00001466                memset
 .text          0x00001476        0xe c:/users/franco/appdata/local/arduino15/packages/arduino/tools/arm-none-eabi-gcc/7-2017q4/bin/../lib/gcc/arm-none-eabi/7.2.1/../../../../arm-none-eabi/lib/thumb/v6-m\libc_nano.a(lib_a-strlen.o)
                0x00001476                strlen
 *(.init)
 .init          0x00001484        0x4 c:/users/franco/appdata/local/arduino15/packages/arduino/tools/arm-none-eabi-gcc/7-2017q4/bin/../lib/gcc/arm-none-eabi/7.2.1/thumb/v6-m/crti.o
                0x00001484                _init
 .init          0x00001488        0x8 c:/users/franco/appdata/local/arduino15/packages/arduino/tools/arm-none-eabi-gcc/7-2017q4/bin/../lib/gcc/arm-none-eabi/7.2.1/thumb/v6-m/crtn.o
 *(.fini)
 .fini          0x00001490        0x4 c:/users/franco/appdata/local/arduino15/packages/arduino/tools/arm-none-eabi-gcc/7-2017q4/bin/../lib/gcc/arm-none-eabi/7.2.1/thumb/v6-m/crti.o
                0x00001490                _fini
 .fini          0x00001494        0x8 c:/users/franco/appdata/local/arduino15/packages/arduino/tools/arm-none-eabi-gcc/7-2017q4/bin/../lib/gcc/arm-none-eabi/7.2.1/thumb/v6-m/crtn.o
 *crtbegin.o(.ctors)
 *crtbegin?.o(.ctors)
 *(EXCLUDE_FILE(*crtend.o *crtend?.o) .ctors)
 *(SORT_BY_NAME(.ctors.*))
 *(.ctors)
 *crtbegin.o(.dtors)
 *crtbegin?.o(.dtors)
 *(EXCLUDE_FILE(*crtend.o *crtend?.o) .dtors)
 *(SORT_BY_NAME(.dtors.*))
 *(.dtors)
 *(.rodata*)
 .rodata        0x0000149c        0x4 build/sam_ba_usb.o
 .rodata.devDescriptor
                0x000014a0       0x12 build/sam_ba_usb.o
 *fill*         0x000014b2        0x2 
 .rodata.sam_ba_usb_CDC_Enumerate.str1.4
                0x000014b4       0x18 build/sam_ba_usb.o
 .rodata        0x000014cc       0x20 build/sam_ba_monitor.o
 .rodata.RomBOOT_ExtendedCapabilities
                0x000014ec        0xe build/sam_ba_monitor.o
                0x000014ec                RomBOOT_ExtendedCapabilities
 *fill*         0x000014fa        0x2 
 .rodata.RomBOOT_Version
                0x000014fc        0x4 build/sam_ba_monitor.o
                0x000014fc                RomBOOT_Version
 .rodata.sam_ba_monitor_run.str1.4
                0x00001500       0x38 build/sam_ba_monitor.o
                                 0x36 (size before relaxing)
 .rodata.usbcdc_if
                0x00001538       0x1c build/sam_ba_monitor.o
                0x00001538                usbcdc_if
 .rodata.crc16Table
                0x00001554      0x200 build/sam_ba_serial.o
 *(.eh_frame*)
 .eh_frame      0x00001754        0x0 c:/users/franco/appdata/local/arduino15/packages/arduino/tools/arm-none-eabi-gcc/7-2017q4/bin/../lib/gcc/arm-none-eabi/7.2.1/thumb/v6-m/crtbegin.o
 .eh_frame      0x00001754        0x4 c:/users/franco/appdata/local/arduino15/packages/arduino/tools/arm-none-eabi-gcc/7-2017q4/bin/../lib/gcc/arm-none-eabi/7.2.1/thumb/v6-m/crtend.o

.glue_7         0x00001758        0x0
 .glue_7        0x00001758        0x0 linker stubs

.glue_7t        0x00001758        0x0
 .glue_7t       0x00001758        0x0 linker stubs

.vfp11_veneer   0x00001758        0x0
 .vfp11_veneer  0x00001758        0x0 linker stubs

.v4_bx          0x00001758        0x0
 .v4_bx         0x00001758        0x0 linker stubs

.iplt           0x00001758        0x0
 .iplt          0x00001758        0x0 c:/users/franco/appdata/local/arduino15/packages/arduino/tools/arm-none-eabi-gcc/7-2017q4/bin/../lib/gcc/arm-none-eabi/7.2.1/thumb/v6-m/crtbegin.o

.rel.dyn        0x00001758        0x0
 .rel.iplt      0x00001758        0x0 c:/users/franco/appdata/local/arduino15/packages/arduino/tools/arm-none-eabi-gcc/7-2017q4/bin/../lib/gcc/arm-none-eabi/7.2.1/thumb/v6-m/crtbegin.o

.ARM.extab
 *(.ARM.extab* .gnu.linkonce.armextab.*)
                0x00001758                __exidx_start = .

.ARM.exidx
 *(.ARM.exidx* .gnu.linkonce.armexidx.*)
                0x00001758                __exidx_end = .
                0x00001758                __etext = .
                0x00002000                PROVIDE (__sketch_vectors_ptr, (ORIGIN (FLASH) + LENGTH (FLASH)))

.data           0x20000000       0x58 load address 0x00001758
                0x20000000                __data_start__ = .
 *(vtable)
 *(.data*)
 .data.ledDirection
                0x20000000        0x1 build/board_driver_led.o
                0x20000000                ledDirection
 .data.ledTargetValue
                0x20000001        0x1 build/board_driver_led.o
                0x20000001                ledTargetValue
 *fill*         0x20000002        0x2 
 .data.cfgDescriptor
                0x20000004       0x43 build/sam_ba_usb.o
 *fill*         0x20000047        0x1 
 .data.line_coding
                0x20000048        0x8 build/sam_ba_cdc.o
                0x20000048                line_coding
                0x20000050                . = ALIGN (0x4)
                0x20000050                PROVIDE (__preinit_array_start, .)
 *(.preinit_array)
                0x20000050                PROVIDE (__preinit_array_end, .)
                0x20000050                . = ALIGN (0x4)
                0x20000050                PROVIDE (__init_array_start, .)
 *(SORT_BY_NAME(.init_array.*))
 *(.init_array)
 .init_array    0x20000050        0x4 c:/users/franco/appdata/local/arduino15/packages/arduino/tools/arm-none-eabi-gcc/7-2017q4/bin/../lib/gcc/arm-none-eabi/7.2.1/thumb/v6-m/crtbegin.o
                0x20000054                PROVIDE (__init_array_end, .)
                0x20000054                . = ALIGN (0x4)
                [!provide]                PROVIDE (__fini_array_start, .)
 *(SORT_BY_NAME(.fini_array.*))
 *(.fini_array)
 .fini_array    0x20000054        0x4 c:/users/franco/appdata/local/arduino15/packages/arduino/tools/arm-none-eabi-gcc/7-2017q4/bin/../lib/gcc/arm-none-eabi/7.2.1/thumb/v6-m/crtbegin.o
                [!provide]                PROVIDE (__fini_array_end, .)
 *(.jcr*)
                0x20000058                . = ALIGN (0x4)
                0x20000058                __data_end__ = .

.igot.plt       0x20000058        0x0 load address 0x000017b0
 .igot.plt      0x20000058        0x0 c:/users/franco/appdata/local/arduino15/packages/arduino/tools/arm-none-eabi-gcc/7-2017q4/bin/../lib/gcc/arm-none-eabi/7.2.1/thumb/v6-m/crtbegin.o

.bss            0x20000058      0x23c load address 0x000017b0
                0x20000058                . = ALIGN (0x4)
                0x20000058                __bss_start__ = .
 *(.bss*)
 .bss           0x20000058       0x1c c:/users/franco/appdata/local/arduino15/packages/arduino/tools/arm-none-eabi-gcc/7-2017q4/bin/../lib/gcc/arm-none-eabi/7.2.1/thumb/v6-m/crtbegin.o
 .bss.ledKeepValue
                0x20000074        0x1 build/board_driver_led.o
                0x20000074                ledKeepValue
 .bss.read_job  0x20000075        0x1 build/board_driver_usb.o
 .bss.jump_to_app
                0x20000076        0x1 build/main.o
 .bss.main_b_cdc_enable
                0x20000077        0x1 build/main.o
 .bss.bRequest.10450
                0x20000078        0x1 build/sam_ba_usb.o
 .bss.bmRequestType.10449
                0x20000079        0x1 build/sam_ba_usb.o
 .bss.dir.10451
                0x2000007a        0x1 build/sam_ba_usb.o
 *fill*         0x2000007b        0x1 
 .bss.wIndex.10453
                0x2000007c        0x2 build/sam_ba_usb.o
 .bss.wLength.10454
                0x2000007e        0x2 build/sam_ba_usb.o
 .bss.wStatus.10455
                0x20000080        0x2 build/sam_ba_usb.o
 .bss.wValue.10452
                0x20000082        0x2 build/sam_ba_usb.o
 .bss.b_sam_ba_interface_usart
                0x20000084        0x1 build/sam_ba_monitor.o
                0x20000084                b_sam_ba_interface_usart
 .bss.b_terminal_mode
                0x20000085        0x1 build/sam_ba_monitor.o
                0x20000085                b_terminal_mode
 .bss.rxLEDPulse
                0x20000086        0x2 build/sam_ba_monitor.o
                0x20000086                rxLEDPulse
 .bss.src_buff_addr.11923
                0x20000088        0x4 build/sam_ba_monitor.o
 .bss.txLEDPulse
                0x2000008c        0x2 build/sam_ba_monitor.o
                0x2000008c                txLEDPulse
 *(COMMON)
 *fill*         0x2000008e        0x2 
 COMMON         0x20000090      0x180 build/board_driver_usb.o
                0x20000090                udd_ep_out_cache_buffer
                0x20000110                udd_ep_in_cache_buffer
                0x20000190                usb_endpoint_table
 COMMON         0x20000210        0x4 build/main.o
                0x20000210                pulSketch_Start_Address
 COMMON         0x20000214        0xc build/sam_ba_usb.o
                0x20000214                sam_ba_cdc
 COMMON         0x20000220       0x74 build/sam_ba_monitor.o
                0x20000220                j
                0x20000224                length
                0x20000228                ptr
                0x2000022c                command
                0x20000230                MAX_FLASH
                0x20000234                PAGES
                0x20000238                i
                0x2000023c                PAGE_SIZE
                0x20000240                data
                0x20000280                ptr_data
                0x20000284                ptr_monitor_if
                0x20000288                sp
                0x2000028c                current_number
                0x20000290                u32tmp
                0x20000294                . = ALIGN (0x4)
                0x20000294                __bss_end__ = .

.heap           0x20000294        0x0
                0x20000294                __end__ = .
                0x20000294                PROVIDE (end, .)
 *(.heap*)
                0x20000294                __HeapLimit = .

.stack_dummy    0x20000294        0x0
 *(.stack*)
                0x20007ffc                __StackTop = (ORIGIN (RAM) + LENGTH (RAM))
                0x20007ffc                __StackLimit = (__StackTop - SIZEOF (.stack_dummy))
                0x20007ffc                PROVIDE (__stack, __StackTop)
                0x20007ffb                __ram_end__ = ((ORIGIN (RAM) + LENGTH (RAM)) - 0x1)
                0x00000001                ASSERT ((__StackLimit >= __HeapLimit), region RAM overflowed with stack)
OUTPUT(build/samd21_sam_ba.elf elf32-littlearm)

.ARM.attributes
                0x00000000       0x28
 .ARM.attributes
                0x00000000       0x1e c:/users/franco/appdata/local/arduino15/packages/arduino/tools/arm-none-eabi-gcc/7-2017q4/bin/../lib/gcc/arm-none-eabi/7.2.1/thumb/v6-m/crti.o
 .ARM.attributes
                0x0000001e       0x2c c:/users/franco/appdata/local/arduino15/packages/arduino/tools/arm-none-eabi-gcc/7-2017q4/bin/../lib/gcc/arm-none-eabi/7.2.1/thumb/v6-m/crtbegin.o
 .ARM.attributes
                0x0000004a       0x32 build/board_driver_led.o
 .ARM.attributes
                0x0000007c       0x32 build/board_driver_usb.o
 .ARM.attributes
                0x000000ae       0x32 build/board_init.o
 .ARM.attributes
                0x000000e0       0x32 build/board_startup.o
 .ARM.attributes
                0x00000112       0x32 build/main.o
 .ARM.attributes
                0x00000144       0x32 build/sam_ba_usb.o
 .ARM.attributes
                0x00000176       0x32 build/sam_ba_cdc.o
 .ARM.attributes
                0x000001a8       0x32 build/sam_ba_monitor.o
 .ARM.attributes
                0x000001da       0x32 build/sam_ba_serial.o
 .ARM.attributes
                0x0000020c       0x2c c:/users/franco/appdata/local/arduino15/packages/arduino/tools/arm-none-eabi-gcc/7-2017q4/bin/../lib/gcc/arm-none-eabi/7.2.1/../../../../arm-none-eabi/lib/thumb/v6-m\libc_nano.a(lib_a-memcpy-stub.o)
 .ARM.attributes
                0x00000238       0x2c c:/users/franco/appdata/local/arduino15/packages/arduino/tools/arm-none-eabi-gcc/7-2017q4/bin/../lib/gcc/arm-none-eabi/7.2.1/../../../../arm-none-eabi/lib/thumb/v6-m\libc_nano.a(lib_a-memset.o)
 .ARM.attributes
                0x00000264       0x1c c:/users/franco/appdata/local/arduino15/packages/arduino/tools/arm-none-eabi-gcc/7-2017q4/bin/../lib/gcc/arm-none-eabi/7.2.1/../../../../arm-none-eabi/lib/thumb/v6-m\libc_nano.a(lib_a-strlen.o)
 .ARM.attributes
                0x00000280       0x2c c:/users/franco/appdata/local/arduino15/packages/arduino/tools/arm-none-eabi-gcc/7-2017q4/bin/../lib/gcc/arm-none-eabi/7.2.1/thumb/v6-m/crtend.o
 .ARM.attributes
                0x000002ac       0x1e c:/users/franco/appdata/local/arduino15/packages/arduino/tools/arm-none-eabi-gcc/7-2017q4/bin/../lib/gcc/arm-none-eabi/7.2.1/thumb/v6-m/crtn.o

.comment        0x00000000       0x7e
 .comment       0x00000000       0x7e build/board_driver_led.o
                                 0x7f (size before relaxing)
 .comment       0x0000007e       0x7f build/board_driver_usb.o
 .comment       0x0000007e       0x7f build/board_init.o
 .comment       0x0000007e       0x7f build/board_startup.o
 .comment       0x0000007e       0x7f build/main.o
 .comment       0x0000007e       0x7f build/sam_ba_usb.o
 .comment       0x0000007e       0x7f build/sam_ba_cdc.o
 .comment       0x0000007e       0x7f build/sam_ba_monitor.o
 .comment       0x0000007e       0x7f build/sam_ba_serial.o

.debug_info     0x00000000    0x1317d
 .debug_info    0x00000000      0x718 build/board_driver_led.o
 .debug_info    0x00000718     0x3c0f build/board_driver_usb.o
 .debug_info    0x00004327     0x1a9c build/board_init.o
 .debug_info    0x00005dc3      0x246 build/board_startup.o
 .debug_info    0x00006009     0x3961 build/main.o
 .debug_info    0x0000996a     0x2dd6 build/sam_ba_usb.o
 .debug_info    0x0000c740     0x22c0 build/sam_ba_cdc.o
 .debug_info    0x0000ea00     0x3e51 build/sam_ba_monitor.o
 .debug_info    0x00012851      0x92c build/sam_ba_serial.o

.debug_abbrev   0x00000000     0x1843
 .debug_abbrev  0x00000000      0x179 build/board_driver_led.o
 .debug_abbrev  0x00000179      0x33e build/board_driver_usb.o
 .debug_abbrev  0x000004b7      0x22c build/board_init.o
 .debug_abbrev  0x000006e3       0xfb build/board_startup.o
 .debug_abbrev  0x000007de      0x41d build/main.o
 .debug_abbrev  0x00000bfb      0x322 build/sam_ba_usb.o
 .debug_abbrev  0x00000f1d      0x23f build/sam_ba_cdc.o
 .debug_abbrev  0x0000115c      0x51d build/sam_ba_monitor.o
 .debug_abbrev  0x00001679      0x1ca build/sam_ba_serial.o

.debug_aranges  0x00000000      0x208
 .debug_aranges
                0x00000000       0x20 build/board_driver_led.o
 .debug_aranges
                0x00000020       0x68 build/board_driver_usb.o
 .debug_aranges
                0x00000088       0x30 build/board_init.o
 .debug_aranges
                0x000000b8       0x40 build/board_startup.o
 .debug_aranges
                0x000000f8       0x30 build/main.o
 .debug_aranges
                0x00000128       0x30 build/sam_ba_usb.o
 .debug_aranges
                0x00000158       0x48 build/sam_ba_cdc.o
 .debug_aranges
                0x000001a0       0x48 build/sam_ba_monitor.o
 .debug_aranges
                0x000001e8       0x20 build/sam_ba_serial.o

.debug_ranges   0x00000000      0x210
 .debug_ranges  0x00000000       0x10 build/board_driver_led.o
 .debug_ranges  0x00000010       0x58 build/board_driver_usb.o
 .debug_ranges  0x00000068       0x20 build/board_init.o
 .debug_ranges  0x00000088       0x30 build/board_startup.o
 .debug_ranges  0x000000b8       0x38 build/main.o
 .debug_ranges  0x000000f0       0x20 build/sam_ba_usb.o
 .debug_ranges  0x00000110       0x38 build/sam_ba_cdc.o
 .debug_ranges  0x00000148       0xb8 build/sam_ba_monitor.o
 .debug_ranges  0x00000200       0x10 build/sam_ba_serial.o

.debug_macro    0x00000000    0x13358
 .debug_macro   0x00000000      0x324 build/board_driver_led.o
 .debug_macro   0x00000324      0xa4e build/board_driver_led.o
 .debug_macro   0x00000d72      0x38e build/board_driver_led.o
 .debug_macro   0x00001100       0x22 build/board_driver_led.o
 .debug_macro   0x00001122       0x87 build/board_driver_led.o
 .debug_macro   0x000011a9       0x51 build/board_driver_led.o
 .debug_macro   0x000011fa       0xef build/board_driver_led.o
 .debug_macro   0x000012e9       0x6a build/board_driver_led.o
 .debug_macro   0x00001353      0x1df build/board_driver_led.o
 .debug_macro   0x00001532       0x3a build/board_driver_led.o
 .debug_macro   0x0000156c       0x3a build/board_driver_led.o
 .debug_macro   0x000015a6       0x26 build/board_driver_led.o
 .debug_macro   0x000015cc      0x329 build/board_driver_led.o
 .debug_macro   0x000018f5      0x682 build/board_driver_led.o
 .debug_macro   0x00001f77      0x8bf build/board_driver_led.o
 .debug_macro   0x00002836      0x235 build/board_driver_led.o
 .debug_macro   0x00002a6b      0xd6a build/board_driver_led.o
 .debug_macro   0x000037d5      0x4ce build/board_driver_led.o
 .debug_macro   0x00003ca3      0x9f8 build/board_driver_led.o
 .debug_macro   0x0000469b      0x82b build/board_driver_led.o
 .debug_macro   0x00004ec6      0x45f build/board_driver_led.o
 .debug_macro   0x00005325       0x5e build/board_driver_led.o
 .debug_macro   0x00005383      0x906 build/board_driver_led.o
 .debug_macro   0x00005c89      0x225 build/board_driver_led.o
 .debug_macro   0x00005eae      0x797 build/board_driver_led.o
 .debug_macro   0x00006645       0x5e build/board_driver_led.o
 .debug_macro   0x000066a3      0x634 build/board_driver_led.o
 .debug_macro   0x00006cd7      0x3b6 build/board_driver_led.o
 .debug_macro   0x0000708d      0xc55 build/board_driver_led.o
 .debug_macro   0x00007ce2     0x1092 build/board_driver_led.o
 .debug_macro   0x00008d74      0xc4a build/board_driver_led.o
 .debug_macro   0x000099be      0x6bf build/board_driver_led.o
 .debug_macro   0x0000a07d     0x1b4b build/board_driver_led.o
 .debug_macro   0x0000bbc8     0x144a build/board_driver_led.o
 .debug_macro   0x0000d012      0x34e build/board_driver_led.o
 .debug_macro   0x0000d360       0x7c build/board_driver_led.o
 .debug_macro   0x0000d3dc       0xa0 build/board_driver_led.o
 .debug_macro   0x0000d47c       0x4c build/board_driver_led.o
 .debug_macro   0x0000d4c8       0xca build/board_driver_led.o
 .debug_macro   0x0000d592       0x94 build/board_driver_led.o
 .debug_macro   0x0000d626       0x58 build/board_driver_led.o
 .debug_macro   0x0000d67e      0x364 build/board_driver_led.o
 .debug_macro   0x0000d9e2       0x82 build/board_driver_led.o
 .debug_macro   0x0000da64      0x197 build/board_driver_led.o
 .debug_macro   0x0000dbfb       0xb8 build/board_driver_led.o
 .debug_macro   0x0000dcb3       0xa0 build/board_driver_led.o
 .debug_macro   0x0000dd53       0xb2 build/board_driver_led.o
 .debug_macro   0x0000de05       0x1c build/board_driver_led.o
 .debug_macro   0x0000de21       0x1c build/board_driver_led.o
 .debug_macro   0x0000de3d       0x1c build/board_driver_led.o
 .debug_macro   0x0000de59       0x7c build/board_driver_led.o
 .debug_macro   0x0000ded5      0x161 build/board_driver_led.o
 .debug_macro   0x0000e036       0xdc build/board_driver_led.o
 .debug_macro   0x0000e112      0x12f build/board_driver_led.o
 .debug_macro   0x0000e241      0x12f build/board_driver_led.o
 .debug_macro   0x0000e370      0x12f build/board_driver_led.o
 .debug_macro   0x0000e49f      0x12f build/board_driver_led.o
 .debug_macro   0x0000e5ce      0x12f build/board_driver_led.o
 .debug_macro   0x0000e6fd      0x12f build/board_driver_led.o
 .debug_macro   0x0000e82c      0x11e build/board_driver_led.o
 .debug_macro   0x0000e94a       0xe2 build/board_driver_led.o
 .debug_macro   0x0000ea2c       0xe2 build/board_driver_led.o
 .debug_macro   0x0000eb0e       0xe2 build/board_driver_led.o
 .debug_macro   0x0000ebf0      0x12c build/board_driver_led.o
 .debug_macro   0x0000ed1c      0x100 build/board_driver_led.o
 .debug_macro   0x0000ee1c       0xf4 build/board_driver_led.o
 .debug_macro   0x0000ef10      0x40f build/board_driver_led.o
 .debug_macro   0x0000f31f       0x40 build/board_driver_led.o
 .debug_macro   0x0000f35f      0x361 build/board_driver_led.o
 .debug_macro   0x0000f6c0     0x16ea build/board_driver_led.o
 .debug_macro   0x00010daa       0x6d build/board_driver_led.o
 .debug_macro   0x00010e17       0xa6 build/board_driver_led.o
 .debug_macro   0x00010ebd       0x10 build/board_driver_led.o
 .debug_macro   0x00010ecd       0x16 build/board_driver_led.o
 .debug_macro   0x00010ee3      0x40d build/board_driver_usb.o
 .debug_macro   0x000112f0       0x40 build/board_driver_usb.o
 .debug_macro   0x00011330       0xee build/board_driver_usb.o
 .debug_macro   0x0001141e       0x16 build/board_driver_usb.o
 .debug_macro   0x00011434      0x33c build/board_init.o
 .debug_macro   0x00011770      0x303 build/board_startup.o
 .debug_macro   0x00011a73      0x595 build/main.o
 .debug_macro   0x00012008       0x16 build/main.o
 .debug_macro   0x0001201e       0x1c build/main.o
 .debug_macro   0x0001203a       0x4c build/main.o
 .debug_macro   0x00012086       0x4c build/main.o
 .debug_macro   0x000120d2       0xf4 build/main.o
 .debug_macro   0x000121c6       0x1c build/main.o
 .debug_macro   0x000121e2      0x408 build/sam_ba_usb.o
 .debug_macro   0x000125ea      0x334 build/sam_ba_cdc.o
 .debug_macro   0x0001291e      0x55c build/sam_ba_monitor.o
 .debug_macro   0x00012e7a       0x46 build/sam_ba_monitor.o
 .debug_macro   0x00012ec0      0x498 build/sam_ba_serial.o

.debug_line     0x00000000     0x5735
 .debug_line    0x00000000      0x857 build/board_driver_led.o
 .debug_line    0x00000857      0xa3b build/board_driver_usb.o
 .debug_line    0x00001292      0x8a1 build/board_init.o
 .debug_line    0x00001b33      0x854 build/board_startup.o
 .debug_line    0x00002387      0xaeb build/main.o
 .debug_line    0x00002e72      0xa32 build/sam_ba_usb.o
 .debug_line    0x000038a4      0x894 build/sam_ba_cdc.o
 .debug_line    0x00004138      0xc79 build/sam_ba_monitor.o
 .debug_line    0x00004db1      0x984 build/sam_ba_serial.o

.debug_str      0x00000000    0x720b3
 .debug_str     0x00000000    0x6b58c build/board_driver_led.o
                              0x6b8fc (size before relaxing)
 .debug_str     0x0006b58c     0x424d build/board_driver_usb.o
                              0x6f8ec (size before relaxing)
 .debug_str     0x0006f7d9      0x80e build/board_init.o
                              0x6c0a0 (size before relaxing)
 .debug_str     0x0006ffe7      0x178 build/board_startup.o
                              0x6b4f3 (size before relaxing)
 .debug_str     0x0007015f     0x1b4e build/main.o
                              0x716a3 (size before relaxing)
 .debug_str     0x00071cad       0xf7 build/sam_ba_usb.o
                              0x6f794 (size before relaxing)
 .debug_str     0x00071da4       0x87 build/sam_ba_cdc.o
                              0x6c2c3 (size before relaxing)
 .debug_str     0x00071e2b      0x26d build/sam_ba_monitor.o
                              0x7139f (size before relaxing)
 .debug_str     0x00072098       0x1b build/sam_ba_serial.o
                              0x6faf8 (size before relaxing)

.debug_frame    0x00000000      0x46c
 .debug_frame   0x00000000       0x20 build/board_driver_led.o
 .debug_frame   0x00000020      0x100 build/board_driver_usb.o
 .debug_frame   0x00000120       0x4c build/board_init.o
 .debug_frame   0x0000016c       0x68 build/board_startup.o
 .debug_frame   0x000001d4       0x60 build/main.o
 .debug_frame   0x00000234       0x68 build/sam_ba_usb.o
 .debug_frame   0x0000029c       0xb4 build/sam_ba_cdc.o
 .debug_frame   0x00000350       0xb4 build/sam_ba_monitor.o
 .debug_frame   0x00000404       0x20 build/sam_ba_serial.o
 .debug_frame   0x00000424       0x28 c:/users/franco/appdata/local/arduino15/packages/arduino/tools/arm-none-eabi-gcc/7-2017q4/bin/../lib/gcc/arm-none-eabi/7.2.1/../../../../arm-none-eabi/lib/thumb/v6-m\libc_nano.a(lib_a-memcpy-stub.o)
 .debug_frame   0x0000044c       0x20 c:/users/franco/appdata/local/arduino15/packages/arduino/tools/arm-none-eabi-gcc/7-2017q4/bin/../lib/gcc/arm-none-eabi/7.2.1/../../../../arm-none-eabi/lib/thumb/v6-m\libc_nano.a(lib_a-memset.o)

.debug_loc      0x00000000      0xd5f
 .debug_loc     0x00000000      0x362 build/board_driver_usb.o
 .debug_loc     0x00000362       0x3f build/board_init.o
 .debug_loc     0x000003a1       0x20 build/board_startup.o
 .debug_loc     0x000003c1       0xd7 build/main.o
 .debug_loc     0x00000498      0x151 build/sam_ba_usb.o
 .debug_loc     0x000005e9      0x1ae build/sam_ba_cdc.o
 .debug_loc     0x00000797      0x586 build/sam_ba_monitor.o
 .debug_loc     0x00000d1d       0x42 build/sam_ba_serial.o

Cross Reference Table

Symbol                                            File
HardFault_Handler                                 build/board_startup.o
LED_pulse                                         build/board_driver_led.o
                                                  build/main.o
MAX_FLASH                                         build/sam_ba_monitor.o
NMI_Handler                                       build/board_startup.o
PAGES                                             build/sam_ba_monitor.o
PAGE_SIZE                                         build/sam_ba_monitor.o
PendSV_Handler                                    build/board_startup.o
Reset_Handler                                     build/board_startup.o
RomBOOT_ExtendedCapabilities                      build/sam_ba_monitor.o
RomBOOT_Version                                   build/sam_ba_monitor.o
SVC_Handler                                       build/board_startup.o
SysTick_Handler                                   build/main.o
                                                  build/board_startup.o
USB_Configure                                     build/board_driver_usb.o
                                                  build/sam_ba_usb.o
USB_Init                                          build/board_driver_usb.o
                                                  build/sam_ba_usb.o
USB_IsConfigured                                  build/board_driver_usb.o
                                                  build/sam_ba_cdc.o
USB_Open                                          build/board_driver_usb.o
                                                  build/sam_ba_usb.o
USB_Read                                          build/board_driver_usb.o
                                                  build/sam_ba_cdc.o
USB_Read_blocking                                 build/board_driver_usb.o
USB_SendStall                                     build/board_driver_usb.o
                                                  build/sam_ba_usb.o
USB_SendString                                    build/sam_ba_usb.o
USB_SendZlp                                       build/board_driver_usb.o
                                                  build/sam_ba_usb.o
USB_SetAddress                                    build/board_driver_usb.o
                                                  build/sam_ba_usb.o
USB_Write                                         build/board_driver_usb.o
                                                  build/sam_ba_cdc.o
                                                  build/sam_ba_usb.o
Wheel                                             build/NeoPixels.o
__StackTop                                        build/board_startup.o
__aeabi_idiv                                      c:/users/franco/appdata/local/arduino15/packages/arduino/tools/arm-none-eabi-gcc/7-2017q4/bin/../lib/gcc/arm-none-eabi/7.2.1/thumb/v6-m\libgcc.a(_divsi3.o)
                                                  build/NeoPixels.o
__aeabi_idiv0                                     c:/users/franco/appdata/local/arduino15/packages/arduino/tools/arm-none-eabi-gcc/7-2017q4/bin/../lib/gcc/arm-none-eabi/7.2.1/thumb/v6-m\libgcc.a(_dvmd_tls.o)
                                                  c:/users/franco/appdata/local/arduino15/packages/arduino/tools/arm-none-eabi-gcc/7-2017q4/bin/../lib/gcc/arm-none-eabi/7.2.1/thumb/v6-m\libgcc.a(_divsi3.o)
                                                  c:/users/franco/appdata/local/arduino15/packages/arduino/tools/arm-none-eabi-gcc/7-2017q4/bin/../lib/gcc/arm-none-eabi/7.2.1/thumb/v6-m\libgcc.a(_udivsi3.o)
__aeabi_idivmod                                   c:/users/franco/appdata/local/arduino15/packages/arduino/tools/arm-none-eabi-gcc/7-2017q4/bin/../lib/gcc/arm-none-eabi/7.2.1/thumb/v6-m\libgcc.a(_divsi3.o)
__aeabi_ldiv0                                     c:/users/franco/appdata/local/arduino15/packages/arduino/tools/arm-none-eabi-gcc/7-2017q4/bin/../lib/gcc/arm-none-eabi/7.2.1/thumb/v6-m\libgcc.a(_dvmd_tls.o)
__aeabi_lmul                                      c:/users/franco/appdata/local/arduino15/packages/arduino/tools/arm-none-eabi-gcc/7-2017q4/bin/../lib/gcc/arm-none-eabi/7.2.1/thumb/v6-m\libgcc.a(_muldi3.o)
                                                  c:/users/franco/appdata/local/arduino15/packages/arduino/tools/arm-none-eabi-gcc/7-2017q4/bin/../lib/gcc/arm-none-eabi/7.2.1/../../../../arm-none-eabi/lib/thumb/v6-m\libc_nano.a(lib_a-random.o)
__aeabi_uidiv                                     c:/users/franco/appdata/local/arduino15/packages/arduino/tools/arm-none-eabi-gcc/7-2017q4/bin/../lib/gcc/arm-none-eabi/7.2.1/thumb/v6-m\libgcc.a(_udivsi3.o)
                                                  build/board_driver_i2c.o
                                                  build/NeoPixels.o
__aeabi_uidivmod                                  c:/users/franco/appdata/local/arduino15/packages/arduino/tools/arm-none-eabi-gcc/7-2017q4/bin/../lib/gcc/arm-none-eabi/7.2.1/thumb/v6-m\libgcc.a(_udivsi3.o)
__bss_end__                                       build/board_startup.o
                                                  c:/users/franco/appdata/local/arduino15/packages/arduino/tools/arm-none-eabi-gcc/7-2017q4/bin/../lib/gcc/arm-none-eabi/7.2.1/../../../../arm-none-eabi/lib/thumb/v6-m/crt0.o
__bss_start__                                     build/board_startup.o
                                                  c:/users/franco/appdata/local/arduino15/packages/arduino/tools/arm-none-eabi-gcc/7-2017q4/bin/../lib/gcc/arm-none-eabi/7.2.1/../../../../arm-none-eabi/lib/thumb/v6-m/crt0.o
__call_exitprocs                                  c:/users/franco/appdata/local/arduino15/packages/arduino/tools/arm-none-eabi-gcc/7-2017q4/bin/../lib/gcc/arm-none-eabi/7.2.1/../../../../arm-none-eabi/lib/thumb/v6-m\libc_nano.a(lib_a-exit.o)
__data_end__                                      build/board_startup.o
__data_start__                                    build/board_startup.o
__deregister_frame_info                           c:/users/franco/appdata/local/arduino15/packages/arduino/tools/arm-none-eabi-gcc/7-2017q4/bin/../lib/gcc/arm-none-eabi/7.2.1/thumb/v6-m/crtbegin.o
__divsi3                                          c:/users/franco/appdata/local/arduino15/packages/arduino/tools/arm-none-eabi-gcc/7-2017q4/bin/../lib/gcc/arm-none-eabi/7.2.1/thumb/v6-m\libgcc.a(_divsi3.o)
__dso_handle                                      c:/users/franco/appdata/local/arduino15/packages/arduino/tools/arm-none-eabi-gcc/7-2017q4/bin/../lib/gcc/arm-none-eabi/7.2.1/thumb/v6-m/crtbegin.o
__etext                                           build/board_startup.o
__init_array_end                                  c:/users/franco/appdata/local/arduino15/packages/arduino/tools/arm-none-eabi-gcc/7-2017q4/bin/../lib/gcc/arm-none-eabi/7.2.1/../../../../arm-none-eabi/lib/thumb/v6-m\libc_nano.a(lib_a-init.o)
__init_array_start                                c:/users/franco/appdata/local/arduino15/packages/arduino/tools/arm-none-eabi-gcc/7-2017q4/bin/../lib/gcc/arm-none-eabi/7.2.1/../../../../arm-none-eabi/lib/thumb/v6-m\libc_nano.a(lib_a-init.o)
__libc_fini_array                                 c:/users/franco/appdata/local/arduino15/packages/arduino/tools/arm-none-eabi-gcc/7-2017q4/bin/../lib/gcc/arm-none-eabi/7.2.1/../../../../arm-none-eabi/lib/thumb/v6-m/crt0.o
__libc_init_array                                 c:/users/franco/appdata/local/arduino15/packages/arduino/tools/arm-none-eabi-gcc/7-2017q4/bin/../lib/gcc/arm-none-eabi/7.2.1/../../../../arm-none-eabi/lib/thumb/v6-m\libc_nano.a(lib_a-init.o)
                                                  c:/users/franco/appdata/local/arduino15/packages/arduino/tools/arm-none-eabi-gcc/7-2017q4/bin/../lib/gcc/arm-none-eabi/7.2.1/../../../../arm-none-eabi/lib/thumb/v6-m/crt0.o
__malloc_free_list                                c:/users/franco/appdata/local/arduino15/packages/arduino/tools/arm-none-eabi-gcc/7-2017q4/bin/../lib/gcc/arm-none-eabi/7.2.1/../../../../arm-none-eabi/lib/thumb/v6-m\libc_nano.a(lib_a-nano-mallocr.o)
                                                  c:/users/franco/appdata/local/arduino15/packages/arduino/tools/arm-none-eabi-gcc/7-2017q4/bin/../lib/gcc/arm-none-eabi/7.2.1/../../../../arm-none-eabi/lib/thumb/v6-m\libc_nano.a(lib_a-nano-freer.o)
__malloc_lock                                     c:/users/franco/appdata/local/arduino15/packages/arduino/tools/arm-none-eabi-gcc/7-2017q4/bin/../lib/gcc/arm-none-eabi/7.2.1/../../../../arm-none-eabi/lib/thumb/v6-m\libc_nano.a(lib_a-mlock.o)
                                                  c:/users/franco/appdata/local/arduino15/packages/arduino/tools/arm-none-eabi-gcc/7-2017q4/bin/../lib/gcc/arm-none-eabi/7.2.1/../../../../arm-none-eabi/lib/thumb/v6-m\libc_nano.a(lib_a-nano-mallocr.o)
                                                  c:/users/franco/appdata/local/arduino15/packages/arduino/tools/arm-none-eabi-gcc/7-2017q4/bin/../lib/gcc/arm-none-eabi/7.2.1/../../../../arm-none-eabi/lib/thumb/v6-m\libc_nano.a(lib_a-nano-freer.o)
__malloc_sbrk_start                               c:/users/franco/appdata/local/arduino15/packages/arduino/tools/arm-none-eabi-gcc/7-2017q4/bin/../lib/gcc/arm-none-eabi/7.2.1/../../../../arm-none-eabi/lib/thumb/v6-m\libc_nano.a(lib_a-nano-mallocr.o)
__malloc_unlock                                   c:/users/franco/appdata/local/arduino15/packages/arduino/tools/arm-none-eabi-gcc/7-2017q4/bin/../lib/gcc/arm-none-eabi/7.2.1/../../../../arm-none-eabi/lib/thumb/v6-m\libc_nano.a(lib_a-mlock.o)
                                                  c:/users/franco/appdata/local/arduino15/packages/arduino/tools/arm-none-eabi-gcc/7-2017q4/bin/../lib/gcc/arm-none-eabi/7.2.1/../../../../arm-none-eabi/lib/thumb/v6-m\libc_nano.a(lib_a-nano-mallocr.o)
                                                  c:/users/franco/appdata/local/arduino15/packages/arduino/tools/arm-none-eabi-gcc/7-2017q4/bin/../lib/gcc/arm-none-eabi/7.2.1/../../../../arm-none-eabi/lib/thumb/v6-m\libc_nano.a(lib_a-nano-freer.o)
__muldi3                                          c:/users/franco/appdata/local/arduino15/packages/arduino/tools/arm-none-eabi-gcc/7-2017q4/bin/../lib/gcc/arm-none-eabi/7.2.1/thumb/v6-m\libgcc.a(_muldi3.o)
__preinit_array_end                               c:/users/franco/appdata/local/arduino15/packages/arduino/tools/arm-none-eabi-gcc/7-2017q4/bin/../lib/gcc/arm-none-eabi/7.2.1/../../../../arm-none-eabi/lib/thumb/v6-m\libc_nano.a(lib_a-init.o)
__preinit_array_start                             c:/users/franco/appdata/local/arduino15/packages/arduino/tools/arm-none-eabi-gcc/7-2017q4/bin/../lib/gcc/arm-none-eabi/7.2.1/../../../../arm-none-eabi/lib/thumb/v6-m\libc_nano.a(lib_a-init.o)
__register_frame_info                             c:/users/franco/appdata/local/arduino15/packages/arduino/tools/arm-none-eabi-gcc/7-2017q4/bin/../lib/gcc/arm-none-eabi/7.2.1/thumb/v6-m/crtbegin.o
__sf_fake_stderr                                  c:/users/franco/appdata/local/arduino15/packages/arduino/tools/arm-none-eabi-gcc/7-2017q4/bin/../lib/gcc/arm-none-eabi/7.2.1/../../../../arm-none-eabi/lib/thumb/v6-m\libc_nano.a(lib_a-impure.o)
__sf_fake_stdin                                   c:/users/franco/appdata/local/arduino15/packages/arduino/tools/arm-none-eabi-gcc/7-2017q4/bin/../lib/gcc/arm-none-eabi/7.2.1/../../../../arm-none-eabi/lib/thumb/v6-m\libc_nano.a(lib_a-impure.o)
__sf_fake_stdout                                  c:/users/franco/appdata/local/arduino15/packages/arduino/tools/arm-none-eabi-gcc/7-2017q4/bin/../lib/gcc/arm-none-eabi/7.2.1/../../../../arm-none-eabi/lib/thumb/v6-m\libc_nano.a(lib_a-impure.o)
__sketch_vectors_ptr                              build/main.o
__stack                                           c:/users/franco/appdata/local/arduino15/packages/arduino/tools/arm-none-eabi-gcc/7-2017q4/bin/../lib/gcc/arm-none-eabi/7.2.1/../../../../arm-none-eabi/lib/thumb/v6-m/crt0.o
__udivsi3                                         c:/users/franco/appdata/local/arduino15/packages/arduino/tools/arm-none-eabi-gcc/7-2017q4/bin/../lib/gcc/arm-none-eabi/7.2.1/thumb/v6-m\libgcc.a(_udivsi3.o)
_exit                                             c:/users/franco/appdata/local/arduino15/packages/arduino/tools/arm-none-eabi-gcc/7-2017q4/bin/../lib/gcc/arm-none-eabi/7.2.1/../../../../arm-none-eabi/lib/thumb/v6-m\libnosys.a(_exit.o)
                                                  c:/users/franco/appdata/local/arduino15/packages/arduino/tools/arm-none-eabi-gcc/7-2017q4/bin/../lib/gcc/arm-none-eabi/7.2.1/../../../../arm-none-eabi/lib/thumb/v6-m\libc_nano.a(lib_a-exit.o)
_fini                                             c:/users/franco/appdata/local/arduino15/packages/arduino/tools/arm-none-eabi-gcc/7-2017q4/bin/../lib/gcc/arm-none-eabi/7.2.1/thumb/v6-m/crti.o
_free_r                                           c:/users/franco/appdata/local/arduino15/packages/arduino/tools/arm-none-eabi-gcc/7-2017q4/bin/../lib/gcc/arm-none-eabi/7.2.1/../../../../arm-none-eabi/lib/thumb/v6-m\libc_nano.a(lib_a-nano-freer.o)
                                                  c:/users/franco/appdata/local/arduino15/packages/arduino/tools/arm-none-eabi-gcc/7-2017q4/bin/../lib/gcc/arm-none-eabi/7.2.1/../../../../arm-none-eabi/lib/thumb/v6-m\libc_nano.a(lib_a-reent.o)
                                                  c:/users/franco/appdata/local/arduino15/packages/arduino/tools/arm-none-eabi-gcc/7-2017q4/bin/../lib/gcc/arm-none-eabi/7.2.1/../../../../arm-none-eabi/lib/thumb/v6-m\libc_nano.a(lib_a-malloc.o)
_global_impure_ptr                                c:/users/franco/appdata/local/arduino15/packages/arduino/tools/arm-none-eabi-gcc/7-2017q4/bin/../lib/gcc/arm-none-eabi/7.2.1/../../../../arm-none-eabi/lib/thumb/v6-m\libc_nano.a(lib_a-impure.o)
                                                  c:/users/franco/appdata/local/arduino15/packages/arduino/tools/arm-none-eabi-gcc/7-2017q4/bin/../lib/gcc/arm-none-eabi/7.2.1/../../../../arm-none-eabi/lib/thumb/v6-m\libc_nano.a(lib_a-exit.o)
_impure_ptr                                       c:/users/franco/appdata/local/arduino15/packages/arduino/tools/arm-none-eabi-gcc/7-2017q4/bin/../lib/gcc/arm-none-eabi/7.2.1/../../../../arm-none-eabi/lib/thumb/v6-m\libc_nano.a(lib_a-impure.o)
                                                  c:/users/franco/appdata/local/arduino15/packages/arduino/tools/arm-none-eabi-gcc/7-2017q4/bin/../lib/gcc/arm-none-eabi/7.2.1/../../../../arm-none-eabi/lib/thumb/v6-m\libc_nano.a(lib_a-reent.o)
                                                  c:/users/franco/appdata/local/arduino15/packages/arduino/tools/arm-none-eabi-gcc/7-2017q4/bin/../lib/gcc/arm-none-eabi/7.2.1/../../../../arm-none-eabi/lib/thumb/v6-m\libc_nano.a(lib_a-random.o)
                                                  c:/users/franco/appdata/local/arduino15/packages/arduino/tools/arm-none-eabi-gcc/7-2017q4/bin/../lib/gcc/arm-none-eabi/7.2.1/../../../../arm-none-eabi/lib/thumb/v6-m\libc_nano.a(lib_a-malloc.o)
_init                                             c:/users/franco/appdata/local/arduino15/packages/arduino/tools/arm-none-eabi-gcc/7-2017q4/bin/../lib/gcc/arm-none-eabi/7.2.1/thumb/v6-m/crti.o
                                                  c:/users/franco/appdata/local/arduino15/packages/arduino/tools/arm-none-eabi-gcc/7-2017q4/bin/../lib/gcc/arm-none-eabi/7.2.1/../../../../arm-none-eabi/lib/thumb/v6-m\libc_nano.a(lib_a-init.o)
_mainCRTStartup                                   c:/users/franco/appdata/local/arduino15/packages/arduino/tools/arm-none-eabi-gcc/7-2017q4/bin/../lib/gcc/arm-none-eabi/7.2.1/../../../../arm-none-eabi/lib/thumb/v6-m/crt0.o
_malloc_r                                         c:/users/franco/appdata/local/arduino15/packages/arduino/tools/arm-none-eabi-gcc/7-2017q4/bin/../lib/gcc/arm-none-eabi/7.2.1/../../../../arm-none-eabi/lib/thumb/v6-m\libc_nano.a(lib_a-nano-mallocr.o)
                                                  c:/users/franco/appdata/local/arduino15/packages/arduino/tools/arm-none-eabi-gcc/7-2017q4/bin/../lib/gcc/arm-none-eabi/7.2.1/../../../../arm-none-eabi/lib/thumb/v6-m\libc_nano.a(lib_a-malloc.o)
_reclaim_reent                                    c:/users/franco/appdata/local/arduino15/packages/arduino/tools/arm-none-eabi-gcc/7-2017q4/bin/../lib/gcc/arm-none-eabi/7.2.1/../../../../arm-none-eabi/lib/thumb/v6-m\libc_nano.a(lib_a-reent.o)
_sbrk                                             c:/users/franco/appdata/local/arduino15/packages/arduino/tools/arm-none-eabi-gcc/7-2017q4/bin/../lib/gcc/arm-none-eabi/7.2.1/../../../../arm-none-eabi/lib/thumb/v6-m\libnosys.a(sbrk.o)
                                                  c:/users/franco/appdata/local/arduino15/packages/arduino/tools/arm-none-eabi-gcc/7-2017q4/bin/../lib/gcc/arm-none-eabi/7.2.1/../../../../arm-none-eabi/lib/thumb/v6-m\libc_nano.a(lib_a-sbrkr.o)
_sbrk_r                                           c:/users/franco/appdata/local/arduino15/packages/arduino/tools/arm-none-eabi-gcc/7-2017q4/bin/../lib/gcc/arm-none-eabi/7.2.1/../../../../arm-none-eabi/lib/thumb/v6-m\libc_nano.a(lib_a-sbrkr.o)
                                                  c:/users/franco/appdata/local/arduino15/packages/arduino/tools/arm-none-eabi-gcc/7-2017q4/bin/../lib/gcc/arm-none-eabi/7.2.1/../../../../arm-none-eabi/lib/thumb/v6-m\libc_nano.a(lib_a-nano-mallocr.o)
_start                                            c:/users/franco/appdata/local/arduino15/packages/arduino/tools/arm-none-eabi-gcc/7-2017q4/bin/../lib/gcc/arm-none-eabi/7.2.1/../../../../arm-none-eabi/lib/thumb/v6-m/crt0.o
atexit                                            c:/users/franco/appdata/local/arduino15/packages/arduino/tools/arm-none-eabi-gcc/7-2017q4/bin/../lib/gcc/arm-none-eabi/7.2.1/../../../../arm-none-eabi/lib/thumb/v6-m/crt0.o
bOffset                                           build/NeoPixels.o
b_sam_ba_interface_usart                          build/sam_ba_monitor.o
b_terminal_mode                                   build/sam_ba_monitor.o
begun                                             build/NeoPixels.o
board_init                                        build/board_init.o
                                                  build/main.o
brightness                                        build/NeoPixels.o
call_applet                                       build/sam_ba_monitor.o
cdc_getc                                          build/sam_ba_cdc.o
                                                  build/sam_ba_monitor.o
cdc_is_rx_ready                                   build/sam_ba_cdc.o
                                                  build/sam_ba_monitor.o
cdc_putc                                          build/sam_ba_cdc.o
                                                  build/sam_ba_monitor.o
cdc_read_buf                                      build/sam_ba_cdc.o
                                                  build/sam_ba_monitor.o
cdc_read_buf_xmd                                  build/sam_ba_cdc.o
                                                  build/sam_ba_monitor.o
cdc_write_buf                                     build/sam_ba_cdc.o
                                                  build/sam_ba_monitor.o
cleanup_glue                                      c:/users/franco/appdata/local/arduino15/packages/arduino/tools/arm-none-eabi-gcc/7-2017q4/bin/../lib/gcc/arm-none-eabi/7.2.1/../../../../arm-none-eabi/lib/thumb/v6-m\libc_nano.a(lib_a-reent.o)
command                                           build/sam_ba_monitor.o
current_number                                    build/sam_ba_monitor.o
data                                              build/sam_ba_monitor.o
delay                                             build/NeoPixels.o
end                                               c:/users/franco/appdata/local/arduino15/packages/arduino/tools/arm-none-eabi-gcc/7-2017q4/bin/../lib/gcc/arm-none-eabi/7.2.1/../../../../arm-none-eabi/lib/thumb/v6-m\libnosys.a(sbrk.o)
endTime                                           build/NeoPixels.o
errno                                             c:/users/franco/appdata/local/arduino15/packages/arduino/tools/arm-none-eabi-gcc/7-2017q4/bin/../lib/gcc/arm-none-eabi/7.2.1/../../../../arm-none-eabi/lib/thumb/v6-m\libc_nano.a(lib_a-reent.o)
                                                  c:/users/franco/appdata/local/arduino15/packages/arduino/tools/arm-none-eabi-gcc/7-2017q4/bin/../lib/gcc/arm-none-eabi/7.2.1/../../../../arm-none-eabi/lib/thumb/v6-m\libc_nano.a(lib_a-sbrkr.o)
exception_table                                   build/board_startup.o
exit                                              c:/users/franco/appdata/local/arduino15/packages/arduino/tools/arm-none-eabi-gcc/7-2017q4/bin/../lib/gcc/arm-none-eabi/7.2.1/../../../../arm-none-eabi/lib/thumb/v6-m\libc_nano.a(lib_a-exit.o)
                                                  c:/users/franco/appdata/local/arduino15/packages/arduino/tools/arm-none-eabi-gcc/7-2017q4/bin/../lib/gcc/arm-none-eabi/7.2.1/../../../../arm-none-eabi/lib/thumb/v6-m/crt0.o
extEEPROMReadChunk                                build/extEEPROM.o
extEEPROMWriteChunk                               build/extEEPROM.o
extEEPROMread                                     build/extEEPROM.o
extEEPROMwrite                                    build/extEEPROM.o
fadeAllTo                                         build/NeoPixels.o
fadeToBlack                                       build/NeoPixels.o
free                                              c:/users/franco/appdata/local/arduino15/packages/arduino/tools/arm-none-eabi-gcc/7-2017q4/bin/../lib/gcc/arm-none-eabi/7.2.1/../../../../arm-none-eabi/lib/thumb/v6-m\libc_nano.a(lib_a-malloc.o)
gOffset                                           build/NeoPixels.o
g_interrupt_enabled                               build/board_init.o
getColor32                                        build/NeoPixels.o
getPixelColor                                     build/NeoPixels.o
hardware_init_hook                                c:/users/franco/appdata/local/arduino15/packages/arduino/tools/arm-none-eabi-gcc/7-2017q4/bin/../lib/gcc/arm-none-eabi/7.2.1/../../../../arm-none-eabi/lib/thumb/v6-m/crt0.o
i                                                 build/sam_ba_monitor.o
i2c_beginTransmission                             build/board_driver_i2c.o
                                                  build/extEEPROM.o
i2c_end                                           build/board_driver_i2c.o
i2c_endTransmission                               build/board_driver_i2c.o
                                                  build/extEEPROM.o
i2c_init                                          build/board_driver_i2c.o
i2c_read                                          build/board_driver_i2c.o
                                                  build/extEEPROM.o
i2c_requestFrom                                   build/board_driver_i2c.o
                                                  build/extEEPROM.o
i2c_write                                         build/board_driver_i2c.o
                                                  build/extEEPROM.o
j                                                 build/sam_ba_monitor.o
ledDirection                                      build/board_driver_led.o
ledKeepValue                                      build/board_driver_led.o
ledTargetValue                                    build/board_driver_led.o
length                                            build/sam_ba_monitor.o
line_coding                                       build/sam_ba_cdc.o
                                                  build/sam_ba_usb.o
main                                              build/main.o
                                                  build/board_startup.o
                                                  c:/users/franco/appdata/local/arduino15/packages/arduino/tools/arm-none-eabi-gcc/7-2017q4/bin/../lib/gcc/arm-none-eabi/7.2.1/../../../../arm-none-eabi/lib/thumb/v6-m/crt0.o
malloc                                            c:/users/franco/appdata/local/arduino15/packages/arduino/tools/arm-none-eabi-gcc/7-2017q4/bin/../lib/gcc/arm-none-eabi/7.2.1/../../../../arm-none-eabi/lib/thumb/v6-m\libc_nano.a(lib_a-malloc.o)
                                                  c:/users/franco/appdata/local/arduino15/packages/arduino/tools/arm-none-eabi-gcc/7-2017q4/bin/../lib/gcc/arm-none-eabi/7.2.1/../../../../arm-none-eabi/lib/thumb/v6-m\libc_nano.a(lib_a-random.o)
                                                  build/NeoPixels.o
memcpy                                            c:/users/franco/appdata/local/arduino15/packages/arduino/tools/arm-none-eabi-gcc/7-2017q4/bin/../lib/gcc/arm-none-eabi/7.2.1/../../../../arm-none-eabi/lib/thumb/v6-m\libc_nano.a(lib_a-memcpy-stub.o)
                                                  build/sam_ba_monitor.o
                                                  build/board_driver_usb.o
memset                                            c:/users/franco/appdata/local/arduino15/packages/arduino/tools/arm-none-eabi-gcc/7-2017q4/bin/../lib/gcc/arm-none-eabi/7.2.1/../../../../arm-none-eabi/lib/thumb/v6-m\libc_nano.a(lib_a-memset.o)
                                                  build/board_driver_usb.o
                                                  build/NeoPixels.o
                                                  c:/users/franco/appdata/local/arduino15/packages/arduino/tools/arm-none-eabi-gcc/7-2017q4/bin/../lib/gcc/arm-none-eabi/7.2.1/../../../../arm-none-eabi/lib/thumb/v6-m/crt0.o
meteorRain                                        build/NeoPixels.o
nStrips                                           build/NeoPixels.o
numBytes                                          build/NeoPixels.o
numLEDs                                           build/NeoPixels.o
numPixels                                         build/NeoPixels.o
pin                                               build/NeoPixels.o
pixels                                            build/NeoPixels.o
pixelsBegin                                       build/NeoPixels.o
pixelsShow                                        build/NeoPixels.o
ptr                                               build/sam_ba_monitor.o
ptr_data                                          build/sam_ba_monitor.o
ptr_monitor_if                                    build/sam_ba_monitor.o
pulSketch_Start_Address                           build/main.o
rOffset                                           build/NeoPixels.o
rainbow                                           build/NeoPixels.o
rainbowAll                                        build/NeoPixels.o
random                                            c:/users/franco/appdata/local/arduino15/packages/arduino/tools/arm-none-eabi-gcc/7-2017q4/bin/../lib/gcc/arm-none-eabi/7.2.1/../../../../arm-none-eabi/lib/thumb/v6-m\libc_nano.a(lib_a-random.o)
                                                  build/NeoPixels.o
rxLEDPulse                                        build/sam_ba_monitor.o
sam_ba_cdc                                        build/sam_ba_usb.o
                                                  build/sam_ba_cdc.o
sam_ba_monitor_init                               build/sam_ba_monitor.o
                                                  build/main.o
sam_ba_monitor_run                                build/sam_ba_monitor.o
                                                  build/main.o
sam_ba_monitor_sys_tick                           build/sam_ba_monitor.o
                                                  build/main.o
sam_ba_putdata_term                               build/sam_ba_monitor.o
sam_ba_usb_CDC_Enumerate                          build/sam_ba_usb.o
                                                  build/board_driver_usb.o
serial_add_crc                                    build/sam_ba_serial.o
                                                  build/sam_ba_monitor.o
setAll                                            build/NeoPixels.o
setBrightness                                     build/NeoPixels.o
setPin                                            build/NeoPixels.o
setPixelColor                                     build/NeoPixels.o
setPixelColorC                                    build/NeoPixels.o
software_init_hook                                c:/users/franco/appdata/local/arduino15/packages/arduino/tools/arm-none-eabi-gcc/7-2017q4/bin/../lib/gcc/arm-none-eabi/7.2.1/../../../../arm-none-eabi/lib/thumb/v6-m/crt0.o
sp                                                build/sam_ba_monitor.o
srandom                                           c:/users/franco/appdata/local/arduino15/packages/arduino/tools/arm-none-eabi-gcc/7-2017q4/bin/../lib/gcc/arm-none-eabi/7.2.1/../../../../arm-none-eabi/lib/thumb/v6-m\libc_nano.a(lib_a-random.o)
strlen                                            c:/users/franco/appdata/local/arduino15/packages/arduino/tools/arm-none-eabi-gcc/7-2017q4/bin/../lib/gcc/arm-none-eabi/7.2.1/../../../../arm-none-eabi/lib/thumb/v6-m\libc_nano.a(lib_a-strlen.o)
                                                  build/sam_ba_usb.o
txLEDPulse                                        build/sam_ba_monitor.o
u32tmp                                            build/sam_ba_monitor.o
udd_ep_in_cache_buffer                            build/board_driver_usb.o
udd_ep_out_cache_buffer                           build/board_driver_usb.o
                                                  build/sam_ba_usb.o
usb_endpoint_table                                build/board_driver_usb.o
usb_init                                          build/sam_ba_usb.o
                                                  build/main.o
usbcdc_if                                         build/sam_ba_monitor.o
