Archive member included to satisfy reference by file (symbol)

c:/users/franco/appdata/local/arduino15/packages/arduino/tools/arm-none-eabi-gcc/7-2017q4/bin/../lib/gcc/arm-none-eabi/7.2.1/thumb/v6-m\libgcc.a(_udivsi3.o)
                              build/NeoPixels.o (__aeabi_uidiv)
c:/users/franco/appdata/local/arduino15/packages/arduino/tools/arm-none-eabi-gcc/7-2017q4/bin/../lib/gcc/arm-none-eabi/7.2.1/thumb/v6-m\libgcc.a(_divsi3.o)
                              build/NeoPixels.o (__aeabi_idiv)
c:/users/franco/appdata/local/arduino15/packages/arduino/tools/arm-none-eabi-gcc/7-2017q4/bin/../lib/gcc/arm-none-eabi/7.2.1/thumb/v6-m\libgcc.a(_dvmd_tls.o)
                              c:/users/franco/appdata/local/arduino15/packages/arduino/tools/arm-none-eabi-gcc/7-2017q4/bin/../lib/gcc/arm-none-eabi/7.2.1/thumb/v6-m\libgcc.a(_udivsi3.o) (__aeabi_idiv0)
c:/users/franco/appdata/local/arduino15/packages/arduino/tools/arm-none-eabi-gcc/7-2017q4/bin/../lib/gcc/arm-none-eabi/7.2.1/../../../../arm-none-eabi/lib/thumb/v6-m\libc_nano.a(lib_a-exit.o)
                              c:/users/franco/appdata/local/arduino15/packages/arduino/tools/arm-none-eabi-gcc/7-2017q4/bin/../lib/gcc/arm-none-eabi/7.2.1/../../../../arm-none-eabi/lib/thumb/v6-m/crt0.o (exit)
c:/users/franco/appdata/local/arduino15/packages/arduino/tools/arm-none-eabi-gcc/7-2017q4/bin/../lib/gcc/arm-none-eabi/7.2.1/../../../../arm-none-eabi/lib/thumb/v6-m\libc_nano.a(lib_a-impure.o)
                              c:/users/franco/appdata/local/arduino15/packages/arduino/tools/arm-none-eabi-gcc/7-2017q4/bin/../lib/gcc/arm-none-eabi/7.2.1/../../../../arm-none-eabi/lib/thumb/v6-m\libc_nano.a(lib_a-exit.o) (_global_impure_ptr)
c:/users/franco/appdata/local/arduino15/packages/arduino/tools/arm-none-eabi-gcc/7-2017q4/bin/../lib/gcc/arm-none-eabi/7.2.1/../../../../arm-none-eabi/lib/thumb/v6-m\libc_nano.a(lib_a-init.o)
                              c:/users/franco/appdata/local/arduino15/packages/arduino/tools/arm-none-eabi-gcc/7-2017q4/bin/../lib/gcc/arm-none-eabi/7.2.1/../../../../arm-none-eabi/lib/thumb/v6-m/crt0.o (__libc_init_array)
c:/users/franco/appdata/local/arduino15/packages/arduino/tools/arm-none-eabi-gcc/7-2017q4/bin/../lib/gcc/arm-none-eabi/7.2.1/../../../../arm-none-eabi/lib/thumb/v6-m\libc_nano.a(lib_a-malloc.o)
                              build/NeoPixels.o (malloc)
c:/users/franco/appdata/local/arduino15/packages/arduino/tools/arm-none-eabi-gcc/7-2017q4/bin/../lib/gcc/arm-none-eabi/7.2.1/../../../../arm-none-eabi/lib/thumb/v6-m\libc_nano.a(lib_a-memcpy-stub.o)
                              build/board_driver_usb.o (memcpy)
c:/users/franco/appdata/local/arduino15/packages/arduino/tools/arm-none-eabi-gcc/7-2017q4/bin/../lib/gcc/arm-none-eabi/7.2.1/../../../../arm-none-eabi/lib/thumb/v6-m\libc_nano.a(lib_a-memset.o)
                              c:/users/franco/appdata/local/arduino15/packages/arduino/tools/arm-none-eabi-gcc/7-2017q4/bin/../lib/gcc/arm-none-eabi/7.2.1/../../../../arm-none-eabi/lib/thumb/v6-m/crt0.o (memset)
c:/users/franco/appdata/local/arduino15/packages/arduino/tools/arm-none-eabi-gcc/7-2017q4/bin/../lib/gcc/arm-none-eabi/7.2.1/../../../../arm-none-eabi/lib/thumb/v6-m\libc_nano.a(lib_a-nano-freer.o)
                              c:/users/franco/appdata/local/arduino15/packages/arduino/tools/arm-none-eabi-gcc/7-2017q4/bin/../lib/gcc/arm-none-eabi/7.2.1/../../../../arm-none-eabi/lib/thumb/v6-m\libc_nano.a(lib_a-malloc.o) (_free_r)
c:/users/franco/appdata/local/arduino15/packages/arduino/tools/arm-none-eabi-gcc/7-2017q4/bin/../lib/gcc/arm-none-eabi/7.2.1/../../../../arm-none-eabi/lib/thumb/v6-m\libc_nano.a(lib_a-nano-mallocr.o)
                              c:/users/franco/appdata/local/arduino15/packages/arduino/tools/arm-none-eabi-gcc/7-2017q4/bin/../lib/gcc/arm-none-eabi/7.2.1/../../../../arm-none-eabi/lib/thumb/v6-m\libc_nano.a(lib_a-malloc.o) (_malloc_r)
c:/users/franco/appdata/local/arduino15/packages/arduino/tools/arm-none-eabi-gcc/7-2017q4/bin/../lib/gcc/arm-none-eabi/7.2.1/../../../../arm-none-eabi/lib/thumb/v6-m\libc_nano.a(lib_a-random.o)
                              build/NeoPixels.o (random)
c:/users/franco/appdata/local/arduino15/packages/arduino/tools/arm-none-eabi-gcc/7-2017q4/bin/../lib/gcc/arm-none-eabi/7.2.1/../../../../arm-none-eabi/lib/thumb/v6-m\libc_nano.a(lib_a-sbrkr.o)
                              c:/users/franco/appdata/local/arduino15/packages/arduino/tools/arm-none-eabi-gcc/7-2017q4/bin/../lib/gcc/arm-none-eabi/7.2.1/../../../../arm-none-eabi/lib/thumb/v6-m\libc_nano.a(lib_a-nano-mallocr.o) (_sbrk_r)
c:/users/franco/appdata/local/arduino15/packages/arduino/tools/arm-none-eabi-gcc/7-2017q4/bin/../lib/gcc/arm-none-eabi/7.2.1/../../../../arm-none-eabi/lib/thumb/v6-m\libc_nano.a(lib_a-strlen.o)
                              build/sam_ba_usb.o (strlen)
[...]
Memory Configuration

Name             Origin             Length             Attributes
FLASH            0x00000000         0x00004000         xr
RAM              0x20000000         0x00007ffc         xrw
*default*        0x00000000         0xffffffff

Linker script and memory map

LOAD c:/users/franco/appdata/local/arduino15/packages/arduino/tools/arm-none-eabi-gcc/7-2017q4/bin/../lib/gcc/arm-none-eabi/7.2.1/thumb/v6-m/crti.o
LOAD c:/users/franco/appdata/local/arduino15/packages/arduino/tools/arm-none-eabi-gcc/7-2017q4/bin/../lib/gcc/arm-none-eabi/7.2.1/thumb/v6-m/crtbegin.o
LOAD c:/users/franco/appdata/local/arduino15/packages/arduino/tools/arm-none-eabi-gcc/7-2017q4/bin/../lib/gcc/arm-none-eabi/7.2.1/../../../../arm-none-eabi/lib/thumb/v6-m/crt0.o
START GROUP
LOAD build/board_driver_led.o
LOAD build/extEEPROM.o
LOAD build/NeoPixels.o
LOAD build/board_driver_i2c.o
LOAD build/board_driver_jtag.o
LOAD build/board_driver_serial.o
LOAD build/board_driver_usb.o
LOAD build/board_init.o
LOAD build/board_startup.o
LOAD build/main.o
LOAD build/sam_ba_usb.o
LOAD build/sam_ba_cdc.o
LOAD build/sam_ba_monitor.o
LOAD build/sam_ba_serial.o
LOAD c:/users/franco/appdata/local/arduino15/packages/arduino/tools/arm-none-eabi-gcc/7-2017q4/bin/../lib/gcc/arm-none-eabi/7.2.1/../../../../arm-none-eabi/lib/thumb/v6-m\libm.a
END GROUP
START GROUP
LOAD c:/users/franco/appdata/local/arduino15/packages/arduino/tools/arm-none-eabi-gcc/7-2017q4/bin/../lib/gcc/arm-none-eabi/7.2.1/thumb/v6-m\libgcc.a
LOAD c:/users/franco/appdata/local/arduino15/packages/arduino/tools/arm-none-eabi-gcc/7-2017q4/bin/../lib/gcc/arm-none-eabi/7.2.1/../../../../arm-none-eabi/lib/thumb/v6-m\libc_nano.a
END GROUP
START GROUP
LOAD c:/users/franco/appdata/local/arduino15/packages/arduino/tools/arm-none-eabi-gcc/7-2017q4/bin/../lib/gcc/arm-none-eabi/7.2.1/thumb/v6-m\libgcc.a
LOAD c:/users/franco/appdata/local/arduino15/packages/arduino/tools/arm-none-eabi-gcc/7-2017q4/bin/../lib/gcc/arm-none-eabi/7.2.1/../../../../arm-none-eabi/lib/thumb/v6-m\libc_nano.a
LOAD c:/users/franco/appdata/local/arduino15/packages/arduino/tools/arm-none-eabi-gcc/7-2017q4/bin/../lib/gcc/arm-none-eabi/7.2.1/../../../../arm-none-eabi/lib/thumb/v6-m\libnosys.a
END GROUP
START GROUP
LOAD c:/users/franco/appdata/local/arduino15/packages/arduino/tools/arm-none-eabi-gcc/7-2017q4/bin/../lib/gcc/arm-none-eabi/7.2.1/thumb/v6-m\libgcc.a
LOAD c:/users/franco/appdata/local/arduino15/packages/arduino/tools/arm-none-eabi-gcc/7-2017q4/bin/../lib/gcc/arm-none-eabi/7.2.1/../../../../arm-none-eabi/lib/thumb/v6-m\libc_nano.a
LOAD c:/users/franco/appdata/local/arduino15/packages/arduino/tools/arm-none-eabi-gcc/7-2017q4/bin/../lib/gcc/arm-none-eabi/7.2.1/../../../../arm-none-eabi/lib/thumb/v6-m\libnosys.a
END GROUP
LOAD c:/users/franco/appdata/local/arduino15/packages/arduino/tools/arm-none-eabi-gcc/7-2017q4/bin/../lib/gcc/arm-none-eabi/7.2.1/thumb/v6-m/crtend.o
LOAD c:/users/franco/appdata/local/arduino15/packages/arduino/tools/arm-none-eabi-gcc/7-2017q4/bin/../lib/gcc/arm-none-eabi/7.2.1/thumb/v6-m/crtn.o
                0x00000000                . = ORIGIN (FLASH)

.vectors        0x00000000       0x40
 *(.isr_vector)
 .isr_vector    0x00000000       0x40 build/board_startup.o
                0x00000000                exception_table

.text           0x00000040     0x2568
 *(.text*)
 .text          0x00000040       0x48 c:/users/franco/appdata/local/arduino15/packages/arduino/tools/arm-none-eabi-gcc/7-2017q4/bin/../lib/gcc/arm-none-eabi/7.2.1/thumb/v6-m/crtbegin.o
 .text.LED_pulse
                0x00000088       0x80 build/board_driver_led.o
                0x00000088                LED_pulse
 .text.extEEPROMWriteChunk
                0x00000108       0x40 build/extEEPROM.o
                0x00000108                extEEPROMWriteChunk
 .text.extEEPROMReadChunk
                0x00000148       0x4a build/extEEPROM.o
                0x00000148                extEEPROMReadChunk
 *fill*         0x00000192        0x2 
 .text.pixelsBegin
                0x00000194       0xa8 build/NeoPixels.o
                0x00000194                pixelsBegin
 .text.pixelsShow
                0x0000023c       0xf0 build/NeoPixels.o
                0x0000023c                pixelsShow
 .text.setPixelColor
                0x0000032c       0x6c build/NeoPixels.o
                0x0000032c                setPixelColor
 .text.setBrightness
                0x00000398       0x8c build/NeoPixels.o
                0x00000398                setBrightness
 .text.i2c_init
                0x00000424       0xc4 build/board_driver_i2c.o
                0x00000424                i2c_init
 .text.i2c_requestFrom
                0x000004e8      0x144 build/board_driver_i2c.o
                0x000004e8                i2c_requestFrom
 .text.i2c_beginTransmission
                0x0000062c       0x14 build/board_driver_i2c.o
                0x0000062c                i2c_beginTransmission
 .text.i2c_endTransmission
                0x00000640      0x13c build/board_driver_i2c.o
                0x00000640                i2c_endTransmission
 .text.i2c_write
                0x0000077c       0x18 build/board_driver_i2c.o
                0x0000077c                i2c_write
 .text.i2c_read
                0x00000794        0xc build/board_driver_i2c.o
                0x00000794                i2c_read
 .text.uart_basic_init
                0x000007a0       0x58 build/board_driver_serial.o
                0x000007a0                uart_basic_init
 .text.uart_write_byte
                0x000007f8        0xc build/board_driver_serial.o
                0x000007f8                uart_write_byte
 .text.uart_read_byte
                0x00000804       0x28 build/board_driver_serial.o
                0x00000804                uart_read_byte
 .text.USB_IsConfigured
                0x0000082c       0x90 build/board_driver_usb.o
                0x0000082c                USB_IsConfigured
 .text.USB_Write
                0x000008bc       0xa4 build/board_driver_usb.o
                0x000008bc                USB_Write
 .text.USB_Read
                0x00000960       0x88 build/board_driver_usb.o
                0x00000960                USB_Read
 .text.USB_SendStall
                0x000009e8       0x20 build/board_driver_usb.o
                0x000009e8                USB_SendStall
 .text.USB_SendZlp
                0x00000a08       0x30 build/board_driver_usb.o
                0x00000a08                USB_SendZlp
 .text.USB_SetAddress
                0x00000a38        0xc build/board_driver_usb.o
                0x00000a38                USB_SetAddress
 .text.USB_Configure
                0x00000a44       0x68 build/board_driver_usb.o
                0x00000a44                USB_Configure
 .text.gclk_sync
                0x00000aac       0x10 build/board_init.o
 .text.dfll_sync
                0x00000abc       0x10 build/board_init.o
 .text.board_init
                0x00000acc       0xe0 build/board_init.o
                0x00000acc                board_init
 .text.NMI_Handler
                0x00000bac        0x4 build/board_startup.o
                0x00000bac                NMI_Handler
 .text.HardFault_Handler
                0x00000bb0        0x4 build/board_startup.o
                0x00000bb0                HardFault_Handler
 .text.SVC_Handler
                0x00000bb4        0x4 build/board_startup.o
                0x00000bb4                SVC_Handler
 .text.PendSV_Handler
                0x00000bb8        0x4 build/board_startup.o
                0x00000bb8                PendSV_Handler
 .text.Reset_Handler
                0x00000bbc       0x74 build/board_startup.o
                0x00000bbc                Reset_Handler
 .text.main     0x00000c30      0x15c build/main.o
                0x00000c30                main
 .text.SysTick_Handler
                0x00000d8c        0xc build/main.o
                0x00000d8c                SysTick_Handler
 .text.USB_SendString
                0x00000d98       0x5c build/sam_ba_usb.o
                0x00000d98                USB_SendString
 .text.sam_ba_usb_CDC_Enumerate
                0x00000df4      0x474 build/sam_ba_usb.o
                0x00000df4                sam_ba_usb_CDC_Enumerate
 .text.cdc_putc
                0x00001268       0x20 build/sam_ba_cdc.o
                0x00001268                cdc_putc
 .text.cdc_getc
                0x00001288       0x20 build/sam_ba_cdc.o
                0x00001288                cdc_getc
 .text.cdc_is_rx_ready
                0x000012a8       0x24 build/sam_ba_cdc.o
                0x000012a8                cdc_is_rx_ready
 .text.cdc_write_buf
                0x000012cc       0x1c build/sam_ba_cdc.o
                0x000012cc                cdc_write_buf
 .text.cdc_read_buf
                0x000012e8       0x2c build/sam_ba_cdc.o
                0x000012e8                cdc_read_buf
 .text.cdc_read_buf_xmd
                0x00001314       0x38 build/sam_ba_cdc.o
                0x00001314                cdc_read_buf_xmd
 .text.sam_ba_putdata
                0x0000134c       0x24 build/sam_ba_monitor.o
 .text.sam_ba_monitor_init
                0x00001370       0x30 build/sam_ba_monitor.o
                0x00001370                sam_ba_monitor_init
 .text.sam_ba_putdata_term
                0x000013a0       0x94 build/sam_ba_monitor.o
                0x000013a0                sam_ba_putdata_term
 .text.call_applet
                0x00001434       0x20 build/sam_ba_monitor.o
                0x00001434                call_applet
 .text.sam_ba_monitor_sys_tick
                0x00001454       0x50 build/sam_ba_monitor.o
                0x00001454                sam_ba_monitor_sys_tick
 .text.sam_ba_monitor_run
                0x000014a4      0x5cc build/sam_ba_monitor.o
                0x000014a4                sam_ba_monitor_run
 .text.serial_open
                0x00001a70       0xac build/sam_ba_serial.o
                0x00001a70                serial_open
 .text.serial_putc
                0x00001b1c       0x14 build/sam_ba_serial.o
                0x00001b1c                serial_putc
 .text.serial_is_rx_ready
                0x00001b30       0x10 build/sam_ba_serial.o
                0x00001b30                serial_is_rx_ready
 .text.serial_getc
                0x00001b40       0x18 build/sam_ba_serial.o
                0x00001b40                serial_getc
 .text.serial_putdata
                0x00001b58       0x1a build/sam_ba_serial.o
                0x00001b58                serial_putdata
 .text.serial_getdata
                0x00001b72        0xe build/sam_ba_serial.o
                0x00001b72                serial_getdata
 .text.serial_add_crc
                0x00001b80       0x18 build/sam_ba_serial.o
                0x00001b80                serial_add_crc
 .text.serial_putdata_xmd
                0x00001b98      0x150 build/sam_ba_serial.o
                0x00001b98                serial_putdata_xmd
 .text.getbytes
                0x00001ce8       0x88 build/sam_ba_serial.o
 .text.serial_getdata_xmd
                0x00001d70      0x110 build/sam_ba_serial.o
                0x00001d70                serial_getdata_xmd
 .text          0x00001e80      0x114 c:/users/franco/appdata/local/arduino15/packages/arduino/tools/arm-none-eabi-gcc/7-2017q4/bin/../lib/gcc/arm-none-eabi/7.2.1/thumb/v6-m\libgcc.a(_udivsi3.o)
                0x00001e80                __aeabi_uidiv
                0x00001e80                __udivsi3
                0x00001f8c                __aeabi_uidivmod
 .text          0x00001f94      0x1d4 c:/users/franco/appdata/local/arduino15/packages/arduino/tools/arm-none-eabi-gcc/7-2017q4/bin/../lib/gcc/arm-none-eabi/7.2.1/thumb/v6-m\libgcc.a(_divsi3.o)
                0x00001f94                __divsi3
                0x00001f94                __aeabi_idiv
                0x00002160                __aeabi_idivmod
 .text          0x00002168        0x4 c:/users/franco/appdata/local/arduino15/packages/arduino/tools/arm-none-eabi-gcc/7-2017q4/bin/../lib/gcc/arm-none-eabi/7.2.1/thumb/v6-m\libgcc.a(_dvmd_tls.o)
                0x00002168                __aeabi_idiv0
                0x00002168                __aeabi_ldiv0
 .text.malloc   0x0000216c       0x14 c:/users/franco/appdata/local/arduino15/packages/arduino/tools/arm-none-eabi-gcc/7-2017q4/bin/../lib/gcc/arm-none-eabi/7.2.1/../../../../arm-none-eabi/lib/thumb/v6-m\libc_nano.a(lib_a-malloc.o)
                0x0000216c                malloc
 .text.memcpy   0x00002180       0x12 c:/users/franco/appdata/local/arduino15/packages/arduino/tools/arm-none-eabi-gcc/7-2017q4/bin/../lib/gcc/arm-none-eabi/7.2.1/../../../../arm-none-eabi/lib/thumb/v6-m\libc_nano.a(lib_a-memcpy-stub.o)
                0x00002180                memcpy
 .text.memset   0x00002192       0x10 c:/users/franco/appdata/local/arduino15/packages/arduino/tools/arm-none-eabi-gcc/7-2017q4/bin/../lib/gcc/arm-none-eabi/7.2.1/../../../../arm-none-eabi/lib/thumb/v6-m\libc_nano.a(lib_a-memset.o)
                0x00002192                memset
 *fill*         0x000021a2        0x2 
 .text._malloc_r
                0x000021a4       0xbc c:/users/franco/appdata/local/arduino15/packages/arduino/tools/arm-none-eabi-gcc/7-2017q4/bin/../lib/gcc/arm-none-eabi/7.2.1/../../../../arm-none-eabi/lib/thumb/v6-m\libc_nano.a(lib_a-nano-mallocr.o)
                0x000021a4                _malloc_r
 .text._sbrk_r  0x00002260       0x24 c:/users/franco/appdata/local/arduino15/packages/arduino/tools/arm-none-eabi-gcc/7-2017q4/bin/../lib/gcc/arm-none-eabi/7.2.1/../../../../arm-none-eabi/lib/thumb/v6-m\libc_nano.a(lib_a-sbrkr.o)
                0x00002260                _sbrk_r
 .text          0x00002284        0xe c:/users/franco/appdata/local/arduino15/packages/arduino/tools/arm-none-eabi-gcc/7-2017q4/bin/../lib/gcc/arm-none-eabi/7.2.1/../../../../arm-none-eabi/lib/thumb/v6-m\libc_nano.a(lib_a-strlen.o)
                0x00002284                strlen
 .text.__malloc_lock
                0x00002292        0x2 c:/users/franco/appdata/local/arduino15/packages/arduino/tools/arm-none-eabi-gcc/7-2017q4/bin/../lib/gcc/arm-none-eabi/7.2.1/../../../../arm-none-eabi/lib/thumb/v6-m\libc_nano.a(lib_a-mlock.o)
                0x00002292                __malloc_lock
 .text.__malloc_unlock
                0x00002294        0x2 c:/users/franco/appdata/local/arduino15/packages/arduino/tools/arm-none-eabi-gcc/7-2017q4/bin/../lib/gcc/arm-none-eabi/7.2.1/../../../../arm-none-eabi/lib/thumb/v6-m\libc_nano.a(lib_a-mlock.o)
                0x00002294                __malloc_unlock
 *fill*         0x00002296        0x2 
 .text._sbrk    0x00002298       0x1c c:/users/franco/appdata/local/arduino15/packages/arduino/tools/arm-none-eabi-gcc/7-2017q4/bin/../lib/gcc/arm-none-eabi/7.2.1/../../../../arm-none-eabi/lib/thumb/v6-m\libnosys.a(sbrk.o)
                0x00002298                _sbrk
 *(.init)
 .init          0x000022b4        0x4 c:/users/franco/appdata/local/arduino15/packages/arduino/tools/arm-none-eabi-gcc/7-2017q4/bin/../lib/gcc/arm-none-eabi/7.2.1/thumb/v6-m/crti.o
                0x000022b4                _init
 .init          0x000022b8        0x8 c:/users/franco/appdata/local/arduino15/packages/arduino/tools/arm-none-eabi-gcc/7-2017q4/bin/../lib/gcc/arm-none-eabi/7.2.1/thumb/v6-m/crtn.o
 *(.fini)
 .fini          0x000022c0        0x4 c:/users/franco/appdata/local/arduino15/packages/arduino/tools/arm-none-eabi-gcc/7-2017q4/bin/../lib/gcc/arm-none-eabi/7.2.1/thumb/v6-m/crti.o
                0x000022c0                _fini
 .fini          0x000022c4        0x8 c:/users/franco/appdata/local/arduino15/packages/arduino/tools/arm-none-eabi-gcc/7-2017q4/bin/../lib/gcc/arm-none-eabi/7.2.1/thumb/v6-m/crtn.o
 *crtbegin.o(.ctors)
 *crtbegin?.o(.ctors)
 *(EXCLUDE_FILE(*crtend.o *crtend?.o) .ctors)
 *(SORT_BY_NAME(.ctors.*))
 *(.ctors)
 *crtbegin.o(.dtors)
 *crtbegin?.o(.dtors)
 *(EXCLUDE_FILE(*crtend.o *crtend?.o) .dtors)
 *(SORT_BY_NAME(.dtors.*))
 *(.dtors)
 *(.rodata*)
 .rodata        0x000022cc        0x4 build/sam_ba_usb.o
 .rodata.devDescriptor
                0x000022d0       0x12 build/sam_ba_usb.o
 *fill*         0x000022e2        0x2 
 .rodata.sam_ba_usb_CDC_Enumerate.str1.4
                0x000022e4       0x1c build/sam_ba_usb.o
 .rodata        0x00002300       0x20 build/sam_ba_monitor.o
 .rodata.RomBOOT_ExtendedCapabilities
                0x00002320        0xe build/sam_ba_monitor.o
                0x00002320                RomBOOT_ExtendedCapabilities
 *fill*         0x0000232e        0x2 
 .rodata.RomBOOT_Version
                0x00002330        0x4 build/sam_ba_monitor.o
                0x00002330                RomBOOT_Version
 .rodata.sam_ba_monitor_run.str1.4
                0x00002334       0x38 build/sam_ba_monitor.o
                                 0x36 (size before relaxing)
 .rodata.uart_if
                0x0000236c       0x1c build/sam_ba_monitor.o
                0x0000236c                uart_if
 .rodata.usbcdc_if
                0x00002388       0x1c build/sam_ba_monitor.o
                0x00002388                usbcdc_if
 .rodata.crc16Table
                0x000023a4      0x200 build/sam_ba_serial.o
 *(.eh_frame*)
 .eh_frame      0x000025a4        0x0 c:/users/franco/appdata/local/arduino15/packages/arduino/tools/arm-none-eabi-gcc/7-2017q4/bin/../lib/gcc/arm-none-eabi/7.2.1/thumb/v6-m/crtbegin.o
 .eh_frame      0x000025a4        0x4 c:/users/franco/appdata/local/arduino15/packages/arduino/tools/arm-none-eabi-gcc/7-2017q4/bin/../lib/gcc/arm-none-eabi/7.2.1/thumb/v6-m/crtend.o

.glue_7         0x000025a8        0x0
 .glue_7        0x000025a8        0x0 linker stubs

.glue_7t        0x000025a8        0x0
 .glue_7t       0x000025a8        0x0 linker stubs

.vfp11_veneer   0x000025a8        0x0
 .vfp11_veneer  0x000025a8        0x0 linker stubs

.v4_bx          0x000025a8        0x0
 .v4_bx         0x000025a8        0x0 linker stubs

.iplt           0x000025a8        0x0
 .iplt          0x000025a8        0x0 c:/users/franco/appdata/local/arduino15/packages/arduino/tools/arm-none-eabi-gcc/7-2017q4/bin/../lib/gcc/arm-none-eabi/7.2.1/thumb/v6-m/crtbegin.o

.rel.dyn        0x000025a8        0x0
 .rel.iplt      0x000025a8        0x0 c:/users/franco/appdata/local/arduino15/packages/arduino/tools/arm-none-eabi-gcc/7-2017q4/bin/../lib/gcc/arm-none-eabi/7.2.1/thumb/v6-m/crtbegin.o

.ARM.extab
 *(.ARM.extab* .gnu.linkonce.armextab.*)
                0x000025a8                __exidx_start = .

.ARM.exidx
 *(.ARM.exidx* .gnu.linkonce.armexidx.*)
                0x000025a8                __exidx_end = .
                0x000025a8                __etext = .
                0x00004000                PROVIDE (__sketch_vectors_ptr, (ORIGIN (FLASH) + LENGTH (FLASH)))

.data           0x20000000       0xbc load address 0x000025a8
                0x20000000                __data_start__ = .
 *(vtable)
 *(.data*)
 .data.ledDirection
                0x20000000        0x1 build/board_driver_led.o
                0x20000000                ledDirection
 .data.ledTargetValue
                0x20000001        0x1 build/board_driver_led.o
                0x20000001                ledTargetValue
 *fill*         0x20000002        0x2 
 .data.cfgDescriptor
                0x20000004       0x43 build/sam_ba_usb.o
 *fill*         0x20000047        0x1 
 .data.line_coding
                0x20000048        0x8 build/sam_ba_cdc.o
                0x20000048                line_coding
 .data._impure_ptr
                0x20000050        0x4 c:/users/franco/appdata/local/arduino15/packages/arduino/tools/arm-none-eabi-gcc/7-2017q4/bin/../lib/gcc/arm-none-eabi/7.2.1/../../../../arm-none-eabi/lib/thumb/v6-m\libc_nano.a(lib_a-impure.o)
                0x20000050                _impure_ptr
 .data.impure_data
                0x20000054       0x60 c:/users/franco/appdata/local/arduino15/packages/arduino/tools/arm-none-eabi-gcc/7-2017q4/bin/../lib/gcc/arm-none-eabi/7.2.1/../../../../arm-none-eabi/lib/thumb/v6-m\libc_nano.a(lib_a-impure.o)
                0x200000b4                . = ALIGN (0x4)
                0x200000b4                PROVIDE (__preinit_array_start, .)
 *(.preinit_array)
                0x200000b4                PROVIDE (__preinit_array_end, .)
                0x200000b4                . = ALIGN (0x4)
                0x200000b4                PROVIDE (__init_array_start, .)
 *(SORT_BY_NAME(.init_array.*))
 *(.init_array)
 .init_array    0x200000b4        0x4 c:/users/franco/appdata/local/arduino15/packages/arduino/tools/arm-none-eabi-gcc/7-2017q4/bin/../lib/gcc/arm-none-eabi/7.2.1/thumb/v6-m/crtbegin.o
                0x200000b8                PROVIDE (__init_array_end, .)
                0x200000b8                . = ALIGN (0x4)
                [!provide]                PROVIDE (__fini_array_start, .)
 *(SORT_BY_NAME(.fini_array.*))
 *(.fini_array)
 .fini_array    0x200000b8        0x4 c:/users/franco/appdata/local/arduino15/packages/arduino/tools/arm-none-eabi-gcc/7-2017q4/bin/../lib/gcc/arm-none-eabi/7.2.1/thumb/v6-m/crtbegin.o
                [!provide]                PROVIDE (__fini_array_end, .)
 *(.jcr*)
                0x200000bc                . = ALIGN (0x4)
                0x200000bc                __data_end__ = .

.igot.plt       0x200000bc        0x0 load address 0x00002664
 .igot.plt      0x200000bc        0x0 c:/users/franco/appdata/local/arduino15/packages/arduino/tools/arm-none-eabi-gcc/7-2017q4/bin/../lib/gcc/arm-none-eabi/7.2.1/thumb/v6-m/crtbegin.o

.bss            0x200000bc      0x3e0 load address 0x00002664
                0x200000bc                . = ALIGN (0x4)
                0x200000bc                __bss_start__ = .
 *(.bss*)
 .bss           0x200000bc       0x1c c:/users/franco/appdata/local/arduino15/packages/arduino/tools/arm-none-eabi-gcc/7-2017q4/bin/../lib/gcc/arm-none-eabi/7.2.1/thumb/v6-m/crtbegin.o
 .bss.ledKeepValue
                0x200000d8        0x1 build/board_driver_led.o
                0x200000d8                ledKeepValue
 *fill*         0x200000d9        0x3 
 .bss.rxBuffer  0x200000dc       0x10 build/board_driver_i2c.o
 .bss.rxBufferLen
                0x200000ec        0x1 build/board_driver_i2c.o
 .bss.txAddress
                0x200000ed        0x1 build/board_driver_i2c.o
 *fill*         0x200000ee        0x2 
 .bss.txBuffer  0x200000f0       0x10 build/board_driver_i2c.o
 .bss.txBufferLen
                0x20000100        0x1 build/board_driver_i2c.o
 .bss.uart_drv_error_flag
                0x20000101        0x1 build/board_driver_serial.o
                0x20000101                uart_drv_error_flag
 .bss.read_job  0x20000102        0x1 build/board_driver_usb.o
 .bss.jump_to_app
                0x20000103        0x1 build/main.o
 .bss.bRequest.10450
                0x20000104        0x1 build/sam_ba_usb.o
 .bss.bmRequestType.10449
                0x20000105        0x1 build/sam_ba_usb.o
 .bss.dir.10451
                0x20000106        0x1 build/sam_ba_usb.o
 *fill*         0x20000107        0x1 
 .bss.wIndex.10453
                0x20000108        0x2 build/sam_ba_usb.o
 .bss.wLength.10454
                0x2000010a        0x2 build/sam_ba_usb.o
 .bss.wStatus.10455
                0x2000010c        0x2 build/sam_ba_usb.o
 .bss.wValue.10452
                0x2000010e        0x2 build/sam_ba_usb.o
 .bss.b_sam_ba_interface_usart
                0x20000110        0x1 build/sam_ba_monitor.o
                0x20000110                b_sam_ba_interface_usart
 .bss.b_terminal_mode
                0x20000111        0x1 build/sam_ba_monitor.o
                0x20000111                b_terminal_mode
 .bss.rxLEDPulse
                0x20000112        0x2 build/sam_ba_monitor.o
                0x20000112                rxLEDPulse
 .bss.src_buff_addr.11924
                0x20000114        0x4 build/sam_ba_monitor.o
 .bss.txLEDPulse
                0x20000118        0x2 build/sam_ba_monitor.o
                0x20000118                txLEDPulse
 *fill*         0x2000011a        0x2 
 .bss.__malloc_free_list
                0x2000011c        0x4 c:/users/franco/appdata/local/arduino15/packages/arduino/tools/arm-none-eabi-gcc/7-2017q4/bin/../lib/gcc/arm-none-eabi/7.2.1/../../../../arm-none-eabi/lib/thumb/v6-m\libc_nano.a(lib_a-nano-mallocr.o)
                0x2000011c                __malloc_free_list
 .bss.__malloc_sbrk_start
                0x20000120        0x4 c:/users/franco/appdata/local/arduino15/packages/arduino/tools/arm-none-eabi-gcc/7-2017q4/bin/../lib/gcc/arm-none-eabi/7.2.1/../../../../arm-none-eabi/lib/thumb/v6-m\libc_nano.a(lib_a-nano-mallocr.o)
                0x20000120                __malloc_sbrk_start
 .bss.heap_end.4102
                0x20000124        0x4 c:/users/franco/appdata/local/arduino15/packages/arduino/tools/arm-none-eabi-gcc/7-2017q4/bin/../lib/gcc/arm-none-eabi/7.2.1/../../../../arm-none-eabi/lib/thumb/v6-m\libnosys.a(sbrk.o)
 *(COMMON)
 COMMON         0x20000128       0x5e build/NeoPixels.o
                0x20000128                pixels
                0x2000013c                endTime
                0x20000140                numBytes
                0x2000014a                nStrips
                0x2000014c                gOffset
                0x20000154                begun
                0x2000015c                brightness
                0x20000164                bOffset
                0x2000016c                pin
                0x20000174                rOffset
                0x2000017c                numLEDs
 *fill*         0x20000186        0x2 
 COMMON         0x20000188      0x180 build/board_driver_usb.o
                0x20000188                udd_ep_out_cache_buffer
                0x20000208                udd_ep_in_cache_buffer
                0x20000288                usb_endpoint_table
 COMMON         0x20000308        0x4 build/main.o
                0x20000308                pulSketch_Start_Address
 COMMON         0x2000030c        0xc build/sam_ba_usb.o
                0x2000030c                sam_ba_cdc
 COMMON         0x20000318       0x74 build/sam_ba_monitor.o
                0x20000318                j
                0x2000031c                length
                0x20000320                ptr
                0x20000324                command
                0x20000328                MAX_FLASH
                0x2000032c                PAGES
                0x20000330                i
                0x20000334                PAGE_SIZE
                0x20000338                data
                0x20000378                ptr_data
                0x2000037c                ptr_monitor_if
                0x20000380                sp
                0x20000384                current_number
                0x20000388                u32tmp
 COMMON         0x2000038c      0x10c build/sam_ba_serial.o
                0x2000038c                b_sharp_received
                0x2000038d                idx_rx_write
                0x2000038e                size_of_data
                0x20000390                idx_tx_read
                0x20000394                buffer_tx_usart
                0x20000414                error_timeout
                0x20000415                mode_of_transfer
                0x20000416                idx_rx_read
                0x20000417                idx_tx_write
                0x20000418                buffer_rx_usart
 COMMON         0x20000498        0x4 c:/users/franco/appdata/local/arduino15/packages/arduino/tools/arm-none-eabi-gcc/7-2017q4/bin/../lib/gcc/arm-none-eabi/7.2.1/../../../../arm-none-eabi/lib/thumb/v6-m\libc_nano.a(lib_a-reent.o)
                0x20000498                errno
                0x2000049c                . = ALIGN (0x4)
                0x2000049c                __bss_end__ = .

.heap           0x2000049c        0x0
                0x2000049c                __end__ = .
                0x2000049c                PROVIDE (end, .)
 *(.heap*)
                0x2000049c                __HeapLimit = .

.stack_dummy    0x2000049c        0x0
 *(.stack*)
                0x20007ffc                __StackTop = (ORIGIN (RAM) + LENGTH (RAM))
                0x20007ffc                __StackLimit = (__StackTop - SIZEOF (.stack_dummy))
                0x20007ffc                PROVIDE (__stack, __StackTop)
                0x20007ffb                __ram_end__ = ((ORIGIN (RAM) + LENGTH (RAM)) - 0x1)
                0x00000001                ASSERT ((__StackLimit >= __HeapLimit), region RAM overflowed with stack)
OUTPUT(build/samd21_sam_ba.elf elf32-littlearm)

.ARM.attributes
                0x00000000       0x28
 .ARM.attributes
                0x00000000       0x1e c:/users/franco/appdata/local/arduino15/packages/arduino/tools/arm-none-eabi-gcc/7-2017q4/bin/../lib/gcc/arm-none-eabi/7.2.1/thumb/v6-m/crti.o
 .ARM.attributes
                0x0000001e       0x2c c:/users/franco/appdata/local/arduino15/packages/arduino/tools/arm-none-eabi-gcc/7-2017q4/bin/../lib/gcc/arm-none-eabi/7.2.1/thumb/v6-m/crtbegin.o
 .ARM.attributes
                0x0000004a       0x32 build/board_driver_led.o
 .ARM.attributes
                0x0000007c       0x32 build/extEEPROM.o
 .ARM.attributes
                0x000000ae       0x32 build/NeoPixels.o
 .ARM.attributes
                0x000000e0       0x32 build/board_driver_i2c.o
 .ARM.attributes
                0x00000112       0x32 build/board_driver_serial.o
 .ARM.attributes
                0x00000144       0x32 build/board_driver_usb.o
 .ARM.attributes
                0x00000176       0x32 build/board_init.o
 .ARM.attributes
                0x000001a8       0x32 build/board_startup.o
 .ARM.attributes
                0x000001da       0x32 build/main.o
 .ARM.attributes
                0x0000020c       0x32 build/sam_ba_usb.o
 .ARM.attributes
                0x0000023e       0x32 build/sam_ba_cdc.o
 .ARM.attributes
                0x00000270       0x32 build/sam_ba_monitor.o
 .ARM.attributes
                0x000002a2       0x32 build/sam_ba_serial.o
 .ARM.attributes
                0x000002d4       0x1e c:/users/franco/appdata/local/arduino15/packages/arduino/tools/arm-none-eabi-gcc/7-2017q4/bin/../lib/gcc/arm-none-eabi/7.2.1/thumb/v6-m\libgcc.a(_udivsi3.o)
 .ARM.attributes
                0x000002f2       0x1e c:/users/franco/appdata/local/arduino15/packages/arduino/tools/arm-none-eabi-gcc/7-2017q4/bin/../lib/gcc/arm-none-eabi/7.2.1/thumb/v6-m\libgcc.a(_divsi3.o)
 .ARM.attributes
                0x00000310       0x1e c:/users/franco/appdata/local/arduino15/packages/arduino/tools/arm-none-eabi-gcc/7-2017q4/bin/../lib/gcc/arm-none-eabi/7.2.1/thumb/v6-m\libgcc.a(_dvmd_tls.o)
 .ARM.attributes
                0x0000032e       0x2c c:/users/franco/appdata/local/arduino15/packages/arduino/tools/arm-none-eabi-gcc/7-2017q4/bin/../lib/gcc/arm-none-eabi/7.2.1/../../../../arm-none-eabi/lib/thumb/v6-m\libc_nano.a(lib_a-impure.o)
 .ARM.attributes
                0x0000035a       0x2c c:/users/franco/appdata/local/arduino15/packages/arduino/tools/arm-none-eabi-gcc/7-2017q4/bin/../lib/gcc/arm-none-eabi/7.2.1/../../../../arm-none-eabi/lib/thumb/v6-m\libc_nano.a(lib_a-malloc.o)
 .ARM.attributes
                0x00000386       0x2c c:/users/franco/appdata/local/arduino15/packages/arduino/tools/arm-none-eabi-gcc/7-2017q4/bin/../lib/gcc/arm-none-eabi/7.2.1/../../../../arm-none-eabi/lib/thumb/v6-m\libc_nano.a(lib_a-memcpy-stub.o)
 .ARM.attributes
                0x000003b2       0x2c c:/users/franco/appdata/local/arduino15/packages/arduino/tools/arm-none-eabi-gcc/7-2017q4/bin/../lib/gcc/arm-none-eabi/7.2.1/../../../../arm-none-eabi/lib/thumb/v6-m\libc_nano.a(lib_a-memset.o)
 .ARM.attributes
                0x000003de       0x2c c:/users/franco/appdata/local/arduino15/packages/arduino/tools/arm-none-eabi-gcc/7-2017q4/bin/../lib/gcc/arm-none-eabi/7.2.1/../../../../arm-none-eabi/lib/thumb/v6-m\libc_nano.a(lib_a-nano-mallocr.o)
 .ARM.attributes
                0x0000040a       0x2c c:/users/franco/appdata/local/arduino15/packages/arduino/tools/arm-none-eabi-gcc/7-2017q4/bin/../lib/gcc/arm-none-eabi/7.2.1/../../../../arm-none-eabi/lib/thumb/v6-m\libc_nano.a(lib_a-sbrkr.o)
 .ARM.attributes
                0x00000436       0x1c c:/users/franco/appdata/local/arduino15/packages/arduino/tools/arm-none-eabi-gcc/7-2017q4/bin/../lib/gcc/arm-none-eabi/7.2.1/../../../../arm-none-eabi/lib/thumb/v6-m\libc_nano.a(lib_a-strlen.o)
 .ARM.attributes
                0x00000452       0x2c c:/users/franco/appdata/local/arduino15/packages/arduino/tools/arm-none-eabi-gcc/7-2017q4/bin/../lib/gcc/arm-none-eabi/7.2.1/../../../../arm-none-eabi/lib/thumb/v6-m\libc_nano.a(lib_a-mlock.o)
 .ARM.attributes
                0x0000047e       0x2c c:/users/franco/appdata/local/arduino15/packages/arduino/tools/arm-none-eabi-gcc/7-2017q4/bin/../lib/gcc/arm-none-eabi/7.2.1/../../../../arm-none-eabi/lib/thumb/v6-m\libc_nano.a(lib_a-reent.o)
 .ARM.attributes
                0x000004aa       0x2c c:/users/franco/appdata/local/arduino15/packages/arduino/tools/arm-none-eabi-gcc/7-2017q4/bin/../lib/gcc/arm-none-eabi/7.2.1/../../../../arm-none-eabi/lib/thumb/v6-m\libnosys.a(sbrk.o)
 .ARM.attributes
                0x000004d6       0x2c c:/users/franco/appdata/local/arduino15/packages/arduino/tools/arm-none-eabi-gcc/7-2017q4/bin/../lib/gcc/arm-none-eabi/7.2.1/thumb/v6-m/crtend.o
 .ARM.attributes
                0x00000502       0x1e c:/users/franco/appdata/local/arduino15/packages/arduino/tools/arm-none-eabi-gcc/7-2017q4/bin/../lib/gcc/arm-none-eabi/7.2.1/thumb/v6-m/crtn.o

.comment        0x00000000       0x7e
 .comment       0x00000000       0x7e build/board_driver_led.o
                                 0x7f (size before relaxing)
 .comment       0x0000007e       0x7f build/extEEPROM.o
 .comment       0x0000007e       0x7f build/NeoPixels.o
 .comment       0x0000007e       0x7f build/board_driver_i2c.o
 .comment       0x0000007e       0x7f build/board_driver_serial.o
 .comment       0x0000007e       0x7f build/board_driver_usb.o
 .comment       0x0000007e       0x7f build/board_init.o
 .comment       0x0000007e       0x7f build/board_startup.o
 .comment       0x0000007e       0x7f build/main.o
 .comment       0x0000007e       0x7f build/sam_ba_usb.o
 .comment       0x0000007e       0x7f build/sam_ba_cdc.o
 .comment       0x0000007e       0x7f build/sam_ba_monitor.o
 .comment       0x0000007e       0x7f build/sam_ba_serial.o

.debug_info     0x00000000    0x1e61b
 .debug_info    0x00000000      0x718 build/board_driver_led.o
 .debug_info    0x00000718      0xcd8 build/extEEPROM.o
 .debug_info    0x000013f0     0x1b11 build/NeoPixels.o
 .debug_info    0x00002f01     0x3253 build/board_driver_i2c.o
 .debug_info    0x00006154     0x25ef build/board_driver_serial.o
 .debug_info    0x00008743     0x3c0e build/board_driver_usb.o
 .debug_info    0x0000c351     0x1a9c build/board_init.o
 .debug_info    0x0000dded      0x246 build/board_startup.o
 .debug_info    0x0000e033     0x3a9e build/main.o
 .debug_info    0x00011ad1     0x2dd6 build/sam_ba_usb.o
 .debug_info    0x000148a7     0x22c0 build/sam_ba_cdc.o
 .debug_info    0x00016b67     0x3e62 build/sam_ba_monitor.o
 .debug_info    0x0001a9c9     0x3c52 build/sam_ba_serial.o

.debug_abbrev   0x00000000     0x2825
 .debug_abbrev  0x00000000      0x179 build/board_driver_led.o
 .debug_abbrev  0x00000179      0x283 build/extEEPROM.o
 .debug_abbrev  0x000003fc      0x4ae build/NeoPixels.o
 .debug_abbrev  0x000008aa      0x35e build/board_driver_i2c.o
 .debug_abbrev  0x00000c08      0x29a build/board_driver_serial.o
 .debug_abbrev  0x00000ea2      0x32f build/board_driver_usb.o
 .debug_abbrev  0x000011d1      0x22c build/board_init.o
 .debug_abbrev  0x000013fd       0xfb build/board_startup.o
 .debug_abbrev  0x000014f8      0x421 build/main.o
 .debug_abbrev  0x00001919      0x322 build/sam_ba_usb.o
 .debug_abbrev  0x00001c3b      0x23f build/sam_ba_cdc.o
 .debug_abbrev  0x00001e7a      0x51d build/sam_ba_monitor.o
 .debug_abbrev  0x00002397      0x48e build/sam_ba_serial.o

.debug_aranges  0x00000000      0x3d0
 .debug_aranges
                0x00000000       0x20 build/board_driver_led.o
 .debug_aranges
                0x00000020       0x38 build/extEEPROM.o
 .debug_aranges
                0x00000058       0xa0 build/NeoPixels.o
 .debug_aranges
                0x000000f8       0x50 build/board_driver_i2c.o
 .debug_aranges
                0x00000148       0x48 build/board_driver_serial.o
 .debug_aranges
                0x00000190       0x68 build/board_driver_usb.o
 .debug_aranges
                0x000001f8       0x30 build/board_init.o
 .debug_aranges
                0x00000228       0x40 build/board_startup.o
 .debug_aranges
                0x00000268       0x28 build/main.o
 .debug_aranges
                0x00000290       0x30 build/sam_ba_usb.o
 .debug_aranges
                0x000002c0       0x48 build/sam_ba_cdc.o
 .debug_aranges
                0x00000308       0x48 build/sam_ba_monitor.o
 .debug_aranges
                0x00000350       0x80 build/sam_ba_serial.o

.debug_ranges   0x00000000      0x5f8
 .debug_ranges  0x00000000       0x10 build/board_driver_led.o
 .debug_ranges  0x00000010       0x28 build/extEEPROM.o
 .debug_ranges  0x00000038      0x220 build/NeoPixels.o
 .debug_ranges  0x00000258       0xd8 build/board_driver_i2c.o
 .debug_ranges  0x00000330       0x38 build/board_driver_serial.o
 .debug_ranges  0x00000368       0x58 build/board_driver_usb.o
 .debug_ranges  0x000003c0       0x20 build/board_init.o
 .debug_ranges  0x000003e0       0x30 build/board_startup.o
 .debug_ranges  0x00000410       0x30 build/main.o
 .debug_ranges  0x00000440       0x20 build/sam_ba_usb.o
 .debug_ranges  0x00000460       0x38 build/sam_ba_cdc.o
 .debug_ranges  0x00000498       0xb8 build/sam_ba_monitor.o
 .debug_ranges  0x00000550       0xa8 build/sam_ba_serial.o

.debug_macro    0x00000000    0x15f2f
 .debug_macro   0x00000000      0x325 build/board_driver_led.o
 .debug_macro   0x00000325      0xa4e build/board_driver_led.o
 .debug_macro   0x00000d73      0x38e build/board_driver_led.o
 .debug_macro   0x00001101       0x22 build/board_driver_led.o
 .debug_macro   0x00001123       0x87 build/board_driver_led.o
 .debug_macro   0x000011aa       0x51 build/board_driver_led.o
 .debug_macro   0x000011fb       0xef build/board_driver_led.o
 .debug_macro   0x000012ea       0x6a build/board_driver_led.o
 .debug_macro   0x00001354      0x1df build/board_driver_led.o
 .debug_macro   0x00001533       0x3a build/board_driver_led.o
 .debug_macro   0x0000156d       0x3a build/board_driver_led.o
 .debug_macro   0x000015a7       0x26 build/board_driver_led.o
 .debug_macro   0x000015cd      0x329 build/board_driver_led.o
 .debug_macro   0x000018f6      0x682 build/board_driver_led.o
 .debug_macro   0x00001f78      0x8bf build/board_driver_led.o
 .debug_macro   0x00002837      0x235 build/board_driver_led.o
 .debug_macro   0x00002a6c      0xd6a build/board_driver_led.o
 .debug_macro   0x000037d6      0x4ce build/board_driver_led.o
 .debug_macro   0x00003ca4      0x9f8 build/board_driver_led.o
 .debug_macro   0x0000469c      0x82b build/board_driver_led.o
 .debug_macro   0x00004ec7      0x45f build/board_driver_led.o
 .debug_macro   0x00005326       0x5e build/board_driver_led.o
 .debug_macro   0x00005384      0x906 build/board_driver_led.o
 .debug_macro   0x00005c8a      0x225 build/board_driver_led.o
 .debug_macro   0x00005eaf      0x797 build/board_driver_led.o
 .debug_macro   0x00006646       0x5e build/board_driver_led.o
 .debug_macro   0x000066a4      0x634 build/board_driver_led.o
 .debug_macro   0x00006cd8      0x3b6 build/board_driver_led.o
 .debug_macro   0x0000708e      0xc55 build/board_driver_led.o
 .debug_macro   0x00007ce3     0x1092 build/board_driver_led.o
 .debug_macro   0x00008d75      0xc4a build/board_driver_led.o
 .debug_macro   0x000099bf      0x6bf build/board_driver_led.o
 .debug_macro   0x0000a07e     0x1b4b build/board_driver_led.o
 .debug_macro   0x0000bbc9     0x144a build/board_driver_led.o
 .debug_macro   0x0000d013      0x34e build/board_driver_led.o
 .debug_macro   0x0000d361       0x7c build/board_driver_led.o
 .debug_macro   0x0000d3dd       0xa0 build/board_driver_led.o
 .debug_macro   0x0000d47d       0x4c build/board_driver_led.o
 .debug_macro   0x0000d4c9       0xca build/board_driver_led.o
 .debug_macro   0x0000d593       0x94 build/board_driver_led.o
 .debug_macro   0x0000d627       0x58 build/board_driver_led.o
 .debug_macro   0x0000d67f      0x364 build/board_driver_led.o
 .debug_macro   0x0000d9e3       0x82 build/board_driver_led.o
 .debug_macro   0x0000da65      0x197 build/board_driver_led.o
 .debug_macro   0x0000dbfc       0xb8 build/board_driver_led.o
 .debug_macro   0x0000dcb4       0xa0 build/board_driver_led.o
 .debug_macro   0x0000dd54       0xb2 build/board_driver_led.o
 .debug_macro   0x0000de06       0x1c build/board_driver_led.o
 .debug_macro   0x0000de22       0x1c build/board_driver_led.o
 .debug_macro   0x0000de3e       0x1c build/board_driver_led.o
 .debug_macro   0x0000de5a       0x7c build/board_driver_led.o
 .debug_macro   0x0000ded6      0x161 build/board_driver_led.o
 .debug_macro   0x0000e037       0xdc build/board_driver_led.o
 .debug_macro   0x0000e113      0x12f build/board_driver_led.o
 .debug_macro   0x0000e242      0x12f build/board_driver_led.o
 .debug_macro   0x0000e371      0x12f build/board_driver_led.o
 .debug_macro   0x0000e4a0      0x12f build/board_driver_led.o
 .debug_macro   0x0000e5cf      0x12f build/board_driver_led.o
 .debug_macro   0x0000e6fe      0x12f build/board_driver_led.o
 .debug_macro   0x0000e82d      0x11e build/board_driver_led.o
 .debug_macro   0x0000e94b       0xe2 build/board_driver_led.o
 .debug_macro   0x0000ea2d       0xe2 build/board_driver_led.o
 .debug_macro   0x0000eb0f       0xe2 build/board_driver_led.o
 .debug_macro   0x0000ebf1      0x12c build/board_driver_led.o
 .debug_macro   0x0000ed1d      0x100 build/board_driver_led.o
 .debug_macro   0x0000ee1d       0xf4 build/board_driver_led.o
 .debug_macro   0x0000ef11      0x40f build/board_driver_led.o
 .debug_macro   0x0000f320       0x40 build/board_driver_led.o
 .debug_macro   0x0000f360      0x361 build/board_driver_led.o
 .debug_macro   0x0000f6c1     0x16ea build/board_driver_led.o
 .debug_macro   0x00010dab       0x6d build/board_driver_led.o
 .debug_macro   0x00010e18       0xa6 build/board_driver_led.o
 .debug_macro   0x00010ebe       0x22 build/board_driver_led.o
 .debug_macro   0x00010ee0      0x4c6 build/extEEPROM.o
 .debug_macro   0x000113a6       0x52 build/extEEPROM.o
 .debug_macro   0x000113f8       0x17 build/extEEPROM.o
 .debug_macro   0x0001140f       0x8d build/extEEPROM.o
 .debug_macro   0x0001149c       0x35 build/extEEPROM.o
 .debug_macro   0x000114d1       0x9c build/extEEPROM.o
 .debug_macro   0x0001156d       0x16 build/extEEPROM.o
 .debug_macro   0x00011583       0x57 build/extEEPROM.o
 .debug_macro   0x000115da       0x97 build/extEEPROM.o
 .debug_macro   0x00011671      0x353 build/extEEPROM.o
 .debug_macro   0x000119c4       0xf6 build/extEEPROM.o
 .debug_macro   0x00011aba       0x10 build/extEEPROM.o
 .debug_macro   0x00011aca       0x58 build/extEEPROM.o
 .debug_macro   0x00011b22       0x1f build/extEEPROM.o
 .debug_macro   0x00011b41       0x43 build/extEEPROM.o
 .debug_macro   0x00011b84       0x20 build/extEEPROM.o
 .debug_macro   0x00011ba4      0x18e build/extEEPROM.o
 .debug_macro   0x00011d32       0x10 build/extEEPROM.o
 .debug_macro   0x00011d42       0x1c build/extEEPROM.o
 .debug_macro   0x00011d5e       0x52 build/extEEPROM.o
 .debug_macro   0x00011db0       0x40 build/extEEPROM.o
 .debug_macro   0x00011df0       0x10 build/extEEPROM.o
 .debug_macro   0x00011e00       0x40 build/extEEPROM.o
 .debug_macro   0x00011e40       0xd7 build/extEEPROM.o
 .debug_macro   0x00011f17       0x1c build/extEEPROM.o
 .debug_macro   0x00011f33       0x3d build/extEEPROM.o
 .debug_macro   0x00011f70       0x16 build/extEEPROM.o
 .debug_macro   0x00011f86      0x16f build/extEEPROM.o
 .debug_macro   0x000120f5       0x16 build/extEEPROM.o
 .debug_macro   0x0001210b       0x35 build/extEEPROM.o
 .debug_macro   0x00012140       0x16 build/extEEPROM.o
 .debug_macro   0x00012156       0x29 build/extEEPROM.o
 .debug_macro   0x0001217f       0x22 build/extEEPROM.o
 .debug_macro   0x000121a1       0x46 build/extEEPROM.o
 .debug_macro   0x000121e7       0x28 build/extEEPROM.o
 .debug_macro   0x0001220f      0x4c6 build/NeoPixels.o
 .debug_macro   0x000126d5      0x16d build/NeoPixels.o
 .debug_macro   0x00012842       0x10 build/NeoPixels.o
 .debug_macro   0x00012852       0x1c build/NeoPixels.o
 .debug_macro   0x0001286e       0x16 build/NeoPixels.o
 .debug_macro   0x00012884      0x34c build/board_driver_i2c.o
 .debug_macro   0x00012bd0      0x484 build/board_driver_serial.o
 .debug_macro   0x00013054      0x40d build/board_driver_usb.o
 .debug_macro   0x00013461       0x40 build/board_driver_usb.o
 .debug_macro   0x000134a1       0xee build/board_driver_usb.o
 .debug_macro   0x0001358f       0x16 build/board_driver_usb.o
 .debug_macro   0x000135a5      0x33d build/board_init.o
 .debug_macro   0x000138e2      0x303 build/board_startup.o
 .debug_macro   0x00013be5      0x5a1 build/main.o
 .debug_macro   0x00014186      0xa4e build/main.o
 .debug_macro   0x00014bd4       0x16 build/main.o
 .debug_macro   0x00014bea       0x1c build/main.o
 .debug_macro   0x00014c06       0x4c build/main.o
 .debug_macro   0x00014c52       0x4c build/main.o
 .debug_macro   0x00014c9e       0xf4 build/main.o
 .debug_macro   0x00014d92       0x1c build/main.o
 .debug_macro   0x00014dae      0x409 build/sam_ba_usb.o
 .debug_macro   0x000151b7      0x334 build/sam_ba_cdc.o
 .debug_macro   0x000154eb      0x55f build/sam_ba_monitor.o
 .debug_macro   0x00015a4a       0x46 build/sam_ba_monitor.o
 .debug_macro   0x00015a90      0x49f build/sam_ba_serial.o

.debug_line     0x00000000     0x83b3
 .debug_line    0x00000000      0x857 build/board_driver_led.o
 .debug_line    0x00000857      0xa21 build/extEEPROM.o
 .debug_line    0x00001278      0xcb1 build/NeoPixels.o
 .debug_line    0x00001f29      0x9b9 build/board_driver_i2c.o
 .debug_line    0x000028e2      0xa31 build/board_driver_serial.o
 .debug_line    0x00003313      0xa3b build/board_driver_usb.o
 .debug_line    0x00003d4e      0x8a1 build/board_init.o
 .debug_line    0x000045ef      0x854 build/board_startup.o
 .debug_line    0x00004e43      0xae0 build/main.o
 .debug_line    0x00005923      0xa32 build/sam_ba_usb.o
 .debug_line    0x00006355      0x894 build/sam_ba_cdc.o
 .debug_line    0x00006be9      0xc7c build/sam_ba_monitor.o
 .debug_line    0x00007865      0xb4e build/sam_ba_serial.o

.debug_str      0x00000000    0x7307e
 .debug_str     0x00000000    0x6b5ac build/board_driver_led.o
                              0x6b91c (size before relaxing)
 .debug_str     0x0006b5ac     0x4511 build/extEEPROM.o
                              0x6fccc (size before relaxing)
 .debug_str     0x0006fabd      0x2fd build/NeoPixels.o
                              0x6fbd0 (size before relaxing)
 .debug_str     0x0006fdba      0xc3c build/board_driver_i2c.o
                              0x6c5dd (size before relaxing)
 .debug_str     0x000709f6      0x153 build/board_driver_serial.o
                              0x7020b (size before relaxing)
 .debug_str     0x00070b49      0xeed build/board_driver_usb.o
                              0x6f8f0 (size before relaxing)
 .debug_str     0x00071a36      0x801 build/board_init.o
                              0x6c093 (size before relaxing)
 .debug_str     0x00072237      0x178 build/board_startup.o
                              0x6b4f7 (size before relaxing)
 .debug_str     0x000723af      0x728 build/main.o
                              0x71748 (size before relaxing)
 .debug_str     0x00072ad7      0x104 build/sam_ba_usb.o
                              0x6f78b (size before relaxing)
 .debug_str     0x00072bdb       0x7d build/sam_ba_cdc.o
                              0x6c2c7 (size before relaxing)
 .debug_str     0x00072c58      0x23f build/sam_ba_monitor.o
                              0x713c7 (size before relaxing)
 .debug_str     0x00072e97      0x1e7 build/sam_ba_serial.o
                              0x708c2 (size before relaxing)

.debug_frame    0x00000000      0xad4
 .debug_frame   0x00000000       0x20 build/board_driver_led.o
 .debug_frame   0x00000020       0x88 build/extEEPROM.o
 .debug_frame   0x000000a8      0x210 build/NeoPixels.o
 .debug_frame   0x000002b8       0xac build/board_driver_i2c.o
 .debug_frame   0x00000364       0x8c build/board_driver_serial.o
 .debug_frame   0x000003f0      0x100 build/board_driver_usb.o
 .debug_frame   0x000004f0       0x4c build/board_init.o
 .debug_frame   0x0000053c       0x68 build/board_startup.o
 .debug_frame   0x000005a4       0x48 build/main.o
 .debug_frame   0x000005ec       0x68 build/sam_ba_usb.o
 .debug_frame   0x00000654       0xb4 build/sam_ba_cdc.o
 .debug_frame   0x00000708       0xb4 build/sam_ba_monitor.o
 .debug_frame   0x000007bc      0x160 build/sam_ba_serial.o
 .debug_frame   0x0000091c       0x20 c:/users/franco/appdata/local/arduino15/packages/arduino/tools/arm-none-eabi-gcc/7-2017q4/bin/../lib/gcc/arm-none-eabi/7.2.1/thumb/v6-m\libgcc.a(_udivsi3.o)
 .debug_frame   0x0000093c       0x20 c:/users/franco/appdata/local/arduino15/packages/arduino/tools/arm-none-eabi-gcc/7-2017q4/bin/../lib/gcc/arm-none-eabi/7.2.1/thumb/v6-m\libgcc.a(_divsi3.o)
 .debug_frame   0x0000095c       0x40 c:/users/franco/appdata/local/arduino15/packages/arduino/tools/arm-none-eabi-gcc/7-2017q4/bin/../lib/gcc/arm-none-eabi/7.2.1/../../../../arm-none-eabi/lib/thumb/v6-m\libc_nano.a(lib_a-malloc.o)
 .debug_frame   0x0000099c       0x28 c:/users/franco/appdata/local/arduino15/packages/arduino/tools/arm-none-eabi-gcc/7-2017q4/bin/../lib/gcc/arm-none-eabi/7.2.1/../../../../arm-none-eabi/lib/thumb/v6-m\libc_nano.a(lib_a-memcpy-stub.o)
 .debug_frame   0x000009c4       0x20 c:/users/franco/appdata/local/arduino15/packages/arduino/tools/arm-none-eabi-gcc/7-2017q4/bin/../lib/gcc/arm-none-eabi/7.2.1/../../../../arm-none-eabi/lib/thumb/v6-m\libc_nano.a(lib_a-memset.o)
 .debug_frame   0x000009e4       0x2c c:/users/franco/appdata/local/arduino15/packages/arduino/tools/arm-none-eabi-gcc/7-2017q4/bin/../lib/gcc/arm-none-eabi/7.2.1/../../../../arm-none-eabi/lib/thumb/v6-m\libc_nano.a(lib_a-nano-mallocr.o)
 .debug_frame   0x00000a10       0x2c c:/users/franco/appdata/local/arduino15/packages/arduino/tools/arm-none-eabi-gcc/7-2017q4/bin/../lib/gcc/arm-none-eabi/7.2.1/../../../../arm-none-eabi/lib/thumb/v6-m\libc_nano.a(lib_a-sbrkr.o)
 .debug_frame   0x00000a3c       0x30 c:/users/franco/appdata/local/arduino15/packages/arduino/tools/arm-none-eabi-gcc/7-2017q4/bin/../lib/gcc/arm-none-eabi/7.2.1/../../../../arm-none-eabi/lib/thumb/v6-m\libc_nano.a(lib_a-mlock.o)
 .debug_frame   0x00000a6c       0x48 c:/users/franco/appdata/local/arduino15/packages/arduino/tools/arm-none-eabi-gcc/7-2017q4/bin/../lib/gcc/arm-none-eabi/7.2.1/../../../../arm-none-eabi/lib/thumb/v6-m\libc_nano.a(lib_a-reent.o)
 .debug_frame   0x00000ab4       0x20 c:/users/franco/appdata/local/arduino15/packages/arduino/tools/arm-none-eabi-gcc/7-2017q4/bin/../lib/gcc/arm-none-eabi/7.2.1/../../../../arm-none-eabi/lib/thumb/v6-m\libnosys.a(sbrk.o)

.debug_loc      0x00000000     0x30e3
 .debug_loc     0x00000000      0x502 build/extEEPROM.o
 .debug_loc     0x00000502      0xf92 build/NeoPixels.o
 .debug_loc     0x00001494      0x682 build/board_driver_i2c.o
 .debug_loc     0x00001b16      0x126 build/board_driver_serial.o
 .debug_loc     0x00001c3c      0x362 build/board_driver_usb.o
 .debug_loc     0x00001f9e       0x3f build/board_init.o
 .debug_loc     0x00001fdd       0x20 build/board_startup.o
 .debug_loc     0x00001ffd       0xd8 build/main.o
 .debug_loc     0x000020d5      0x151 build/sam_ba_usb.o
 .debug_loc     0x00002226      0x1ae build/sam_ba_cdc.o
 .debug_loc     0x000023d4      0x586 build/sam_ba_monitor.o
 .debug_loc     0x0000295a      0x789 build/sam_ba_serial.o

Cross Reference Table

Symbol                                            File
HardFault_Handler                                 build/board_startup.o
LED_pulse                                         build/board_driver_led.o
                                                  build/main.o
MAX_FLASH                                         build/sam_ba_monitor.o
NMI_Handler                                       build/board_startup.o
PAGES                                             build/sam_ba_monitor.o
PAGE_SIZE                                         build/sam_ba_monitor.o
PendSV_Handler                                    build/board_startup.o
Reset_Handler                                     build/board_startup.o
RomBOOT_ExtendedCapabilities                      build/sam_ba_monitor.o
RomBOOT_Version                                   build/sam_ba_monitor.o
SVC_Handler                                       build/board_startup.o
SysTick_Handler                                   build/main.o
                                                  build/board_startup.o
USB_Configure                                     build/board_driver_usb.o
                                                  build/sam_ba_usb.o
USB_Init                                          build/board_driver_usb.o
                                                  build/sam_ba_usb.o
USB_IsConfigured                                  build/board_driver_usb.o
                                                  build/sam_ba_cdc.o
USB_Open                                          build/board_driver_usb.o
                                                  build/sam_ba_usb.o
USB_Read                                          build/board_driver_usb.o
                                                  build/sam_ba_cdc.o
USB_Read_blocking                                 build/board_driver_usb.o
USB_SendStall                                     build/board_driver_usb.o
                                                  build/sam_ba_usb.o
USB_SendString                                    build/sam_ba_usb.o
USB_SendZlp                                       build/board_driver_usb.o
                                                  build/sam_ba_usb.o
USB_SetAddress                                    build/board_driver_usb.o
                                                  build/sam_ba_usb.o
USB_Write                                         build/board_driver_usb.o
                                                  build/sam_ba_cdc.o
                                                  build/sam_ba_usb.o
Wheel                                             build/NeoPixels.o
__StackTop                                        build/board_startup.o
__aeabi_idiv                                      c:/users/franco/appdata/local/arduino15/packages/arduino/tools/arm-none-eabi-gcc/7-2017q4/bin/../lib/gcc/arm-none-eabi/7.2.1/thumb/v6-m\libgcc.a(_divsi3.o)
                                                  build/NeoPixels.o
__aeabi_idiv0                                     c:/users/franco/appdata/local/arduino15/packages/arduino/tools/arm-none-eabi-gcc/7-2017q4/bin/../lib/gcc/arm-none-eabi/7.2.1/thumb/v6-m\libgcc.a(_dvmd_tls.o)
                                                  c:/users/franco/appdata/local/arduino15/packages/arduino/tools/arm-none-eabi-gcc/7-2017q4/bin/../lib/gcc/arm-none-eabi/7.2.1/thumb/v6-m\libgcc.a(_divsi3.o)
                                                  c:/users/franco/appdata/local/arduino15/packages/arduino/tools/arm-none-eabi-gcc/7-2017q4/bin/../lib/gcc/arm-none-eabi/7.2.1/thumb/v6-m\libgcc.a(_udivsi3.o)
__aeabi_idivmod                                   c:/users/franco/appdata/local/arduino15/packages/arduino/tools/arm-none-eabi-gcc/7-2017q4/bin/../lib/gcc/arm-none-eabi/7.2.1/thumb/v6-m\libgcc.a(_divsi3.o)
__aeabi_ldiv0                                     c:/users/franco/appdata/local/arduino15/packages/arduino/tools/arm-none-eabi-gcc/7-2017q4/bin/../lib/gcc/arm-none-eabi/7.2.1/thumb/v6-m\libgcc.a(_dvmd_tls.o)
__aeabi_lmul                                      c:/users/franco/appdata/local/arduino15/packages/arduino/tools/arm-none-eabi-gcc/7-2017q4/bin/../lib/gcc/arm-none-eabi/7.2.1/thumb/v6-m\libgcc.a(_muldi3.o)
                                                  c:/users/franco/appdata/local/arduino15/packages/arduino/tools/arm-none-eabi-gcc/7-2017q4/bin/../lib/gcc/arm-none-eabi/7.2.1/../../../../arm-none-eabi/lib/thumb/v6-m\libc_nano.a(lib_a-random.o)
__aeabi_uidiv                                     c:/users/franco/appdata/local/arduino15/packages/arduino/tools/arm-none-eabi-gcc/7-2017q4/bin/../lib/gcc/arm-none-eabi/7.2.1/thumb/v6-m\libgcc.a(_udivsi3.o)
                                                  build/board_driver_i2c.o
                                                  build/NeoPixels.o
__aeabi_uidivmod                                  c:/users/franco/appdata/local/arduino15/packages/arduino/tools/arm-none-eabi-gcc/7-2017q4/bin/../lib/gcc/arm-none-eabi/7.2.1/thumb/v6-m\libgcc.a(_udivsi3.o)
__bss_end__                                       build/board_startup.o
                                                  c:/users/franco/appdata/local/arduino15/packages/arduino/tools/arm-none-eabi-gcc/7-2017q4/bin/../lib/gcc/arm-none-eabi/7.2.1/../../../../arm-none-eabi/lib/thumb/v6-m/crt0.o
__bss_start__                                     build/board_startup.o
                                                  c:/users/franco/appdata/local/arduino15/packages/arduino/tools/arm-none-eabi-gcc/7-2017q4/bin/../lib/gcc/arm-none-eabi/7.2.1/../../../../arm-none-eabi/lib/thumb/v6-m/crt0.o
__call_exitprocs                                  c:/users/franco/appdata/local/arduino15/packages/arduino/tools/arm-none-eabi-gcc/7-2017q4/bin/../lib/gcc/arm-none-eabi/7.2.1/../../../../arm-none-eabi/lib/thumb/v6-m\libc_nano.a(lib_a-exit.o)
__data_end__                                      build/board_startup.o
__data_start__                                    build/board_startup.o
__deregister_frame_info                           c:/users/franco/appdata/local/arduino15/packages/arduino/tools/arm-none-eabi-gcc/7-2017q4/bin/../lib/gcc/arm-none-eabi/7.2.1/thumb/v6-m/crtbegin.o
__divsi3                                          c:/users/franco/appdata/local/arduino15/packages/arduino/tools/arm-none-eabi-gcc/7-2017q4/bin/../lib/gcc/arm-none-eabi/7.2.1/thumb/v6-m\libgcc.a(_divsi3.o)
__dso_handle                                      c:/users/franco/appdata/local/arduino15/packages/arduino/tools/arm-none-eabi-gcc/7-2017q4/bin/../lib/gcc/arm-none-eabi/7.2.1/thumb/v6-m/crtbegin.o
__etext                                           build/board_startup.o
__init_array_end                                  c:/users/franco/appdata/local/arduino15/packages/arduino/tools/arm-none-eabi-gcc/7-2017q4/bin/../lib/gcc/arm-none-eabi/7.2.1/../../../../arm-none-eabi/lib/thumb/v6-m\libc_nano.a(lib_a-init.o)
__init_array_start                                c:/users/franco/appdata/local/arduino15/packages/arduino/tools/arm-none-eabi-gcc/7-2017q4/bin/../lib/gcc/arm-none-eabi/7.2.1/../../../../arm-none-eabi/lib/thumb/v6-m\libc_nano.a(lib_a-init.o)
__libc_fini_array                                 c:/users/franco/appdata/local/arduino15/packages/arduino/tools/arm-none-eabi-gcc/7-2017q4/bin/../lib/gcc/arm-none-eabi/7.2.1/../../../../arm-none-eabi/lib/thumb/v6-m/crt0.o
__libc_init_array                                 c:/users/franco/appdata/local/arduino15/packages/arduino/tools/arm-none-eabi-gcc/7-2017q4/bin/../lib/gcc/arm-none-eabi/7.2.1/../../../../arm-none-eabi/lib/thumb/v6-m\libc_nano.a(lib_a-init.o)
                                                  c:/users/franco/appdata/local/arduino15/packages/arduino/tools/arm-none-eabi-gcc/7-2017q4/bin/../lib/gcc/arm-none-eabi/7.2.1/../../../../arm-none-eabi/lib/thumb/v6-m/crt0.o
__malloc_free_list                                c:/users/franco/appdata/local/arduino15/packages/arduino/tools/arm-none-eabi-gcc/7-2017q4/bin/../lib/gcc/arm-none-eabi/7.2.1/../../../../arm-none-eabi/lib/thumb/v6-m\libc_nano.a(lib_a-nano-mallocr.o)
                                                  c:/users/franco/appdata/local/arduino15/packages/arduino/tools/arm-none-eabi-gcc/7-2017q4/bin/../lib/gcc/arm-none-eabi/7.2.1/../../../../arm-none-eabi/lib/thumb/v6-m\libc_nano.a(lib_a-nano-freer.o)
__malloc_lock                                     c:/users/franco/appdata/local/arduino15/packages/arduino/tools/arm-none-eabi-gcc/7-2017q4/bin/../lib/gcc/arm-none-eabi/7.2.1/../../../../arm-none-eabi/lib/thumb/v6-m\libc_nano.a(lib_a-mlock.o)
                                                  c:/users/franco/appdata/local/arduino15/packages/arduino/tools/arm-none-eabi-gcc/7-2017q4/bin/../lib/gcc/arm-none-eabi/7.2.1/../../../../arm-none-eabi/lib/thumb/v6-m\libc_nano.a(lib_a-nano-mallocr.o)
                                                  c:/users/franco/appdata/local/arduino15/packages/arduino/tools/arm-none-eabi-gcc/7-2017q4/bin/../lib/gcc/arm-none-eabi/7.2.1/../../../../arm-none-eabi/lib/thumb/v6-m\libc_nano.a(lib_a-nano-freer.o)
__malloc_sbrk_start                               c:/users/franco/appdata/local/arduino15/packages/arduino/tools/arm-none-eabi-gcc/7-2017q4/bin/../lib/gcc/arm-none-eabi/7.2.1/../../../../arm-none-eabi/lib/thumb/v6-m\libc_nano.a(lib_a-nano-mallocr.o)
__malloc_unlock                                   c:/users/franco/appdata/local/arduino15/packages/arduino/tools/arm-none-eabi-gcc/7-2017q4/bin/../lib/gcc/arm-none-eabi/7.2.1/../../../../arm-none-eabi/lib/thumb/v6-m\libc_nano.a(lib_a-mlock.o)
                                                  c:/users/franco/appdata/local/arduino15/packages/arduino/tools/arm-none-eabi-gcc/7-2017q4/bin/../lib/gcc/arm-none-eabi/7.2.1/../../../../arm-none-eabi/lib/thumb/v6-m\libc_nano.a(lib_a-nano-mallocr.o)
                                                  c:/users/franco/appdata/local/arduino15/packages/arduino/tools/arm-none-eabi-gcc/7-2017q4/bin/../lib/gcc/arm-none-eabi/7.2.1/../../../../arm-none-eabi/lib/thumb/v6-m\libc_nano.a(lib_a-nano-freer.o)
__muldi3                                          c:/users/franco/appdata/local/arduino15/packages/arduino/tools/arm-none-eabi-gcc/7-2017q4/bin/../lib/gcc/arm-none-eabi/7.2.1/thumb/v6-m\libgcc.a(_muldi3.o)
__preinit_array_end                               c:/users/franco/appdata/local/arduino15/packages/arduino/tools/arm-none-eabi-gcc/7-2017q4/bin/../lib/gcc/arm-none-eabi/7.2.1/../../../../arm-none-eabi/lib/thumb/v6-m\libc_nano.a(lib_a-init.o)
__preinit_array_start                             c:/users/franco/appdata/local/arduino15/packages/arduino/tools/arm-none-eabi-gcc/7-2017q4/bin/../lib/gcc/arm-none-eabi/7.2.1/../../../../arm-none-eabi/lib/thumb/v6-m\libc_nano.a(lib_a-init.o)
__register_frame_info                             c:/users/franco/appdata/local/arduino15/packages/arduino/tools/arm-none-eabi-gcc/7-2017q4/bin/../lib/gcc/arm-none-eabi/7.2.1/thumb/v6-m/crtbegin.o
__sf_fake_stderr                                  c:/users/franco/appdata/local/arduino15/packages/arduino/tools/arm-none-eabi-gcc/7-2017q4/bin/../lib/gcc/arm-none-eabi/7.2.1/../../../../arm-none-eabi/lib/thumb/v6-m\libc_nano.a(lib_a-impure.o)
__sf_fake_stdin                                   c:/users/franco/appdata/local/arduino15/packages/arduino/tools/arm-none-eabi-gcc/7-2017q4/bin/../lib/gcc/arm-none-eabi/7.2.1/../../../../arm-none-eabi/lib/thumb/v6-m\libc_nano.a(lib_a-impure.o)
__sf_fake_stdout                                  c:/users/franco/appdata/local/arduino15/packages/arduino/tools/arm-none-eabi-gcc/7-2017q4/bin/../lib/gcc/arm-none-eabi/7.2.1/../../../../arm-none-eabi/lib/thumb/v6-m\libc_nano.a(lib_a-impure.o)
__sketch_vectors_ptr                              build/main.o
__stack                                           c:/users/franco/appdata/local/arduino15/packages/arduino/tools/arm-none-eabi-gcc/7-2017q4/bin/../lib/gcc/arm-none-eabi/7.2.1/../../../../arm-none-eabi/lib/thumb/v6-m/crt0.o
__udivsi3                                         c:/users/franco/appdata/local/arduino15/packages/arduino/tools/arm-none-eabi-gcc/7-2017q4/bin/../lib/gcc/arm-none-eabi/7.2.1/thumb/v6-m\libgcc.a(_udivsi3.o)
_exit                                             c:/users/franco/appdata/local/arduino15/packages/arduino/tools/arm-none-eabi-gcc/7-2017q4/bin/../lib/gcc/arm-none-eabi/7.2.1/../../../../arm-none-eabi/lib/thumb/v6-m\libnosys.a(_exit.o)
                                                  c:/users/franco/appdata/local/arduino15/packages/arduino/tools/arm-none-eabi-gcc/7-2017q4/bin/../lib/gcc/arm-none-eabi/7.2.1/../../../../arm-none-eabi/lib/thumb/v6-m\libc_nano.a(lib_a-exit.o)
_fini                                             c:/users/franco/appdata/local/arduino15/packages/arduino/tools/arm-none-eabi-gcc/7-2017q4/bin/../lib/gcc/arm-none-eabi/7.2.1/thumb/v6-m/crti.o
_free_r                                           c:/users/franco/appdata/local/arduino15/packages/arduino/tools/arm-none-eabi-gcc/7-2017q4/bin/../lib/gcc/arm-none-eabi/7.2.1/../../../../arm-none-eabi/lib/thumb/v6-m\libc_nano.a(lib_a-nano-freer.o)
                                                  c:/users/franco/appdata/local/arduino15/packages/arduino/tools/arm-none-eabi-gcc/7-2017q4/bin/../lib/gcc/arm-none-eabi/7.2.1/../../../../arm-none-eabi/lib/thumb/v6-m\libc_nano.a(lib_a-reent.o)
                                                  c:/users/franco/appdata/local/arduino15/packages/arduino/tools/arm-none-eabi-gcc/7-2017q4/bin/../lib/gcc/arm-none-eabi/7.2.1/../../../../arm-none-eabi/lib/thumb/v6-m\libc_nano.a(lib_a-malloc.o)
_global_impure_ptr                                c:/users/franco/appdata/local/arduino15/packages/arduino/tools/arm-none-eabi-gcc/7-2017q4/bin/../lib/gcc/arm-none-eabi/7.2.1/../../../../arm-none-eabi/lib/thumb/v6-m\libc_nano.a(lib_a-impure.o)
                                                  c:/users/franco/appdata/local/arduino15/packages/arduino/tools/arm-none-eabi-gcc/7-2017q4/bin/../lib/gcc/arm-none-eabi/7.2.1/../../../../arm-none-eabi/lib/thumb/v6-m\libc_nano.a(lib_a-exit.o)
_impure_ptr                                       c:/users/franco/appdata/local/arduino15/packages/arduino/tools/arm-none-eabi-gcc/7-2017q4/bin/../lib/gcc/arm-none-eabi/7.2.1/../../../../arm-none-eabi/lib/thumb/v6-m\libc_nano.a(lib_a-impure.o)
                                                  c:/users/franco/appdata/local/arduino15/packages/arduino/tools/arm-none-eabi-gcc/7-2017q4/bin/../lib/gcc/arm-none-eabi/7.2.1/../../../../arm-none-eabi/lib/thumb/v6-m\libc_nano.a(lib_a-reent.o)
                                                  c:/users/franco/appdata/local/arduino15/packages/arduino/tools/arm-none-eabi-gcc/7-2017q4/bin/../lib/gcc/arm-none-eabi/7.2.1/../../../../arm-none-eabi/lib/thumb/v6-m\libc_nano.a(lib_a-random.o)
                                                  c:/users/franco/appdata/local/arduino15/packages/arduino/tools/arm-none-eabi-gcc/7-2017q4/bin/../lib/gcc/arm-none-eabi/7.2.1/../../../../arm-none-eabi/lib/thumb/v6-m\libc_nano.a(lib_a-malloc.o)
_init                                             c:/users/franco/appdata/local/arduino15/packages/arduino/tools/arm-none-eabi-gcc/7-2017q4/bin/../lib/gcc/arm-none-eabi/7.2.1/thumb/v6-m/crti.o
                                                  c:/users/franco/appdata/local/arduino15/packages/arduino/tools/arm-none-eabi-gcc/7-2017q4/bin/../lib/gcc/arm-none-eabi/7.2.1/../../../../arm-none-eabi/lib/thumb/v6-m\libc_nano.a(lib_a-init.o)
_mainCRTStartup                                   c:/users/franco/appdata/local/arduino15/packages/arduino/tools/arm-none-eabi-gcc/7-2017q4/bin/../lib/gcc/arm-none-eabi/7.2.1/../../../../arm-none-eabi/lib/thumb/v6-m/crt0.o
_malloc_r                                         c:/users/franco/appdata/local/arduino15/packages/arduino/tools/arm-none-eabi-gcc/7-2017q4/bin/../lib/gcc/arm-none-eabi/7.2.1/../../../../arm-none-eabi/lib/thumb/v6-m\libc_nano.a(lib_a-nano-mallocr.o)
                                                  c:/users/franco/appdata/local/arduino15/packages/arduino/tools/arm-none-eabi-gcc/7-2017q4/bin/../lib/gcc/arm-none-eabi/7.2.1/../../../../arm-none-eabi/lib/thumb/v6-m\libc_nano.a(lib_a-malloc.o)
_reclaim_reent                                    c:/users/franco/appdata/local/arduino15/packages/arduino/tools/arm-none-eabi-gcc/7-2017q4/bin/../lib/gcc/arm-none-eabi/7.2.1/../../../../arm-none-eabi/lib/thumb/v6-m\libc_nano.a(lib_a-reent.o)
_sbrk                                             c:/users/franco/appdata/local/arduino15/packages/arduino/tools/arm-none-eabi-gcc/7-2017q4/bin/../lib/gcc/arm-none-eabi/7.2.1/../../../../arm-none-eabi/lib/thumb/v6-m\libnosys.a(sbrk.o)
                                                  c:/users/franco/appdata/local/arduino15/packages/arduino/tools/arm-none-eabi-gcc/7-2017q4/bin/../lib/gcc/arm-none-eabi/7.2.1/../../../../arm-none-eabi/lib/thumb/v6-m\libc_nano.a(lib_a-sbrkr.o)
_sbrk_r                                           c:/users/franco/appdata/local/arduino15/packages/arduino/tools/arm-none-eabi-gcc/7-2017q4/bin/../lib/gcc/arm-none-eabi/7.2.1/../../../../arm-none-eabi/lib/thumb/v6-m\libc_nano.a(lib_a-sbrkr.o)
                                                  c:/users/franco/appdata/local/arduino15/packages/arduino/tools/arm-none-eabi-gcc/7-2017q4/bin/../lib/gcc/arm-none-eabi/7.2.1/../../../../arm-none-eabi/lib/thumb/v6-m\libc_nano.a(lib_a-nano-mallocr.o)
_start                                            c:/users/franco/appdata/local/arduino15/packages/arduino/tools/arm-none-eabi-gcc/7-2017q4/bin/../lib/gcc/arm-none-eabi/7.2.1/../../../../arm-none-eabi/lib/thumb/v6-m/crt0.o
atexit                                            c:/users/franco/appdata/local/arduino15/packages/arduino/tools/arm-none-eabi-gcc/7-2017q4/bin/../lib/gcc/arm-none-eabi/7.2.1/../../../../arm-none-eabi/lib/thumb/v6-m/crt0.o
bOffset                                           build/NeoPixels.o
b_sam_ba_interface_usart                          build/sam_ba_monitor.o
b_sharp_received                                  build/sam_ba_serial.o
b_terminal_mode                                   build/sam_ba_monitor.o
begun                                             build/NeoPixels.o
board_init                                        build/board_init.o
                                                  build/main.o
brightness                                        build/NeoPixels.o
buffer_rx_usart                                   build/sam_ba_serial.o
buffer_tx_usart                                   build/sam_ba_serial.o
call_applet                                       build/sam_ba_monitor.o
cdc_getc                                          build/sam_ba_cdc.o
                                                  build/sam_ba_monitor.o
cdc_is_rx_ready                                   build/sam_ba_cdc.o
                                                  build/sam_ba_monitor.o
cdc_putc                                          build/sam_ba_cdc.o
                                                  build/sam_ba_monitor.o
cdc_read_buf                                      build/sam_ba_cdc.o
                                                  build/sam_ba_monitor.o
cdc_read_buf_xmd                                  build/sam_ba_cdc.o
                                                  build/sam_ba_monitor.o
cdc_write_buf                                     build/sam_ba_cdc.o
                                                  build/sam_ba_monitor.o
cleanup_glue                                      c:/users/franco/appdata/local/arduino15/packages/arduino/tools/arm-none-eabi-gcc/7-2017q4/bin/../lib/gcc/arm-none-eabi/7.2.1/../../../../arm-none-eabi/lib/thumb/v6-m\libc_nano.a(lib_a-reent.o)
command                                           build/sam_ba_monitor.o
current_number                                    build/sam_ba_monitor.o
data                                              build/sam_ba_monitor.o
delay                                             build/NeoPixels.o
end                                               c:/users/franco/appdata/local/arduino15/packages/arduino/tools/arm-none-eabi-gcc/7-2017q4/bin/../lib/gcc/arm-none-eabi/7.2.1/../../../../arm-none-eabi/lib/thumb/v6-m\libnosys.a(sbrk.o)
endTime                                           build/NeoPixels.o
errno                                             c:/users/franco/appdata/local/arduino15/packages/arduino/tools/arm-none-eabi-gcc/7-2017q4/bin/../lib/gcc/arm-none-eabi/7.2.1/../../../../arm-none-eabi/lib/thumb/v6-m\libc_nano.a(lib_a-reent.o)
                                                  c:/users/franco/appdata/local/arduino15/packages/arduino/tools/arm-none-eabi-gcc/7-2017q4/bin/../lib/gcc/arm-none-eabi/7.2.1/../../../../arm-none-eabi/lib/thumb/v6-m\libc_nano.a(lib_a-sbrkr.o)
error_timeout                                     build/sam_ba_serial.o
exception_table                                   build/board_startup.o
exit                                              c:/users/franco/appdata/local/arduino15/packages/arduino/tools/arm-none-eabi-gcc/7-2017q4/bin/../lib/gcc/arm-none-eabi/7.2.1/../../../../arm-none-eabi/lib/thumb/v6-m\libc_nano.a(lib_a-exit.o)
                                                  c:/users/franco/appdata/local/arduino15/packages/arduino/tools/arm-none-eabi-gcc/7-2017q4/bin/../lib/gcc/arm-none-eabi/7.2.1/../../../../arm-none-eabi/lib/thumb/v6-m/crt0.o
extEEPROMReadChunk                                build/extEEPROM.o
                                                  build/main.o
extEEPROMWriteChunk                               build/extEEPROM.o
                                                  build/main.o
extEEPROMread                                     build/extEEPROM.o
extEEPROMwrite                                    build/extEEPROM.o
fadeAllTo                                         build/NeoPixels.o
fadeToBlack                                       build/NeoPixels.o
free                                              c:/users/franco/appdata/local/arduino15/packages/arduino/tools/arm-none-eabi-gcc/7-2017q4/bin/../lib/gcc/arm-none-eabi/7.2.1/../../../../arm-none-eabi/lib/thumb/v6-m\libc_nano.a(lib_a-malloc.o)
gOffset                                           build/NeoPixels.o
g_interrupt_enabled                               build/board_init.o
getColor32                                        build/NeoPixels.o
getPixelColor                                     build/NeoPixels.o
hardware_init_hook                                c:/users/franco/appdata/local/arduino15/packages/arduino/tools/arm-none-eabi-gcc/7-2017q4/bin/../lib/gcc/arm-none-eabi/7.2.1/../../../../arm-none-eabi/lib/thumb/v6-m/crt0.o
i                                                 build/sam_ba_monitor.o
i2c_beginTransmission                             build/board_driver_i2c.o
                                                  build/extEEPROM.o
i2c_end                                           build/board_driver_i2c.o
i2c_endTransmission                               build/board_driver_i2c.o
                                                  build/extEEPROM.o
i2c_init                                          build/board_driver_i2c.o
                                                  build/main.o
i2c_read                                          build/board_driver_i2c.o
                                                  build/extEEPROM.o
i2c_requestFrom                                   build/board_driver_i2c.o
                                                  build/extEEPROM.o
i2c_write                                         build/board_driver_i2c.o
                                                  build/extEEPROM.o
idx_rx_read                                       build/sam_ba_serial.o
idx_rx_write                                      build/sam_ba_serial.o
idx_tx_read                                       build/sam_ba_serial.o
idx_tx_write                                      build/sam_ba_serial.o
j                                                 build/sam_ba_monitor.o
ledDirection                                      build/board_driver_led.o
ledKeepValue                                      build/board_driver_led.o
ledTargetValue                                    build/board_driver_led.o
length                                            build/sam_ba_monitor.o
line_coding                                       build/sam_ba_cdc.o
                                                  build/sam_ba_usb.o
main                                              build/main.o
                                                  build/board_startup.o
                                                  c:/users/franco/appdata/local/arduino15/packages/arduino/tools/arm-none-eabi-gcc/7-2017q4/bin/../lib/gcc/arm-none-eabi/7.2.1/../../../../arm-none-eabi/lib/thumb/v6-m/crt0.o
malloc                                            c:/users/franco/appdata/local/arduino15/packages/arduino/tools/arm-none-eabi-gcc/7-2017q4/bin/../lib/gcc/arm-none-eabi/7.2.1/../../../../arm-none-eabi/lib/thumb/v6-m\libc_nano.a(lib_a-malloc.o)
                                                  c:/users/franco/appdata/local/arduino15/packages/arduino/tools/arm-none-eabi-gcc/7-2017q4/bin/../lib/gcc/arm-none-eabi/7.2.1/../../../../arm-none-eabi/lib/thumb/v6-m\libc_nano.a(lib_a-random.o)
                                                  build/NeoPixels.o
memcpy                                            c:/users/franco/appdata/local/arduino15/packages/arduino/tools/arm-none-eabi-gcc/7-2017q4/bin/../lib/gcc/arm-none-eabi/7.2.1/../../../../arm-none-eabi/lib/thumb/v6-m\libc_nano.a(lib_a-memcpy-stub.o)
                                                  build/sam_ba_monitor.o
                                                  build/board_driver_usb.o
memset                                            c:/users/franco/appdata/local/arduino15/packages/arduino/tools/arm-none-eabi-gcc/7-2017q4/bin/../lib/gcc/arm-none-eabi/7.2.1/../../../../arm-none-eabi/lib/thumb/v6-m\libc_nano.a(lib_a-memset.o)
                                                  build/board_driver_usb.o
                                                  build/NeoPixels.o
                                                  c:/users/franco/appdata/local/arduino15/packages/arduino/tools/arm-none-eabi-gcc/7-2017q4/bin/../lib/gcc/arm-none-eabi/7.2.1/../../../../arm-none-eabi/lib/thumb/v6-m/crt0.o
meteorRain                                        build/NeoPixels.o
mode_of_transfer                                  build/sam_ba_serial.o
nStrips                                           build/NeoPixels.o
numBytes                                          build/NeoPixels.o
numLEDs                                           build/NeoPixels.o
numPixels                                         build/NeoPixels.o
pin                                               build/NeoPixels.o
pixels                                            build/NeoPixels.o
pixelsBegin                                       build/NeoPixels.o
                                                  build/main.o
pixelsShow                                        build/NeoPixels.o
                                                  build/main.o
ptr                                               build/sam_ba_monitor.o
ptr_data                                          build/sam_ba_monitor.o
ptr_monitor_if                                    build/sam_ba_monitor.o
pulSketch_Start_Address                           build/main.o
rOffset                                           build/NeoPixels.o
rainbow                                           build/NeoPixels.o
rainbowAll                                        build/NeoPixels.o
random                                            c:/users/franco/appdata/local/arduino15/packages/arduino/tools/arm-none-eabi-gcc/7-2017q4/bin/../lib/gcc/arm-none-eabi/7.2.1/../../../../arm-none-eabi/lib/thumb/v6-m\libc_nano.a(lib_a-random.o)
                                                  build/NeoPixels.o
rxLEDPulse                                        build/sam_ba_monitor.o
sam_ba_cdc                                        build/sam_ba_usb.o
                                                  build/sam_ba_cdc.o
sam_ba_monitor_init                               build/sam_ba_monitor.o
                                                  build/main.o
sam_ba_monitor_run                                build/sam_ba_monitor.o
                                                  build/main.o
sam_ba_monitor_sys_tick                           build/sam_ba_monitor.o
                                                  build/main.o
sam_ba_putdata_term                               build/sam_ba_monitor.o
sam_ba_usb_CDC_Enumerate                          build/sam_ba_usb.o
                                                  build/board_driver_usb.o
serial_add_crc                                    build/sam_ba_serial.o
                                                  build/sam_ba_monitor.o
serial_close                                      build/sam_ba_serial.o
serial_getc                                       build/sam_ba_serial.o
                                                  build/sam_ba_monitor.o
serial_getdata                                    build/sam_ba_serial.o
                                                  build/sam_ba_monitor.o
serial_getdata_xmd                                build/sam_ba_serial.o
                                                  build/sam_ba_monitor.o
serial_is_rx_ready                                build/sam_ba_serial.o
                                                  build/sam_ba_monitor.o
serial_open                                       build/sam_ba_serial.o
                                                  build/main.o
serial_putc                                       build/sam_ba_serial.o
                                                  build/sam_ba_monitor.o
serial_putdata                                    build/sam_ba_serial.o
                                                  build/sam_ba_monitor.o
serial_putdata_xmd                                build/sam_ba_serial.o
                                                  build/sam_ba_monitor.o
serial_readc                                      build/sam_ba_serial.o
serial_sharp_received                             build/sam_ba_serial.o
setAll                                            build/NeoPixels.o
setBrightness                                     build/NeoPixels.o
                                                  build/main.o
setPin                                            build/NeoPixels.o
setPixelColor                                     build/NeoPixels.o
                                                  build/main.o
setPixelColorC                                    build/NeoPixels.o
size_of_data                                      build/sam_ba_serial.o
software_init_hook                                c:/users/franco/appdata/local/arduino15/packages/arduino/tools/arm-none-eabi-gcc/7-2017q4/bin/../lib/gcc/arm-none-eabi/7.2.1/../../../../arm-none-eabi/lib/thumb/v6-m/crt0.o
sp                                                build/sam_ba_monitor.o
srandom                                           c:/users/franco/appdata/local/arduino15/packages/arduino/tools/arm-none-eabi-gcc/7-2017q4/bin/../lib/gcc/arm-none-eabi/7.2.1/../../../../arm-none-eabi/lib/thumb/v6-m\libc_nano.a(lib_a-random.o)
strlen                                            c:/users/franco/appdata/local/arduino15/packages/arduino/tools/arm-none-eabi-gcc/7-2017q4/bin/../lib/gcc/arm-none-eabi/7.2.1/../../../../arm-none-eabi/lib/thumb/v6-m\libc_nano.a(lib_a-strlen.o)
                                                  build/sam_ba_usb.o
txLEDPulse                                        build/sam_ba_monitor.o
u32tmp                                            build/sam_ba_monitor.o
uart_basic_init                                   build/board_driver_serial.o
                                                  build/sam_ba_serial.o
uart_disable                                      build/board_driver_serial.o
                                                  build/sam_ba_serial.o
uart_drv_error_flag                               build/board_driver_serial.o
uart_if                                           build/sam_ba_monitor.o
uart_read_buffer_polled                           build/board_driver_serial.o
uart_read_byte                                    build/board_driver_serial.o
                                                  build/sam_ba_serial.o
uart_write_buffer_polled                          build/board_driver_serial.o
uart_write_byte                                   build/board_driver_serial.o
                                                  build/sam_ba_serial.o
udd_ep_in_cache_buffer                            build/board_driver_usb.o
udd_ep_out_cache_buffer                           build/board_driver_usb.o
                                                  build/sam_ba_usb.o
usb_endpoint_table                                build/board_driver_usb.o
usb_init                                          build/sam_ba_usb.o
usbcdc_if                                         build/sam_ba_monitor.o
